running develop
running egg_info
creating offboard_demo.egg-info
writing offboard_demo.egg-info/PKG-INFO
writing dependency_links to offboard_demo.egg-info/dependency_links.txt
writing entry points to offboard_demo.egg-info/entry_points.txt
writing requirements to offboard_demo.egg-info/requires.txt
writing top-level names to offboard_demo.egg-info/top_level.txt
writing manifest file 'offboard_demo.egg-info/SOURCES.txt'
reading manifest file 'offboard_demo.egg-info/SOURCES.txt'
writing manifest file 'offboard_demo.egg-info/SOURCES.txt'
running build_ext
Creating /repo/ws/install/lib/python3.12/site-packages/offboard-demo.egg-link (link to .)
Installing offboard_takeoff script to /repo/ws/install/lib/offboard_demo
Installing offboard_velocity script to /repo/ws/install/lib/offboard_demo

Installed /repo/ws/build/offboard_demo
running symlink_data
creating /repo/ws/install/share/ament_index
creating /repo/ws/install/share/ament_index/resource_index
creating /repo/ws/install/share/ament_index/resource_index/packages
symbolically linking /repo/ws/build/offboard_demo/resource/offboard_demo -> /repo/ws/install/share/ament_index/resource_index/packages
symbolically linking /repo/ws/build/offboard_demo/package.xml -> /repo/ws/install/share/offboard_demo
