[1.414s] Invoking command in '/repo/ws/build/offboard_demo': PYTHONPATH=/repo/ws/build/offboard_demo/prefix_override:/usr/lib/python3/dist-packages/colcon_core/task/python/colcon_distutils_commands:/repo/ws/install/lib/python3.12/site-packages:${PYTHONPATH} /usr/bin/python3 -W ignore:setup.py install is deprecated -W ignore:easy_install command is deprecated setup.py develop --editable --build-directory /repo/ws/build/offboard_demo/build --no-deps symlink_data
[1.850s] running develop
[2.080s] running egg_info
[2.080s] creating offboard_demo.egg-info
[2.100s] writing offboard_demo.egg-info/PKG-INFO
[2.100s] writing dependency_links to offboard_demo.egg-info/dependency_links.txt
[2.100s] writing entry points to offboard_demo.egg-info/entry_points.txt
[2.100s] writing requirements to offboard_demo.egg-info/requires.txt
[2.101s] writing top-level names to offboard_demo.egg-info/top_level.txt
[2.101s] writing manifest file 'offboard_demo.egg-info/SOURCES.txt'
[2.148s] reading manifest file 'offboard_demo.egg-info/SOURCES.txt'
[2.148s] writing manifest file 'offboard_demo.egg-info/SOURCES.txt'
[2.174s] running build_ext
[2.177s] Creating /repo/ws/install/lib/python3.12/site-packages/offboard-demo.egg-link (link to .)
[2.177s] Installing offboard_takeoff script to /repo/ws/install/lib/offboard_demo
[2.178s] Installing offboard_velocity script to /repo/ws/install/lib/offboard_demo
[2.179s] 
[2.181s] Installed /repo/ws/build/offboard_demo
[2.181s] running symlink_data
[2.181s] creating /repo/ws/install/share/ament_index
[2.181s] creating /repo/ws/install/share/ament_index/resource_index
[2.183s] creating /repo/ws/install/share/ament_index/resource_index/packages
[2.186s] symbolically linking /repo/ws/build/offboard_demo/resource/offboard_demo -> /repo/ws/install/share/ament_index/resource_index/packages
[2.187s] symbolically linking /repo/ws/build/offboard_demo/package.xml -> /repo/ws/install/share/offboard_demo
[2.244s] Invoked command in '/repo/ws/build/offboard_demo' returned '0': PYTHONPATH=/repo/ws/build/offboard_demo/prefix_override:/usr/lib/python3/dist-packages/colcon_core/task/python/colcon_distutils_commands:/repo/ws/install/lib/python3.12/site-packages:${PYTHONPATH} /usr/bin/python3 -W ignore:setup.py install is deprecated -W ignore:easy_install command is deprecated setup.py develop --editable --build-directory /repo/ws/build/offboard_demo/build --no-deps symlink_data
