[0.135s] DEBUG:colcon:Command line arguments: ['/usr/bin/colcon', 'build', '--symlink-install', '--merge-install']
[0.135s] DEBUG:colcon:Parsed command line arguments: Namespace(log_base=None, log_level=None, verb_name='build', build_base='build', install_base='install', merge_install=True, symlink_install=True, test_result_base=None, continue_on_error=False, executor='parallel', parallel_workers=4, event_handlers=None, ignore_user_meta=False, metas=['./colcon.meta'], base_paths=['.'], packages_ignore=None, packages_ignore_regex=None, paths=None, packages_up_to=None, packages_up_to_regex=None, packages_above=None, packages_above_and_dependencies=None, packages_above_depth=None, packages_select_by_dep=None, packages_skip_by_dep=None, packages_skip_up_to=None, packages_select_build_failed=False, packages_skip_build_finished=False, packages_select_test_failures=False, packages_skip_test_passed=False, packages_select=None, packages_skip=None, packages_select_regex=None, packages_skip_regex=None, packages_start=None, packages_end=None, cmake_args=None, cmake_target=None, cmake_target_skip_unavailable=False, cmake_clean_cache=False, cmake_clean_first=False, cmake_force_configure=False, ament_cmake_args=None, catkin_cmake_args=None, catkin_skip_building_tests=False, mixin_files=None, mixin=None, verb_parser=<colcon_mixin.mixin.mixin_argument.MixinArgumentDecorator object at 0x76aad4b33a70>, verb_extension=<colcon_core.verb.build.BuildVerb object at 0x76aad4b337d0>, main=<bound method BuildVerb.main of <colcon_core.verb.build.BuildVerb object at 0x76aad4b337d0>>, mixin_verb=('build',))
[0.184s] Level 1:colcon.colcon_core.package_discovery:discover_packages(colcon_meta) check parameters
[0.185s] Level 1:colcon.colcon_core.package_discovery:discover_packages(recursive) check parameters
[0.185s] Level 1:colcon.colcon_core.package_discovery:discover_packages(ignore) check parameters
[0.185s] Level 1:colcon.colcon_core.package_discovery:discover_packages(path) check parameters
[0.185s] Level 1:colcon.colcon_core.package_discovery:discover_packages(colcon_meta) discover
[0.185s] Level 1:colcon.colcon_core.package_discovery:discover_packages(recursive) discover
[0.185s] INFO:colcon.colcon_core.package_discovery:Crawling recursively for packages in '/repo/ws'
[0.185s] Level 1:colcon.colcon_core.package_identification:_identify(.) by extensions ['ignore', 'ignore_ament_install']
[0.185s] Level 1:colcon.colcon_core.package_identification:_identify(.) by extension 'ignore'
[0.185s] Level 1:colcon.colcon_core.package_identification:_identify(.) by extension 'ignore_ament_install'
[0.185s] Level 1:colcon.colcon_core.package_identification:_identify(.) by extensions ['colcon_pkg']
[0.185s] Level 1:colcon.colcon_core.package_identification:_identify(.) by extension 'colcon_pkg'
[0.185s] Level 1:colcon.colcon_core.package_identification:_identify(.) by extensions ['colcon_meta']
[0.185s] Level 1:colcon.colcon_core.package_identification:_identify(.) by extension 'colcon_meta'
[0.185s] Level 1:colcon.colcon_core.package_identification:_identify(.) by extensions ['ros']
[0.185s] Level 1:colcon.colcon_core.package_identification:_identify(.) by extension 'ros'
[0.217s] Level 1:colcon.colcon_core.package_identification:_identify(.) by extensions ['cmake', 'python']
[0.217s] Level 1:colcon.colcon_core.package_identification:_identify(.) by extension 'cmake'
[0.217s] Level 1:colcon.colcon_core.package_identification:_identify(.) by extension 'python'
[0.218s] Level 1:colcon.colcon_core.package_identification:_identify(.) by extensions ['python_setup_py']
[0.218s] Level 1:colcon.colcon_core.package_identification:_identify(.) by extension 'python_setup_py'
[0.218s] Level 1:colcon.colcon_core.package_identification:_identify(build) by extensions ['ignore', 'ignore_ament_install']
[0.218s] Level 1:colcon.colcon_core.package_identification:_identify(build) by extension 'ignore'
[0.218s] Level 1:colcon.colcon_core.package_identification:_identify(build) ignored
[0.218s] Level 1:colcon.colcon_core.package_identification:_identify(install) by extensions ['ignore', 'ignore_ament_install']
[0.218s] Level 1:colcon.colcon_core.package_identification:_identify(install) by extension 'ignore'
[0.218s] Level 1:colcon.colcon_core.package_identification:_identify(install) ignored
[0.219s] Level 1:colcon.colcon_core.package_identification:_identify(log) by extensions ['ignore', 'ignore_ament_install']
[0.219s] Level 1:colcon.colcon_core.package_identification:_identify(log) by extension 'ignore'
[0.219s] Level 1:colcon.colcon_core.package_identification:_identify(log) ignored
[0.219s] Level 1:colcon.colcon_core.package_identification:_identify(src) by extensions ['ignore', 'ignore_ament_install']
[0.219s] Level 1:colcon.colcon_core.package_identification:_identify(src) by extension 'ignore'
[0.219s] Level 1:colcon.colcon_core.package_identification:_identify(src) by extension 'ignore_ament_install'
[0.219s] Level 1:colcon.colcon_core.package_identification:_identify(src) by extensions ['colcon_pkg']
[0.219s] Level 1:colcon.colcon_core.package_identification:_identify(src) by extension 'colcon_pkg'
[0.219s] Level 1:colcon.colcon_core.package_identification:_identify(src) by extensions ['colcon_meta']
[0.219s] Level 1:colcon.colcon_core.package_identification:_identify(src) by extension 'colcon_meta'
[0.219s] Level 1:colcon.colcon_core.package_identification:_identify(src) by extensions ['ros']
[0.219s] Level 1:colcon.colcon_core.package_identification:_identify(src) by extension 'ros'
[0.219s] Level 1:colcon.colcon_core.package_identification:_identify(src) by extensions ['cmake', 'python']
[0.219s] Level 1:colcon.colcon_core.package_identification:_identify(src) by extension 'cmake'
[0.220s] Level 1:colcon.colcon_core.package_identification:_identify(src) by extension 'python'
[0.220s] Level 1:colcon.colcon_core.package_identification:_identify(src) by extensions ['python_setup_py']
[0.220s] Level 1:colcon.colcon_core.package_identification:_identify(src) by extension 'python_setup_py'
[0.220s] Level 1:colcon.colcon_core.package_identification:_identify(src/drone_sim) by extensions ['ignore', 'ignore_ament_install']
[0.220s] Level 1:colcon.colcon_core.package_identification:_identify(src/drone_sim) by extension 'ignore'
[0.220s] Level 1:colcon.colcon_core.package_identification:_identify(src/drone_sim) by extension 'ignore_ament_install'
[0.220s] Level 1:colcon.colcon_core.package_identification:_identify(src/drone_sim) by extensions ['colcon_pkg']
[0.220s] Level 1:colcon.colcon_core.package_identification:_identify(src/drone_sim) by extension 'colcon_pkg'
[0.220s] Level 1:colcon.colcon_core.package_identification:_identify(src/drone_sim) by extensions ['colcon_meta']
[0.220s] Level 1:colcon.colcon_core.package_identification:_identify(src/drone_sim) by extension 'colcon_meta'
[0.220s] Level 1:colcon.colcon_core.package_identification:_identify(src/drone_sim) by extensions ['ros']
[0.220s] Level 1:colcon.colcon_core.package_identification:_identify(src/drone_sim) by extension 'ros'
[0.223s] DEBUG:colcon.colcon_core.package_identification:Package 'src/drone_sim' with type 'ros.ament_cmake' and name 'drone_sim'
[0.223s] Level 1:colcon.colcon_core.package_identification:_identify(src/offboard_demo) by extensions ['ignore', 'ignore_ament_install']
[0.223s] Level 1:colcon.colcon_core.package_identification:_identify(src/offboard_demo) by extension 'ignore'
[0.223s] Level 1:colcon.colcon_core.package_identification:_identify(src/offboard_demo) by extension 'ignore_ament_install'
[0.224s] Level 1:colcon.colcon_core.package_identification:_identify(src/offboard_demo) by extensions ['colcon_pkg']
[0.224s] Level 1:colcon.colcon_core.package_identification:_identify(src/offboard_demo) by extension 'colcon_pkg'
[0.224s] Level 1:colcon.colcon_core.package_identification:_identify(src/offboard_demo) by extensions ['colcon_meta']
[0.224s] Level 1:colcon.colcon_core.package_identification:_identify(src/offboard_demo) by extension 'colcon_meta'
[0.224s] Level 1:colcon.colcon_core.package_identification:_identify(src/offboard_demo) by extensions ['ros']
[0.224s] Level 1:colcon.colcon_core.package_identification:_identify(src/offboard_demo) by extension 'ros'
[0.224s] DEBUG:colcon.colcon_core.package_identification:Package 'src/offboard_demo' with type 'ros.ament_python' and name 'offboard_demo'
[0.225s] Level 1:colcon.colcon_core.package_identification:_identify(src/px4) by extensions ['ignore', 'ignore_ament_install']
[0.225s] Level 1:colcon.colcon_core.package_identification:_identify(src/px4) by extension 'ignore'
[0.225s] Level 1:colcon.colcon_core.package_identification:_identify(src/px4) by extension 'ignore_ament_install'
[0.225s] Level 1:colcon.colcon_core.package_identification:_identify(src/px4) by extensions ['colcon_pkg']
[0.225s] Level 1:colcon.colcon_core.package_identification:_identify(src/px4) by extension 'colcon_pkg'
[0.225s] Level 1:colcon.colcon_core.package_identification:_identify(src/px4) by extensions ['colcon_meta']
[0.225s] Level 1:colcon.colcon_core.package_identification:_identify(src/px4) by extension 'colcon_meta'
[0.225s] Level 1:colcon.colcon_core.package_identification:_identify(src/px4) by extensions ['ros']
[0.225s] Level 1:colcon.colcon_core.package_identification:_identify(src/px4) by extension 'ros'
[0.226s] DEBUG:colcon.colcon_core.package_identification:Package 'src/px4' with type 'ros.ament_cmake' and name 'px4'
[0.226s] Level 1:colcon.colcon_core.package_identification:_identify(src/px4_msgs) by extensions ['ignore', 'ignore_ament_install']
[0.226s] Level 1:colcon.colcon_core.package_identification:_identify(src/px4_msgs) by extension 'ignore'
[0.226s] Level 1:colcon.colcon_core.package_identification:_identify(src/px4_msgs) by extension 'ignore_ament_install'
[0.226s] Level 1:colcon.colcon_core.package_identification:_identify(src/px4_msgs) by extensions ['colcon_pkg']
[0.226s] Level 1:colcon.colcon_core.package_identification:_identify(src/px4_msgs) by extension 'colcon_pkg'
[0.226s] Level 1:colcon.colcon_core.package_identification:_identify(src/px4_msgs) by extensions ['colcon_meta']
[0.227s] Level 1:colcon.colcon_core.package_identification:_identify(src/px4_msgs) by extension 'colcon_meta'
[0.227s] Level 1:colcon.colcon_core.package_identification:_identify(src/px4_msgs) by extensions ['ros']
[0.227s] Level 1:colcon.colcon_core.package_identification:_identify(src/px4_msgs) by extension 'ros'
[0.227s] DEBUG:colcon.colcon_core.package_identification:Package 'src/px4_msgs' with type 'ros.ament_cmake' and name 'px4_msgs'
[0.227s] Level 1:colcon.colcon_core.package_discovery:discover_packages(recursive) using defaults
[0.227s] Level 1:colcon.colcon_core.package_discovery:discover_packages(ignore) discover
[0.228s] Level 1:colcon.colcon_core.package_discovery:discover_packages(ignore) using defaults
[0.228s] Level 1:colcon.colcon_core.package_discovery:discover_packages(path) discover
[0.228s] Level 1:colcon.colcon_core.package_discovery:discover_packages(path) using defaults
[0.249s] Level 5:colcon.colcon_core.verb:set package 'drone_sim' build argument 'cmake_args' from command line to 'None'
[0.249s] Level 5:colcon.colcon_core.verb:set package 'drone_sim' build argument 'cmake_target' from command line to 'None'
[0.250s] Level 5:colcon.colcon_core.verb:set package 'drone_sim' build argument 'cmake_target_skip_unavailable' from command line to 'False'
[0.250s] Level 5:colcon.colcon_core.verb:set package 'drone_sim' build argument 'cmake_clean_cache' from command line to 'False'
[0.250s] Level 5:colcon.colcon_core.verb:set package 'drone_sim' build argument 'cmake_clean_first' from command line to 'False'
[0.250s] Level 5:colcon.colcon_core.verb:set package 'drone_sim' build argument 'cmake_force_configure' from command line to 'False'
[0.250s] Level 5:colcon.colcon_core.verb:set package 'drone_sim' build argument 'ament_cmake_args' from command line to 'None'
[0.250s] Level 5:colcon.colcon_core.verb:set package 'drone_sim' build argument 'catkin_cmake_args' from command line to 'None'
[0.250s] Level 5:colcon.colcon_core.verb:set package 'drone_sim' build argument 'catkin_skip_building_tests' from command line to 'False'
[0.250s] DEBUG:colcon.colcon_core.verb:Building package 'drone_sim' with the following arguments: {'ament_cmake_args': None, 'build_base': '/repo/ws/build/drone_sim', 'catkin_cmake_args': None, 'catkin_skip_building_tests': False, 'cmake_args': None, 'cmake_clean_cache': False, 'cmake_clean_first': False, 'cmake_force_configure': False, 'cmake_target': None, 'cmake_target_skip_unavailable': False, 'install_base': '/repo/ws/install', 'merge_install': True, 'path': '/repo/ws/src/drone_sim', 'symlink_install': True, 'test_result_base': None}
[0.250s] Level 5:colcon.colcon_core.verb:set package 'offboard_demo' build argument 'cmake_args' from command line to 'None'
[0.250s] Level 5:colcon.colcon_core.verb:set package 'offboard_demo' build argument 'cmake_target' from command line to 'None'
[0.250s] Level 5:colcon.colcon_core.verb:set package 'offboard_demo' build argument 'cmake_target_skip_unavailable' from command line to 'False'
[0.250s] Level 5:colcon.colcon_core.verb:set package 'offboard_demo' build argument 'cmake_clean_cache' from command line to 'False'
[0.250s] Level 5:colcon.colcon_core.verb:set package 'offboard_demo' build argument 'cmake_clean_first' from command line to 'False'
[0.250s] Level 5:colcon.colcon_core.verb:set package 'offboard_demo' build argument 'cmake_force_configure' from command line to 'False'
[0.250s] Level 5:colcon.colcon_core.verb:set package 'offboard_demo' build argument 'ament_cmake_args' from command line to 'None'
[0.250s] Level 5:colcon.colcon_core.verb:set package 'offboard_demo' build argument 'catkin_cmake_args' from command line to 'None'
[0.250s] Level 5:colcon.colcon_core.verb:set package 'offboard_demo' build argument 'catkin_skip_building_tests' from command line to 'False'
[0.250s] DEBUG:colcon.colcon_core.verb:Building package 'offboard_demo' with the following arguments: {'ament_cmake_args': None, 'build_base': '/repo/ws/build/offboard_demo', 'catkin_cmake_args': None, 'catkin_skip_building_tests': False, 'cmake_args': None, 'cmake_clean_cache': False, 'cmake_clean_first': False, 'cmake_force_configure': False, 'cmake_target': None, 'cmake_target_skip_unavailable': False, 'install_base': '/repo/ws/install', 'merge_install': True, 'path': '/repo/ws/src/offboard_demo', 'symlink_install': True, 'test_result_base': None}
[0.251s] Level 5:colcon.colcon_core.verb:set package 'px4' build argument 'cmake_args' from command line to 'None'
[0.251s] Level 5:colcon.colcon_core.verb:set package 'px4' build argument 'cmake_target' from command line to 'None'
[0.251s] Level 5:colcon.colcon_core.verb:set package 'px4' build argument 'cmake_target_skip_unavailable' from command line to 'False'
[0.251s] Level 5:colcon.colcon_core.verb:set package 'px4' build argument 'cmake_clean_cache' from command line to 'False'
[0.251s] Level 5:colcon.colcon_core.verb:set package 'px4' build argument 'cmake_clean_first' from command line to 'False'
[0.251s] Level 5:colcon.colcon_core.verb:set package 'px4' build argument 'cmake_force_configure' from command line to 'False'
[0.251s] Level 5:colcon.colcon_core.verb:set package 'px4' build argument 'ament_cmake_args' from command line to 'None'
[0.251s] Level 5:colcon.colcon_core.verb:set package 'px4' build argument 'catkin_cmake_args' from command line to 'None'
[0.251s] Level 5:colcon.colcon_core.verb:set package 'px4' build argument 'catkin_skip_building_tests' from command line to 'False'
[0.251s] DEBUG:colcon.colcon_core.verb:Building package 'px4' with the following arguments: {'ament_cmake_args': None, 'build_base': '/repo/ws/build/px4', 'catkin_cmake_args': None, 'catkin_skip_building_tests': False, 'cmake_args': None, 'cmake_clean_cache': False, 'cmake_clean_first': False, 'cmake_force_configure': False, 'cmake_target': None, 'cmake_target_skip_unavailable': False, 'install_base': '/repo/ws/install', 'merge_install': True, 'path': '/repo/ws/src/px4', 'symlink_install': True, 'test_result_base': None}
[0.251s] Level 5:colcon.colcon_core.verb:set package 'px4_msgs' build argument 'cmake_args' from command line to 'None'
[0.251s] Level 5:colcon.colcon_core.verb:set package 'px4_msgs' build argument 'cmake_target' from command line to 'None'
[0.251s] Level 5:colcon.colcon_core.verb:set package 'px4_msgs' build argument 'cmake_target_skip_unavailable' from command line to 'False'
[0.251s] Level 5:colcon.colcon_core.verb:set package 'px4_msgs' build argument 'cmake_clean_cache' from command line to 'False'
[0.251s] Level 5:colcon.colcon_core.verb:set package 'px4_msgs' build argument 'cmake_clean_first' from command line to 'False'
[0.251s] Level 5:colcon.colcon_core.verb:set package 'px4_msgs' build argument 'cmake_force_configure' from command line to 'False'
[0.251s] Level 5:colcon.colcon_core.verb:set package 'px4_msgs' build argument 'ament_cmake_args' from command line to 'None'
[0.251s] Level 5:colcon.colcon_core.verb:set package 'px4_msgs' build argument 'catkin_cmake_args' from command line to 'None'
[0.251s] Level 5:colcon.colcon_core.verb:set package 'px4_msgs' build argument 'catkin_skip_building_tests' from command line to 'False'
[0.251s] DEBUG:colcon.colcon_core.verb:Building package 'px4_msgs' with the following arguments: {'ament_cmake_args': None, 'build_base': '/repo/ws/build/px4_msgs', 'catkin_cmake_args': None, 'catkin_skip_building_tests': False, 'cmake_args': None, 'cmake_clean_cache': False, 'cmake_clean_first': False, 'cmake_force_configure': False, 'cmake_target': None, 'cmake_target_skip_unavailable': False, 'install_base': '/repo/ws/install', 'merge_install': True, 'path': '/repo/ws/src/px4_msgs', 'symlink_install': True, 'test_result_base': None}
[0.252s] INFO:colcon.colcon_core.executor:Executing jobs using 'parallel' executor
[0.253s] DEBUG:colcon.colcon_parallel_executor.executor.parallel:run_until_complete
[0.253s] INFO:colcon.colcon_ros.task.ament_cmake.build:Building ROS package in '/repo/ws/src/drone_sim' with build type 'ament_cmake'
[0.253s] INFO:colcon.colcon_cmake.task.cmake.build:Building CMake package in '/repo/ws/src/drone_sim'
[0.256s] INFO:colcon.colcon_core.plugin_system:Skipping extension 'colcon_core.shell.bat': Not used on non-Windows systems
[0.256s] INFO:colcon.colcon_core.shell:Skip shell extension 'powershell' for command environment: Not usable outside of PowerShell
[0.256s] DEBUG:colcon.colcon_core.shell:Skip shell extension 'dsv' for command environment
[0.261s] INFO:colcon.colcon_ros.task.ament_python.build:Building ROS package in '/repo/ws/src/offboard_demo' with build type 'ament_python'
[0.262s] Level 1:colcon.colcon_core.shell:create_environment_hook('offboard_demo', 'ament_prefix_path')
[0.262s] INFO:colcon.colcon_core.shell:Creating environment hook '/repo/ws/install/share/offboard_demo/hook/ament_prefix_path.ps1'
[0.263s] INFO:colcon.colcon_core.shell:Creating environment descriptor '/repo/ws/install/share/offboard_demo/hook/ament_prefix_path.dsv'
[0.263s] INFO:colcon.colcon_core.shell:Creating environment hook '/repo/ws/install/share/offboard_demo/hook/ament_prefix_path.sh'
[0.264s] INFO:colcon.colcon_core.shell:Skip shell extension 'powershell' for command environment: Not usable outside of PowerShell
[0.264s] DEBUG:colcon.colcon_core.shell:Skip shell extension 'dsv' for command environment
[0.268s] INFO:colcon.colcon_ros.task.ament_cmake.build:Building ROS package in '/repo/ws/src/px4' with build type 'ament_cmake'
[0.268s] INFO:colcon.colcon_cmake.task.cmake.build:Building CMake package in '/repo/ws/src/px4'
[0.269s] INFO:colcon.colcon_core.shell:Skip shell extension 'powershell' for command environment: Not usable outside of PowerShell
[0.269s] DEBUG:colcon.colcon_core.shell:Skip shell extension 'dsv' for command environment
[0.273s] INFO:colcon.colcon_ros.task.ament_cmake.build:Building ROS package in '/repo/ws/src/px4_msgs' with build type 'ament_cmake'
[0.273s] INFO:colcon.colcon_cmake.task.cmake.build:Building CMake package in '/repo/ws/src/px4_msgs'
[0.274s] INFO:colcon.colcon_core.shell:Skip shell extension 'powershell' for command environment: Not usable outside of PowerShell
[0.274s] DEBUG:colcon.colcon_core.shell:Skip shell extension 'dsv' for command environment
[0.282s] DEBUG:colcon.colcon_core.event_handler.log_command:Invoking command in '/repo/ws/build/drone_sim': CMAKE_PREFIX_PATH=${CMAKE_PREFIX_PATH}:/opt/ros/jazzy /usr/bin/cmake --build /repo/ws/build/drone_sim -- -j4 -l4
[0.539s] INFO:colcon.colcon_core.task.python.build:Building Python package in '/repo/ws/src/offboard_demo'
[0.540s] INFO:colcon.colcon_core.shell:Skip shell extension 'powershell' for command environment: Not usable outside of PowerShell
[0.540s] DEBUG:colcon.colcon_core.shell:Skip shell extension 'dsv' for command environment
[0.547s] DEBUG:colcon.colcon_core.event_handler.log_command:Invoking command in '/repo/ws/build/px4': CMAKE_PREFIX_PATH=${CMAKE_PREFIX_PATH}:/opt/ros/jazzy /usr/bin/cmake --build /repo/ws/build/px4 -- -j4 -l4
[0.549s] DEBUG:colcon.colcon_core.event_handler.log_command:Invoked command in '/repo/ws/build/drone_sim' returned '0': CMAKE_PREFIX_PATH=${CMAKE_PREFIX_PATH}:/opt/ros/jazzy /usr/bin/cmake --build /repo/ws/build/drone_sim -- -j4 -l4
[0.563s] DEBUG:colcon.colcon_core.event_handler.log_command:Invoking command in '/repo/ws/build/drone_sim': CMAKE_PREFIX_PATH=${CMAKE_PREFIX_PATH}:/opt/ros/jazzy /usr/bin/cmake --install /repo/ws/build/drone_sim
[0.565s] DEBUG:colcon.colcon_core.event_handler.log_command:Invoking command in '/repo/ws/build/px4_msgs': CMAKE_PREFIX_PATH=${CMAKE_PREFIX_PATH}:/opt/ros/jazzy /usr/bin/cmake --build /repo/ws/build/px4_msgs -- -j4 -l4
[0.605s] Level 1:colcon.colcon_core.environment:create_environment_scripts_only(drone_sim)
[0.608s] Level 1:colcon.colcon_core.environment:checking '/repo/ws/install' for CMake module files
[0.611s] DEBUG:colcon.colcon_core.event_handler.log_command:Invoked command in '/repo/ws/build/drone_sim' returned '0': CMAKE_PREFIX_PATH=${CMAKE_PREFIX_PATH}:/opt/ros/jazzy /usr/bin/cmake --install /repo/ws/build/drone_sim
[0.613s] Level 1:colcon.colcon_core.environment:checking '/repo/ws/install' for CMake config files
[0.621s] Level 1:colcon.colcon_core.shell:create_environment_hook('drone_sim', 'cmake_prefix_path')
[0.622s] INFO:colcon.colcon_core.shell:Creating environment hook '/repo/ws/install/share/drone_sim/hook/cmake_prefix_path.ps1'
[0.622s] INFO:colcon.colcon_core.shell:Creating environment descriptor '/repo/ws/install/share/drone_sim/hook/cmake_prefix_path.dsv'
[0.623s] INFO:colcon.colcon_core.shell:Creating environment hook '/repo/ws/install/share/drone_sim/hook/cmake_prefix_path.sh'
[0.624s] Level 1:colcon.colcon_core.environment:checking '/repo/ws/install/lib'
[0.624s] Level 1:colcon.colcon_core.shell:create_environment_hook('drone_sim', 'ld_library_path_lib')
[0.625s] INFO:colcon.colcon_core.shell:Creating environment hook '/repo/ws/install/share/drone_sim/hook/ld_library_path_lib.ps1'
[0.625s] INFO:colcon.colcon_core.shell:Creating environment descriptor '/repo/ws/install/share/drone_sim/hook/ld_library_path_lib.dsv'
[0.626s] INFO:colcon.colcon_core.shell:Creating environment hook '/repo/ws/install/share/drone_sim/hook/ld_library_path_lib.sh'
[0.626s] Level 1:colcon.colcon_core.environment:checking '/repo/ws/install/bin'
[0.626s] Level 1:colcon.colcon_core.environment:checking '/repo/ws/install/lib/pkgconfig/drone_sim.pc'
[0.627s] Level 1:colcon.colcon_core.environment:checking '/repo/ws/install/lib/python3.12/site-packages'
[0.627s] Level 1:colcon.colcon_core.shell:create_environment_hook('drone_sim', 'pythonpath')
[0.627s] INFO:colcon.colcon_core.shell:Creating environment hook '/repo/ws/install/share/drone_sim/hook/pythonpath.ps1'
[0.628s] INFO:colcon.colcon_core.shell:Creating environment descriptor '/repo/ws/install/share/drone_sim/hook/pythonpath.dsv'
[0.628s] INFO:colcon.colcon_core.shell:Creating environment hook '/repo/ws/install/share/drone_sim/hook/pythonpath.sh'
[0.629s] Level 1:colcon.colcon_core.environment:checking '/repo/ws/install/bin'
[0.630s] INFO:colcon.colcon_core.shell:Creating package script '/repo/ws/install/share/drone_sim/package.ps1'
[0.631s] INFO:colcon.colcon_core.shell:Creating package descriptor '/repo/ws/install/share/drone_sim/package.dsv'
[0.632s] INFO:colcon.colcon_core.shell:Creating package script '/repo/ws/install/share/drone_sim/package.sh'
[0.633s] INFO:colcon.colcon_core.shell:Creating package script '/repo/ws/install/share/drone_sim/package.bash'
[0.634s] INFO:colcon.colcon_core.shell:Creating package script '/repo/ws/install/share/drone_sim/package.zsh'
[0.634s] Level 1:colcon.colcon_core.environment:create_file_with_runtime_dependencies(/repo/ws/install/share/colcon-core/packages/drone_sim)
[0.635s] Level 1:colcon.colcon_core.environment:create_environment_scripts_only(drone_sim)
[0.637s] Level 1:colcon.colcon_core.environment:checking '/repo/ws/install' for CMake module files
[0.638s] Level 1:colcon.colcon_core.environment:checking '/repo/ws/install' for CMake config files
[0.647s] Level 1:colcon.colcon_core.shell:create_environment_hook('drone_sim', 'cmake_prefix_path')
[0.647s] INFO:colcon.colcon_core.shell:Creating environment hook '/repo/ws/install/share/drone_sim/hook/cmake_prefix_path.ps1'
[0.648s] INFO:colcon.colcon_core.shell:Creating environment descriptor '/repo/ws/install/share/drone_sim/hook/cmake_prefix_path.dsv'
[0.648s] INFO:colcon.colcon_core.shell:Creating environment hook '/repo/ws/install/share/drone_sim/hook/cmake_prefix_path.sh'
[0.649s] Level 1:colcon.colcon_core.environment:checking '/repo/ws/install/lib'
[0.650s] Level 1:colcon.colcon_core.shell:create_environment_hook('drone_sim', 'ld_library_path_lib')
[0.650s] INFO:colcon.colcon_core.shell:Creating environment hook '/repo/ws/install/share/drone_sim/hook/ld_library_path_lib.ps1'
[0.651s] INFO:colcon.colcon_core.shell:Creating environment descriptor '/repo/ws/install/share/drone_sim/hook/ld_library_path_lib.dsv'
[0.652s] INFO:colcon.colcon_core.shell:Creating environment hook '/repo/ws/install/share/drone_sim/hook/ld_library_path_lib.sh'
[0.652s] Level 1:colcon.colcon_core.environment:checking '/repo/ws/install/bin'
[0.652s] Level 1:colcon.colcon_core.environment:checking '/repo/ws/install/lib/pkgconfig/drone_sim.pc'
[0.653s] Level 1:colcon.colcon_core.environment:checking '/repo/ws/install/lib/python3.12/site-packages'
[0.653s] Level 1:colcon.colcon_core.shell:create_environment_hook('drone_sim', 'pythonpath')
[0.653s] INFO:colcon.colcon_core.shell:Creating environment hook '/repo/ws/install/share/drone_sim/hook/pythonpath.ps1'
[0.654s] INFO:colcon.colcon_core.shell:Creating environment descriptor '/repo/ws/install/share/drone_sim/hook/pythonpath.dsv'
[0.655s] INFO:colcon.colcon_core.shell:Creating environment hook '/repo/ws/install/share/drone_sim/hook/pythonpath.sh'
[0.656s] Level 1:colcon.colcon_core.environment:checking '/repo/ws/install/bin'
[0.657s] INFO:colcon.colcon_core.shell:Creating package script '/repo/ws/install/share/drone_sim/package.ps1'
[0.658s] INFO:colcon.colcon_core.shell:Creating package descriptor '/repo/ws/install/share/drone_sim/package.dsv'
[0.659s] INFO:colcon.colcon_core.shell:Creating package script '/repo/ws/install/share/drone_sim/package.sh'
[0.660s] INFO:colcon.colcon_core.shell:Creating package script '/repo/ws/install/share/drone_sim/package.bash'
[0.660s] INFO:colcon.colcon_core.shell:Creating package script '/repo/ws/install/share/drone_sim/package.zsh'
[0.661s] Level 1:colcon.colcon_core.environment:create_file_with_runtime_dependencies(/repo/ws/install/share/colcon-core/packages/drone_sim)
[1.238s] DEBUG:colcon.colcon_core.event_handler.log_command:Invoking command in '/repo/ws/build/offboard_demo': PYTHONPATH=/repo/ws/build/offboard_demo/prefix_override:/usr/lib/python3/dist-packages/colcon_core/task/python/colcon_distutils_commands:/repo/ws/install/lib/python3.12/site-packages:${PYTHONPATH} /usr/bin/python3 -W ignore:setup.py install is deprecated -W ignore:easy_install command is deprecated setup.py develop --editable --build-directory /repo/ws/build/offboard_demo/build --no-deps symlink_data
[2.091s] Level 1:colcon.colcon_core.shell:create_environment_hook('offboard_demo', 'pythonpath_develop')
[2.092s] INFO:colcon.colcon_core.shell:Creating environment hook '/repo/ws/build/offboard_demo/share/offboard_demo/hook/pythonpath_develop.ps1'
[2.092s] DEBUG:colcon.colcon_core.event_handler.log_command:Invoked command in '/repo/ws/build/offboard_demo' returned '0': PYTHONPATH=/repo/ws/build/offboard_demo/prefix_override:/usr/lib/python3/dist-packages/colcon_core/task/python/colcon_distutils_commands:/repo/ws/install/lib/python3.12/site-packages:${PYTHONPATH} /usr/bin/python3 -W ignore:setup.py install is deprecated -W ignore:easy_install command is deprecated setup.py develop --editable --build-directory /repo/ws/build/offboard_demo/build --no-deps symlink_data
[2.093s] INFO:colcon.colcon_core.shell:Creating environment descriptor '/repo/ws/build/offboard_demo/share/offboard_demo/hook/pythonpath_develop.dsv'
[2.094s] INFO:colcon.colcon_core.shell:Creating environment hook '/repo/ws/build/offboard_demo/share/offboard_demo/hook/pythonpath_develop.sh'
[2.095s] Level 1:colcon.colcon_core.environment:checking '/repo/ws/install' for CMake module files
[2.095s] Level 1:colcon.colcon_core.environment:checking '/repo/ws/install' for CMake config files
[2.105s] Level 1:colcon.colcon_core.shell:create_environment_hook('offboard_demo', 'cmake_prefix_path')
[2.106s] INFO:colcon.colcon_core.shell:Creating environment hook '/repo/ws/install/share/offboard_demo/hook/cmake_prefix_path.ps1'
[2.106s] INFO:colcon.colcon_core.shell:Creating environment descriptor '/repo/ws/install/share/offboard_demo/hook/cmake_prefix_path.dsv'
[2.107s] INFO:colcon.colcon_core.shell:Creating environment hook '/repo/ws/install/share/offboard_demo/hook/cmake_prefix_path.sh'
[2.107s] Level 1:colcon.colcon_core.environment:checking '/repo/ws/install/lib'
[2.107s] Level 1:colcon.colcon_core.shell:create_environment_hook('offboard_demo', 'ld_library_path_lib')
[2.108s] INFO:colcon.colcon_core.shell:Creating environment hook '/repo/ws/install/share/offboard_demo/hook/ld_library_path_lib.ps1'
[2.108s] INFO:colcon.colcon_core.shell:Creating environment descriptor '/repo/ws/install/share/offboard_demo/hook/ld_library_path_lib.dsv'
[2.109s] INFO:colcon.colcon_core.shell:Creating environment hook '/repo/ws/install/share/offboard_demo/hook/ld_library_path_lib.sh'
[2.109s] Level 1:colcon.colcon_core.environment:checking '/repo/ws/install/bin'
[2.109s] Level 1:colcon.colcon_core.environment:checking '/repo/ws/install/lib/pkgconfig/offboard_demo.pc'
[2.110s] Level 1:colcon.colcon_core.environment:checking '/repo/ws/install/lib/python3.12/site-packages'
[2.110s] Level 1:colcon.colcon_core.shell:create_environment_hook('offboard_demo', 'pythonpath')
[2.110s] INFO:colcon.colcon_core.shell:Creating environment hook '/repo/ws/install/share/offboard_demo/hook/pythonpath.ps1'
[2.111s] INFO:colcon.colcon_core.shell:Creating environment descriptor '/repo/ws/install/share/offboard_demo/hook/pythonpath.dsv'
[2.111s] INFO:colcon.colcon_core.shell:Creating environment hook '/repo/ws/install/share/offboard_demo/hook/pythonpath.sh'
[2.112s] Level 1:colcon.colcon_core.environment:checking '/repo/ws/install/bin'
[2.112s] Level 1:colcon.colcon_core.environment:create_environment_scripts_only(offboard_demo)
[2.113s] INFO:colcon.colcon_core.shell:Creating package script '/repo/ws/install/share/offboard_demo/package.ps1'
[2.113s] INFO:colcon.colcon_core.shell:Creating package descriptor '/repo/ws/install/share/offboard_demo/package.dsv'
[2.114s] INFO:colcon.colcon_core.shell:Creating package script '/repo/ws/install/share/offboard_demo/package.sh'
[2.115s] INFO:colcon.colcon_core.shell:Creating package script '/repo/ws/install/share/offboard_demo/package.bash'
[2.116s] INFO:colcon.colcon_core.shell:Creating package script '/repo/ws/install/share/offboard_demo/package.zsh'
[2.116s] Level 1:colcon.colcon_core.environment:create_file_with_runtime_dependencies(/repo/ws/install/share/colcon-core/packages/offboard_demo)
[3.191s] DEBUG:colcon.colcon_core.event_handler.log_command:Invoked command in '/repo/ws/build/px4' returned '0': CMAKE_PREFIX_PATH=${CMAKE_PREFIX_PATH}:/opt/ros/jazzy /usr/bin/cmake --build /repo/ws/build/px4 -- -j4 -l4
[3.194s] DEBUG:colcon.colcon_core.event_handler.log_command:Invoking command in '/repo/ws/build/px4': CMAKE_PREFIX_PATH=${CMAKE_PREFIX_PATH}:/opt/ros/jazzy /usr/bin/cmake --install /repo/ws/build/px4
[4.230s] Level 1:colcon.colcon_core.environment:create_environment_scripts_only(px4)
[4.230s] Level 1:colcon.colcon_core.environment:checking '/repo/ws/install' for CMake module files
[4.230s] DEBUG:colcon.colcon_core.event_handler.log_command:Invoked command in '/repo/ws/build/px4' returned '0': CMAKE_PREFIX_PATH=${CMAKE_PREFIX_PATH}:/opt/ros/jazzy /usr/bin/cmake --install /repo/ws/build/px4
[4.231s] Level 1:colcon.colcon_core.environment:checking '/repo/ws/install' for CMake config files
[4.241s] Level 1:colcon.colcon_core.shell:create_environment_hook('px4', 'cmake_prefix_path')
[4.241s] INFO:colcon.colcon_core.shell:Creating environment hook '/repo/ws/install/share/px4/hook/cmake_prefix_path.ps1'
[4.241s] INFO:colcon.colcon_core.shell:Creating environment descriptor '/repo/ws/install/share/px4/hook/cmake_prefix_path.dsv'
[4.242s] INFO:colcon.colcon_core.shell:Creating environment hook '/repo/ws/install/share/px4/hook/cmake_prefix_path.sh'
[4.242s] Level 1:colcon.colcon_core.environment:checking '/repo/ws/install/lib'
[4.243s] Level 1:colcon.colcon_core.shell:create_environment_hook('px4', 'ld_library_path_lib')
[4.243s] INFO:colcon.colcon_core.shell:Creating environment hook '/repo/ws/install/share/px4/hook/ld_library_path_lib.ps1'
[4.243s] INFO:colcon.colcon_core.shell:Creating environment descriptor '/repo/ws/install/share/px4/hook/ld_library_path_lib.dsv'
[4.244s] INFO:colcon.colcon_core.shell:Creating environment hook '/repo/ws/install/share/px4/hook/ld_library_path_lib.sh'
[4.244s] Level 1:colcon.colcon_core.environment:checking '/repo/ws/install/bin'
[4.244s] Level 1:colcon.colcon_core.environment:checking '/repo/ws/install/lib/pkgconfig/px4.pc'
[4.245s] Level 1:colcon.colcon_core.environment:checking '/repo/ws/install/lib/python3.12/site-packages'
[4.245s] Level 1:colcon.colcon_core.shell:create_environment_hook('px4', 'pythonpath')
[4.245s] INFO:colcon.colcon_core.shell:Creating environment hook '/repo/ws/install/share/px4/hook/pythonpath.ps1'
[4.246s] INFO:colcon.colcon_core.shell:Creating environment descriptor '/repo/ws/install/share/px4/hook/pythonpath.dsv'
[4.246s] INFO:colcon.colcon_core.shell:Creating environment hook '/repo/ws/install/share/px4/hook/pythonpath.sh'
[4.247s] Level 1:colcon.colcon_core.environment:checking '/repo/ws/install/bin'
[4.247s] INFO:colcon.colcon_core.shell:Creating package script '/repo/ws/install/share/px4/package.ps1'
[4.248s] INFO:colcon.colcon_core.shell:Creating package descriptor '/repo/ws/install/share/px4/package.dsv'
[4.248s] INFO:colcon.colcon_core.shell:Creating package script '/repo/ws/install/share/px4/package.sh'
[4.249s] INFO:colcon.colcon_core.shell:Creating package script '/repo/ws/install/share/px4/package.bash'
[4.249s] INFO:colcon.colcon_core.shell:Creating package script '/repo/ws/install/share/px4/package.zsh'
[4.250s] Level 1:colcon.colcon_core.environment:create_file_with_runtime_dependencies(/repo/ws/install/share/colcon-core/packages/px4)
[4.252s] Level 1:colcon.colcon_core.environment:create_environment_scripts_only(px4)
[4.252s] Level 1:colcon.colcon_core.environment:checking '/repo/ws/install' for CMake module files
[4.253s] Level 1:colcon.colcon_core.environment:checking '/repo/ws/install' for CMake config files
[4.262s] Level 1:colcon.colcon_core.shell:create_environment_hook('px4', 'cmake_prefix_path')
[4.262s] INFO:colcon.colcon_core.shell:Creating environment hook '/repo/ws/install/share/px4/hook/cmake_prefix_path.ps1'
[4.263s] INFO:colcon.colcon_core.shell:Creating environment descriptor '/repo/ws/install/share/px4/hook/cmake_prefix_path.dsv'
[4.263s] INFO:colcon.colcon_core.shell:Creating environment hook '/repo/ws/install/share/px4/hook/cmake_prefix_path.sh'
[4.264s] Level 1:colcon.colcon_core.environment:checking '/repo/ws/install/lib'
[4.264s] Level 1:colcon.colcon_core.shell:create_environment_hook('px4', 'ld_library_path_lib')
[4.264s] INFO:colcon.colcon_core.shell:Creating environment hook '/repo/ws/install/share/px4/hook/ld_library_path_lib.ps1'
[4.264s] INFO:colcon.colcon_core.shell:Creating environment descriptor '/repo/ws/install/share/px4/hook/ld_library_path_lib.dsv'
[4.265s] INFO:colcon.colcon_core.shell:Creating environment hook '/repo/ws/install/share/px4/hook/ld_library_path_lib.sh'
[4.265s] Level 1:colcon.colcon_core.environment:checking '/repo/ws/install/bin'
[4.265s] Level 1:colcon.colcon_core.environment:checking '/repo/ws/install/lib/pkgconfig/px4.pc'
[4.266s] Level 1:colcon.colcon_core.environment:checking '/repo/ws/install/lib/python3.12/site-packages'
[4.266s] Level 1:colcon.colcon_core.shell:create_environment_hook('px4', 'pythonpath')
[4.266s] INFO:colcon.colcon_core.shell:Creating environment hook '/repo/ws/install/share/px4/hook/pythonpath.ps1'
[4.267s] INFO:colcon.colcon_core.shell:Creating environment descriptor '/repo/ws/install/share/px4/hook/pythonpath.dsv'
[4.267s] INFO:colcon.colcon_core.shell:Creating environment hook '/repo/ws/install/share/px4/hook/pythonpath.sh'
[4.268s] Level 1:colcon.colcon_core.environment:checking '/repo/ws/install/bin'
[4.268s] INFO:colcon.colcon_core.shell:Creating package script '/repo/ws/install/share/px4/package.ps1'
[4.270s] INFO:colcon.colcon_core.shell:Creating package descriptor '/repo/ws/install/share/px4/package.dsv'
[4.270s] INFO:colcon.colcon_core.shell:Creating package script '/repo/ws/install/share/px4/package.sh'
[4.271s] INFO:colcon.colcon_core.shell:Creating package script '/repo/ws/install/share/px4/package.bash'
[4.271s] INFO:colcon.colcon_core.shell:Creating package script '/repo/ws/install/share/px4/package.zsh'
[4.272s] Level 1:colcon.colcon_core.environment:create_file_with_runtime_dependencies(/repo/ws/install/share/colcon-core/packages/px4)
[5.228s] DEBUG:colcon.colcon_core.event_handler.log_command:Invoked command in '/repo/ws/build/px4_msgs' returned '0': CMAKE_PREFIX_PATH=${CMAKE_PREFIX_PATH}:/opt/ros/jazzy /usr/bin/cmake --build /repo/ws/build/px4_msgs -- -j4 -l4
[5.229s] DEBUG:colcon.colcon_core.event_handler.log_command:Invoking command in '/repo/ws/build/px4_msgs': CMAKE_PREFIX_PATH=${CMAKE_PREFIX_PATH}:/opt/ros/jazzy /usr/bin/cmake --install /repo/ws/build/px4_msgs
[6.237s] Level 1:colcon.colcon_core.environment:create_environment_scripts_only(px4_msgs)
[6.238s] Level 1:colcon.colcon_core.environment:checking '/repo/ws/install' for CMake module files
[6.238s] DEBUG:colcon.colcon_core.event_handler.log_command:Invoked command in '/repo/ws/build/px4_msgs' returned '0': CMAKE_PREFIX_PATH=${CMAKE_PREFIX_PATH}:/opt/ros/jazzy /usr/bin/cmake --install /repo/ws/build/px4_msgs
[6.239s] Level 1:colcon.colcon_core.environment:checking '/repo/ws/install' for CMake config files
[6.248s] Level 1:colcon.colcon_core.shell:create_environment_hook('px4_msgs', 'cmake_prefix_path')
[6.248s] INFO:colcon.colcon_core.shell:Creating environment hook '/repo/ws/install/share/px4_msgs/hook/cmake_prefix_path.ps1'
[6.249s] INFO:colcon.colcon_core.shell:Creating environment descriptor '/repo/ws/install/share/px4_msgs/hook/cmake_prefix_path.dsv'
[6.250s] INFO:colcon.colcon_core.shell:Creating environment hook '/repo/ws/install/share/px4_msgs/hook/cmake_prefix_path.sh'
[6.251s] Level 1:colcon.colcon_core.environment:checking '/repo/ws/install/lib'
[6.251s] Level 1:colcon.colcon_core.shell:create_environment_hook('px4_msgs', 'ld_library_path_lib')
[6.251s] INFO:colcon.colcon_core.shell:Creating environment hook '/repo/ws/install/share/px4_msgs/hook/ld_library_path_lib.ps1'
[6.251s] INFO:colcon.colcon_core.shell:Creating environment descriptor '/repo/ws/install/share/px4_msgs/hook/ld_library_path_lib.dsv'
[6.252s] INFO:colcon.colcon_core.shell:Creating environment hook '/repo/ws/install/share/px4_msgs/hook/ld_library_path_lib.sh'
[6.252s] Level 1:colcon.colcon_core.environment:checking '/repo/ws/install/bin'
[6.252s] Level 1:colcon.colcon_core.environment:checking '/repo/ws/install/lib/pkgconfig/px4_msgs.pc'
[6.253s] Level 1:colcon.colcon_core.environment:checking '/repo/ws/install/lib/python3.12/site-packages'
[6.253s] Level 1:colcon.colcon_core.shell:create_environment_hook('px4_msgs', 'pythonpath')
[6.253s] INFO:colcon.colcon_core.shell:Creating environment hook '/repo/ws/install/share/px4_msgs/hook/pythonpath.ps1'
[6.254s] INFO:colcon.colcon_core.shell:Creating environment descriptor '/repo/ws/install/share/px4_msgs/hook/pythonpath.dsv'
[6.254s] INFO:colcon.colcon_core.shell:Creating environment hook '/repo/ws/install/share/px4_msgs/hook/pythonpath.sh'
[6.255s] Level 1:colcon.colcon_core.environment:checking '/repo/ws/install/bin'
[6.255s] INFO:colcon.colcon_core.shell:Creating package script '/repo/ws/install/share/px4_msgs/package.ps1'
[6.256s] INFO:colcon.colcon_core.shell:Creating package descriptor '/repo/ws/install/share/px4_msgs/package.dsv'
[6.257s] INFO:colcon.colcon_core.shell:Creating package script '/repo/ws/install/share/px4_msgs/package.sh'
[6.257s] INFO:colcon.colcon_core.shell:Creating package script '/repo/ws/install/share/px4_msgs/package.bash'
[6.258s] INFO:colcon.colcon_core.shell:Creating package script '/repo/ws/install/share/px4_msgs/package.zsh'
[6.258s] Level 1:colcon.colcon_core.environment:create_file_with_runtime_dependencies(/repo/ws/install/share/colcon-core/packages/px4_msgs)
[6.259s] Level 1:colcon.colcon_core.environment:create_environment_scripts_only(px4_msgs)
[6.259s] Level 1:colcon.colcon_core.environment:checking '/repo/ws/install' for CMake module files
[6.260s] Level 1:colcon.colcon_core.environment:checking '/repo/ws/install' for CMake config files
[6.269s] Level 1:colcon.colcon_core.shell:create_environment_hook('px4_msgs', 'cmake_prefix_path')
[6.269s] INFO:colcon.colcon_core.shell:Creating environment hook '/repo/ws/install/share/px4_msgs/hook/cmake_prefix_path.ps1'
[6.270s] INFO:colcon.colcon_core.shell:Creating environment descriptor '/repo/ws/install/share/px4_msgs/hook/cmake_prefix_path.dsv'
[6.271s] INFO:colcon.colcon_core.shell:Creating environment hook '/repo/ws/install/share/px4_msgs/hook/cmake_prefix_path.sh'
[6.272s] Level 1:colcon.colcon_core.environment:checking '/repo/ws/install/lib'
[6.272s] Level 1:colcon.colcon_core.shell:create_environment_hook('px4_msgs', 'ld_library_path_lib')
[6.272s] INFO:colcon.colcon_core.shell:Creating environment hook '/repo/ws/install/share/px4_msgs/hook/ld_library_path_lib.ps1'
[6.273s] INFO:colcon.colcon_core.shell:Creating environment descriptor '/repo/ws/install/share/px4_msgs/hook/ld_library_path_lib.dsv'
[6.273s] INFO:colcon.colcon_core.shell:Creating environment hook '/repo/ws/install/share/px4_msgs/hook/ld_library_path_lib.sh'
[6.274s] Level 1:colcon.colcon_core.environment:checking '/repo/ws/install/bin'
[6.274s] Level 1:colcon.colcon_core.environment:checking '/repo/ws/install/lib/pkgconfig/px4_msgs.pc'
[6.274s] Level 1:colcon.colcon_core.environment:checking '/repo/ws/install/lib/python3.12/site-packages'
[6.274s] Level 1:colcon.colcon_core.shell:create_environment_hook('px4_msgs', 'pythonpath')
[6.274s] INFO:colcon.colcon_core.shell:Creating environment hook '/repo/ws/install/share/px4_msgs/hook/pythonpath.ps1'
[6.275s] INFO:colcon.colcon_core.shell:Creating environment descriptor '/repo/ws/install/share/px4_msgs/hook/pythonpath.dsv'
[6.275s] INFO:colcon.colcon_core.shell:Creating environment hook '/repo/ws/install/share/px4_msgs/hook/pythonpath.sh'
[6.276s] Level 1:colcon.colcon_core.environment:checking '/repo/ws/install/bin'
[6.277s] INFO:colcon.colcon_core.shell:Creating package script '/repo/ws/install/share/px4_msgs/package.ps1'
[6.277s] INFO:colcon.colcon_core.shell:Creating package descriptor '/repo/ws/install/share/px4_msgs/package.dsv'
[6.278s] INFO:colcon.colcon_core.shell:Creating package script '/repo/ws/install/share/px4_msgs/package.sh'
[6.279s] INFO:colcon.colcon_core.shell:Creating package script '/repo/ws/install/share/px4_msgs/package.bash'
[6.279s] INFO:colcon.colcon_core.shell:Creating package script '/repo/ws/install/share/px4_msgs/package.zsh'
[6.280s] Level 1:colcon.colcon_core.environment:create_file_with_runtime_dependencies(/repo/ws/install/share/colcon-core/packages/px4_msgs)
[6.280s] DEBUG:colcon.colcon_parallel_executor.executor.parallel:closing loop
[6.281s] DEBUG:colcon.colcon_parallel_executor.executor.parallel:loop closed
[6.281s] DEBUG:colcon.colcon_parallel_executor.executor.parallel:run_until_complete finished with '0'
[6.281s] DEBUG:colcon.colcon_core.event_reactor:joining thread
[6.292s] INFO:colcon.colcon_core.plugin_system:Skipping extension 'colcon_notification.desktop_notification.notify_send': Could not find 'notify-send'
[6.292s] INFO:colcon.colcon_core.plugin_system:Skipping extension 'colcon_notification.desktop_notification.terminal_notifier': Not used on non-Darwin systems
[6.292s] INFO:colcon.colcon_core.plugin_system:Skipping extension 'colcon_notification.desktop_notification.win32': Not used on non-Windows systems
[6.292s] INFO:colcon.colcon_notification.desktop_notification:Sending desktop notification using 'notify2'
[6.293s] DEBUG:colcon.colcon_notification.desktop_notification.notify2:Failed to initialize notify2: org.freedesktop.DBus.Error.NotSupported: Unable to autolaunch a dbus-daemon without a $DISPLAY for X11
[6.293s] DEBUG:colcon.colcon_core.event_reactor:joined thread
[6.293s] INFO:colcon.colcon_core.shell:Creating prefix script '/repo/ws/install/local_setup.ps1'
[6.294s] INFO:colcon.colcon_core.shell:Creating prefix util module '/repo/ws/install/_local_setup_util_ps1.py'
[6.296s] INFO:colcon.colcon_core.shell:Creating prefix chain script '/repo/ws/install/setup.ps1'
[6.297s] INFO:colcon.colcon_core.shell:Creating prefix script '/repo/ws/install/local_setup.sh'
[6.297s] INFO:colcon.colcon_core.shell:Creating prefix util module '/repo/ws/install/_local_setup_util_sh.py'
[6.298s] INFO:colcon.colcon_core.shell:Creating prefix chain script '/repo/ws/install/setup.sh'
[6.299s] INFO:colcon.colcon_core.shell:Creating prefix script '/repo/ws/install/local_setup.bash'
[6.300s] INFO:colcon.colcon_core.shell:Creating prefix chain script '/repo/ws/install/setup.bash'
[6.302s] INFO:colcon.colcon_core.shell:Creating prefix script '/repo/ws/install/local_setup.zsh'
[6.303s] INFO:colcon.colcon_core.shell:Creating prefix chain script '/repo/ws/install/setup.zsh'
