[0.129s] DEBUG:colcon:Command line arguments: ['/usr/bin/colcon', 'build', '--symlink-install', '--merge-install']
[0.129s] DEBUG:colcon:Parsed command line arguments: Namespace(log_base=None, log_level=None, verb_name='build', build_base='build', install_base='install', merge_install=True, symlink_install=True, test_result_base=None, continue_on_error=False, executor='parallel', parallel_workers=4, event_handlers=None, ignore_user_meta=False, metas=['./colcon.meta'], base_paths=['.'], packages_ignore=None, packages_ignore_regex=None, paths=None, packages_up_to=None, packages_up_to_regex=None, packages_above=None, packages_above_and_dependencies=None, packages_above_depth=None, packages_select_by_dep=None, packages_skip_by_dep=None, packages_skip_up_to=None, packages_select_build_failed=False, packages_skip_build_finished=False, packages_select_test_failures=False, packages_skip_test_passed=False, packages_select=None, packages_skip=None, packages_select_regex=None, packages_skip_regex=None, packages_start=None, packages_end=None, cmake_args=None, cmake_target=None, cmake_target_skip_unavailable=False, cmake_clean_cache=False, cmake_clean_first=False, cmake_force_configure=False, ament_cmake_args=None, catkin_cmake_args=None, catkin_skip_building_tests=False, mixin_files=None, mixin=None, verb_parser=<colcon_mixin.mixin.mixin_argument.MixinArgumentDecorator object at 0x790236d6fd40>, verb_extension=<colcon_core.verb.build.BuildVerb object at 0x790236d6fa40>, main=<bound method BuildVerb.main of <colcon_core.verb.build.BuildVerb object at 0x790236d6fa40>>, mixin_verb=('build',))
[0.182s] Level 1:colcon.colcon_core.package_discovery:discover_packages(colcon_meta) check parameters
[0.182s] Level 1:colcon.colcon_core.package_discovery:discover_packages(recursive) check parameters
[0.182s] Level 1:colcon.colcon_core.package_discovery:discover_packages(ignore) check parameters
[0.182s] Level 1:colcon.colcon_core.package_discovery:discover_packages(path) check parameters
[0.182s] Level 1:colcon.colcon_core.package_discovery:discover_packages(colcon_meta) discover
[0.182s] Level 1:colcon.colcon_core.package_discovery:discover_packages(recursive) discover
[0.182s] INFO:colcon.colcon_core.package_discovery:Crawling recursively for packages in '/repo/ws'
[0.182s] Level 1:colcon.colcon_core.package_identification:_identify(.) by extensions ['ignore', 'ignore_ament_install']
[0.182s] Level 1:colcon.colcon_core.package_identification:_identify(.) by extension 'ignore'
[0.183s] Level 1:colcon.colcon_core.package_identification:_identify(.) by extension 'ignore_ament_install'
[0.183s] Level 1:colcon.colcon_core.package_identification:_identify(.) by extensions ['colcon_pkg']
[0.183s] Level 1:colcon.colcon_core.package_identification:_identify(.) by extension 'colcon_pkg'
[0.183s] Level 1:colcon.colcon_core.package_identification:_identify(.) by extensions ['colcon_meta']
[0.183s] Level 1:colcon.colcon_core.package_identification:_identify(.) by extension 'colcon_meta'
[0.183s] Level 1:colcon.colcon_core.package_identification:_identify(.) by extensions ['ros']
[0.183s] Level 1:colcon.colcon_core.package_identification:_identify(.) by extension 'ros'
[0.214s] Level 1:colcon.colcon_core.package_identification:_identify(.) by extensions ['cmake', 'python']
[0.214s] Level 1:colcon.colcon_core.package_identification:_identify(.) by extension 'cmake'
[0.214s] Level 1:colcon.colcon_core.package_identification:_identify(.) by extension 'python'
[0.214s] Level 1:colcon.colcon_core.package_identification:_identify(.) by extensions ['python_setup_py']
[0.214s] Level 1:colcon.colcon_core.package_identification:_identify(.) by extension 'python_setup_py'
[0.214s] Level 1:colcon.colcon_core.package_identification:_identify(build) by extensions ['ignore', 'ignore_ament_install']
[0.215s] Level 1:colcon.colcon_core.package_identification:_identify(build) by extension 'ignore'
[0.215s] Level 1:colcon.colcon_core.package_identification:_identify(build) ignored
[0.215s] Level 1:colcon.colcon_core.package_identification:_identify(install) by extensions ['ignore', 'ignore_ament_install']
[0.215s] Level 1:colcon.colcon_core.package_identification:_identify(install) by extension 'ignore'
[0.215s] Level 1:colcon.colcon_core.package_identification:_identify(install) ignored
[0.215s] Level 1:colcon.colcon_core.package_identification:_identify(log) by extensions ['ignore', 'ignore_ament_install']
[0.215s] Level 1:colcon.colcon_core.package_identification:_identify(log) by extension 'ignore'
[0.215s] Level 1:colcon.colcon_core.package_identification:_identify(log) ignored
[0.215s] Level 1:colcon.colcon_core.package_identification:_identify(src) by extensions ['ignore', 'ignore_ament_install']
[0.215s] Level 1:colcon.colcon_core.package_identification:_identify(src) by extension 'ignore'
[0.215s] Level 1:colcon.colcon_core.package_identification:_identify(src) by extension 'ignore_ament_install'
[0.216s] Level 1:colcon.colcon_core.package_identification:_identify(src) by extensions ['colcon_pkg']
[0.216s] Level 1:colcon.colcon_core.package_identification:_identify(src) by extension 'colcon_pkg'
[0.216s] Level 1:colcon.colcon_core.package_identification:_identify(src) by extensions ['colcon_meta']
[0.216s] Level 1:colcon.colcon_core.package_identification:_identify(src) by extension 'colcon_meta'
[0.216s] Level 1:colcon.colcon_core.package_identification:_identify(src) by extensions ['ros']
[0.216s] Level 1:colcon.colcon_core.package_identification:_identify(src) by extension 'ros'
[0.216s] Level 1:colcon.colcon_core.package_identification:_identify(src) by extensions ['cmake', 'python']
[0.216s] Level 1:colcon.colcon_core.package_identification:_identify(src) by extension 'cmake'
[0.216s] Level 1:colcon.colcon_core.package_identification:_identify(src) by extension 'python'
[0.216s] Level 1:colcon.colcon_core.package_identification:_identify(src) by extensions ['python_setup_py']
[0.216s] Level 1:colcon.colcon_core.package_identification:_identify(src) by extension 'python_setup_py'
[0.216s] Level 1:colcon.colcon_core.package_identification:_identify(src/drone_sim) by extensions ['ignore', 'ignore_ament_install']
[0.216s] Level 1:colcon.colcon_core.package_identification:_identify(src/drone_sim) by extension 'ignore'
[0.216s] Level 1:colcon.colcon_core.package_identification:_identify(src/drone_sim) by extension 'ignore_ament_install'
[0.216s] Level 1:colcon.colcon_core.package_identification:_identify(src/drone_sim) by extensions ['colcon_pkg']
[0.216s] Level 1:colcon.colcon_core.package_identification:_identify(src/drone_sim) by extension 'colcon_pkg'
[0.216s] Level 1:colcon.colcon_core.package_identification:_identify(src/drone_sim) by extensions ['colcon_meta']
[0.216s] Level 1:colcon.colcon_core.package_identification:_identify(src/drone_sim) by extension 'colcon_meta'
[0.216s] Level 1:colcon.colcon_core.package_identification:_identify(src/drone_sim) by extensions ['ros']
[0.217s] Level 1:colcon.colcon_core.package_identification:_identify(src/drone_sim) by extension 'ros'
[0.219s] DEBUG:colcon.colcon_core.package_identification:Package 'src/drone_sim' with type 'ros.ament_cmake' and name 'drone_sim'
[0.219s] Level 1:colcon.colcon_core.package_identification:_identify(src/offboard_demo) by extensions ['ignore', 'ignore_ament_install']
[0.220s] Level 1:colcon.colcon_core.package_identification:_identify(src/offboard_demo) by extension 'ignore'
[0.220s] Level 1:colcon.colcon_core.package_identification:_identify(src/offboard_demo) by extension 'ignore_ament_install'
[0.220s] Level 1:colcon.colcon_core.package_identification:_identify(src/offboard_demo) by extensions ['colcon_pkg']
[0.220s] Level 1:colcon.colcon_core.package_identification:_identify(src/offboard_demo) by extension 'colcon_pkg'
[0.220s] Level 1:colcon.colcon_core.package_identification:_identify(src/offboard_demo) by extensions ['colcon_meta']
[0.220s] Level 1:colcon.colcon_core.package_identification:_identify(src/offboard_demo) by extension 'colcon_meta'
[0.220s] Level 1:colcon.colcon_core.package_identification:_identify(src/offboard_demo) by extensions ['ros']
[0.220s] Level 1:colcon.colcon_core.package_identification:_identify(src/offboard_demo) by extension 'ros'
[0.220s] DEBUG:colcon.colcon_core.package_identification:Package 'src/offboard_demo' with type 'ros.ament_python' and name 'offboard_demo'
[0.221s] Level 1:colcon.colcon_core.package_identification:_identify(src/px4) by extensions ['ignore', 'ignore_ament_install']
[0.221s] Level 1:colcon.colcon_core.package_identification:_identify(src/px4) by extension 'ignore'
[0.221s] Level 1:colcon.colcon_core.package_identification:_identify(src/px4) by extension 'ignore_ament_install'
[0.221s] Level 1:colcon.colcon_core.package_identification:_identify(src/px4) by extensions ['colcon_pkg']
[0.221s] Level 1:colcon.colcon_core.package_identification:_identify(src/px4) by extension 'colcon_pkg'
[0.221s] Level 1:colcon.colcon_core.package_identification:_identify(src/px4) by extensions ['colcon_meta']
[0.221s] Level 1:colcon.colcon_core.package_identification:_identify(src/px4) by extension 'colcon_meta'
[0.221s] Level 1:colcon.colcon_core.package_identification:_identify(src/px4) by extensions ['ros']
[0.221s] Level 1:colcon.colcon_core.package_identification:_identify(src/px4) by extension 'ros'
[0.222s] DEBUG:colcon.colcon_core.package_identification:Package 'src/px4' with type 'ros.ament_cmake' and name 'px4'
[0.222s] Level 1:colcon.colcon_core.package_identification:_identify(src/px4_msgs) by extensions ['ignore', 'ignore_ament_install']
[0.222s] Level 1:colcon.colcon_core.package_identification:_identify(src/px4_msgs) by extension 'ignore'
[0.222s] Level 1:colcon.colcon_core.package_identification:_identify(src/px4_msgs) by extension 'ignore_ament_install'
[0.222s] Level 1:colcon.colcon_core.package_identification:_identify(src/px4_msgs) by extensions ['colcon_pkg']
[0.222s] Level 1:colcon.colcon_core.package_identification:_identify(src/px4_msgs) by extension 'colcon_pkg'
[0.222s] Level 1:colcon.colcon_core.package_identification:_identify(src/px4_msgs) by extensions ['colcon_meta']
[0.222s] Level 1:colcon.colcon_core.package_identification:_identify(src/px4_msgs) by extension 'colcon_meta'
[0.222s] Level 1:colcon.colcon_core.package_identification:_identify(src/px4_msgs) by extensions ['ros']
[0.222s] Level 1:colcon.colcon_core.package_identification:_identify(src/px4_msgs) by extension 'ros'
[0.223s] DEBUG:colcon.colcon_core.package_identification:Package 'src/px4_msgs' with type 'ros.ament_cmake' and name 'px4_msgs'
[0.223s] Level 1:colcon.colcon_core.package_discovery:discover_packages(recursive) using defaults
[0.223s] Level 1:colcon.colcon_core.package_discovery:discover_packages(ignore) discover
[0.223s] Level 1:colcon.colcon_core.package_discovery:discover_packages(ignore) using defaults
[0.223s] Level 1:colcon.colcon_core.package_discovery:discover_packages(path) discover
[0.223s] Level 1:colcon.colcon_core.package_discovery:discover_packages(path) using defaults
[0.247s] Level 5:colcon.colcon_core.verb:set package 'drone_sim' build argument 'cmake_args' from command line to 'None'
[0.247s] Level 5:colcon.colcon_core.verb:set package 'drone_sim' build argument 'cmake_target' from command line to 'None'
[0.247s] Level 5:colcon.colcon_core.verb:set package 'drone_sim' build argument 'cmake_target_skip_unavailable' from command line to 'False'
[0.247s] Level 5:colcon.colcon_core.verb:set package 'drone_sim' build argument 'cmake_clean_cache' from command line to 'False'
[0.247s] Level 5:colcon.colcon_core.verb:set package 'drone_sim' build argument 'cmake_clean_first' from command line to 'False'
[0.247s] Level 5:colcon.colcon_core.verb:set package 'drone_sim' build argument 'cmake_force_configure' from command line to 'False'
[0.247s] Level 5:colcon.colcon_core.verb:set package 'drone_sim' build argument 'ament_cmake_args' from command line to 'None'
[0.247s] Level 5:colcon.colcon_core.verb:set package 'drone_sim' build argument 'catkin_cmake_args' from command line to 'None'
[0.247s] Level 5:colcon.colcon_core.verb:set package 'drone_sim' build argument 'catkin_skip_building_tests' from command line to 'False'
[0.247s] DEBUG:colcon.colcon_core.verb:Building package 'drone_sim' with the following arguments: {'ament_cmake_args': None, 'build_base': '/repo/ws/build/drone_sim', 'catkin_cmake_args': None, 'catkin_skip_building_tests': False, 'cmake_args': None, 'cmake_clean_cache': False, 'cmake_clean_first': False, 'cmake_force_configure': False, 'cmake_target': None, 'cmake_target_skip_unavailable': False, 'install_base': '/repo/ws/install', 'merge_install': True, 'path': '/repo/ws/src/drone_sim', 'symlink_install': True, 'test_result_base': None}
[0.248s] Level 5:colcon.colcon_core.verb:set package 'offboard_demo' build argument 'cmake_args' from command line to 'None'
[0.248s] Level 5:colcon.colcon_core.verb:set package 'offboard_demo' build argument 'cmake_target' from command line to 'None'
[0.248s] Level 5:colcon.colcon_core.verb:set package 'offboard_demo' build argument 'cmake_target_skip_unavailable' from command line to 'False'
[0.248s] Level 5:colcon.colcon_core.verb:set package 'offboard_demo' build argument 'cmake_clean_cache' from command line to 'False'
[0.248s] Level 5:colcon.colcon_core.verb:set package 'offboard_demo' build argument 'cmake_clean_first' from command line to 'False'
[0.248s] Level 5:colcon.colcon_core.verb:set package 'offboard_demo' build argument 'cmake_force_configure' from command line to 'False'
[0.248s] Level 5:colcon.colcon_core.verb:set package 'offboard_demo' build argument 'ament_cmake_args' from command line to 'None'
[0.248s] Level 5:colcon.colcon_core.verb:set package 'offboard_demo' build argument 'catkin_cmake_args' from command line to 'None'
[0.248s] Level 5:colcon.colcon_core.verb:set package 'offboard_demo' build argument 'catkin_skip_building_tests' from command line to 'False'
[0.248s] DEBUG:colcon.colcon_core.verb:Building package 'offboard_demo' with the following arguments: {'ament_cmake_args': None, 'build_base': '/repo/ws/build/offboard_demo', 'catkin_cmake_args': None, 'catkin_skip_building_tests': False, 'cmake_args': None, 'cmake_clean_cache': False, 'cmake_clean_first': False, 'cmake_force_configure': False, 'cmake_target': None, 'cmake_target_skip_unavailable': False, 'install_base': '/repo/ws/install', 'merge_install': True, 'path': '/repo/ws/src/offboard_demo', 'symlink_install': True, 'test_result_base': None}
[0.248s] Level 5:colcon.colcon_core.verb:set package 'px4' build argument 'cmake_args' from command line to 'None'
[0.248s] Level 5:colcon.colcon_core.verb:set package 'px4' build argument 'cmake_target' from command line to 'None'
[0.249s] Level 5:colcon.colcon_core.verb:set package 'px4' build argument 'cmake_target_skip_unavailable' from command line to 'False'
[0.249s] Level 5:colcon.colcon_core.verb:set package 'px4' build argument 'cmake_clean_cache' from command line to 'False'
[0.249s] Level 5:colcon.colcon_core.verb:set package 'px4' build argument 'cmake_clean_first' from command line to 'False'
[0.249s] Level 5:colcon.colcon_core.verb:set package 'px4' build argument 'cmake_force_configure' from command line to 'False'
[0.249s] Level 5:colcon.colcon_core.verb:set package 'px4' build argument 'ament_cmake_args' from command line to 'None'
[0.249s] Level 5:colcon.colcon_core.verb:set package 'px4' build argument 'catkin_cmake_args' from command line to 'None'
[0.249s] Level 5:colcon.colcon_core.verb:set package 'px4' build argument 'catkin_skip_building_tests' from command line to 'False'
[0.249s] DEBUG:colcon.colcon_core.verb:Building package 'px4' with the following arguments: {'ament_cmake_args': None, 'build_base': '/repo/ws/build/px4', 'catkin_cmake_args': None, 'catkin_skip_building_tests': False, 'cmake_args': None, 'cmake_clean_cache': False, 'cmake_clean_first': False, 'cmake_force_configure': False, 'cmake_target': None, 'cmake_target_skip_unavailable': False, 'install_base': '/repo/ws/install', 'merge_install': True, 'path': '/repo/ws/src/px4', 'symlink_install': True, 'test_result_base': None}
[0.249s] Level 5:colcon.colcon_core.verb:set package 'px4_msgs' build argument 'cmake_args' from command line to 'None'
[0.249s] Level 5:colcon.colcon_core.verb:set package 'px4_msgs' build argument 'cmake_target' from command line to 'None'
[0.249s] Level 5:colcon.colcon_core.verb:set package 'px4_msgs' build argument 'cmake_target_skip_unavailable' from command line to 'False'
[0.249s] Level 5:colcon.colcon_core.verb:set package 'px4_msgs' build argument 'cmake_clean_cache' from command line to 'False'
[0.249s] Level 5:colcon.colcon_core.verb:set package 'px4_msgs' build argument 'cmake_clean_first' from command line to 'False'
[0.249s] Level 5:colcon.colcon_core.verb:set package 'px4_msgs' build argument 'cmake_force_configure' from command line to 'False'
[0.249s] Level 5:colcon.colcon_core.verb:set package 'px4_msgs' build argument 'ament_cmake_args' from command line to 'None'
[0.249s] Level 5:colcon.colcon_core.verb:set package 'px4_msgs' build argument 'catkin_cmake_args' from command line to 'None'
[0.249s] Level 5:colcon.colcon_core.verb:set package 'px4_msgs' build argument 'catkin_skip_building_tests' from command line to 'False'
[0.249s] DEBUG:colcon.colcon_core.verb:Building package 'px4_msgs' with the following arguments: {'ament_cmake_args': None, 'build_base': '/repo/ws/build/px4_msgs', 'catkin_cmake_args': None, 'catkin_skip_building_tests': False, 'cmake_args': None, 'cmake_clean_cache': False, 'cmake_clean_first': False, 'cmake_force_configure': False, 'cmake_target': None, 'cmake_target_skip_unavailable': False, 'install_base': '/repo/ws/install', 'merge_install': True, 'path': '/repo/ws/src/px4_msgs', 'symlink_install': True, 'test_result_base': None}
[0.249s] INFO:colcon.colcon_core.executor:Executing jobs using 'parallel' executor
[0.250s] DEBUG:colcon.colcon_parallel_executor.executor.parallel:run_until_complete
[0.251s] INFO:colcon.colcon_ros.task.ament_cmake.build:Building ROS package in '/repo/ws/src/drone_sim' with build type 'ament_cmake'
[0.251s] INFO:colcon.colcon_cmake.task.cmake.build:Building CMake package in '/repo/ws/src/drone_sim'
[0.253s] INFO:colcon.colcon_core.plugin_system:Skipping extension 'colcon_core.shell.bat': Not used on non-Windows systems
[0.254s] INFO:colcon.colcon_core.shell:Skip shell extension 'powershell' for command environment: Not usable outside of PowerShell
[0.254s] DEBUG:colcon.colcon_core.shell:Skip shell extension 'dsv' for command environment
[0.255s] WARNING:colcon.colcon_ros.prefix_path.ament:The path '/repo/ws/install' in the environment variable AMENT_PREFIX_PATH doesn't contain any 'local_setup.*' files.
[0.259s] INFO:colcon.colcon_ros.task.ament_python.build:Building ROS package in '/repo/ws/src/offboard_demo' with build type 'ament_python'
[0.259s] Level 1:colcon.colcon_core.shell:create_environment_hook('offboard_demo', 'ament_prefix_path')
[0.259s] INFO:colcon.colcon_core.shell:Creating environment hook '/repo/ws/install/share/offboard_demo/hook/ament_prefix_path.ps1'
[0.260s] INFO:colcon.colcon_core.shell:Creating environment descriptor '/repo/ws/install/share/offboard_demo/hook/ament_prefix_path.dsv'
[0.261s] INFO:colcon.colcon_core.shell:Creating environment hook '/repo/ws/install/share/offboard_demo/hook/ament_prefix_path.sh'
[0.262s] INFO:colcon.colcon_core.shell:Skip shell extension 'powershell' for command environment: Not usable outside of PowerShell
[0.262s] DEBUG:colcon.colcon_core.shell:Skip shell extension 'dsv' for command environment
[0.265s] INFO:colcon.colcon_ros.task.ament_cmake.build:Building ROS package in '/repo/ws/src/px4' with build type 'ament_cmake'
[0.265s] INFO:colcon.colcon_cmake.task.cmake.build:Building CMake package in '/repo/ws/src/px4'
[0.265s] INFO:colcon.colcon_core.shell:Skip shell extension 'powershell' for command environment: Not usable outside of PowerShell
[0.266s] DEBUG:colcon.colcon_core.shell:Skip shell extension 'dsv' for command environment
[0.270s] INFO:colcon.colcon_ros.task.ament_cmake.build:Building ROS package in '/repo/ws/src/px4_msgs' with build type 'ament_cmake'
[0.270s] INFO:colcon.colcon_cmake.task.cmake.build:Building CMake package in '/repo/ws/src/px4_msgs'
[0.270s] INFO:colcon.colcon_core.shell:Skip shell extension 'powershell' for command environment: Not usable outside of PowerShell
[0.270s] DEBUG:colcon.colcon_core.shell:Skip shell extension 'dsv' for command environment
[0.279s] DEBUG:colcon.colcon_core.event_handler.log_command:Invoking command in '/repo/ws/build/drone_sim': CMAKE_PREFIX_PATH=${CMAKE_PREFIX_PATH}:/opt/ros/jazzy /usr/bin/cmake /repo/ws/src/drone_sim -DAMENT_CMAKE_SYMLINK_INSTALL=1 -DCMAKE_INSTALL_PREFIX=/repo/ws/install
[0.536s] INFO:colcon.colcon_core.task.python.build:Building Python package in '/repo/ws/src/offboard_demo'
[0.536s] INFO:colcon.colcon_core.shell:Skip shell extension 'powershell' for command environment: Not usable outside of PowerShell
[0.537s] DEBUG:colcon.colcon_core.shell:Skip shell extension 'dsv' for command environment
[0.542s] DEBUG:colcon.colcon_core.event_handler.log_command:Invoking command in '/repo/ws/build/px4': CMAKE_PREFIX_PATH=${CMAKE_PREFIX_PATH}:/opt/ros/jazzy /usr/bin/cmake /repo/ws/src/px4 -DAMENT_CMAKE_SYMLINK_INSTALL=1 -DCMAKE_INSTALL_PREFIX=/repo/ws/install
[0.546s] DEBUG:colcon.colcon_core.event_handler.log_command:Invoking command in '/repo/ws/build/px4_msgs': CMAKE_PREFIX_PATH=${CMAKE_PREFIX_PATH}:/opt/ros/jazzy /usr/bin/cmake /repo/ws/src/px4_msgs -DAMENT_CMAKE_SYMLINK_INSTALL=1 -DCMAKE_INSTALL_PREFIX=/repo/ws/install
[1.453s] DEBUG:colcon.colcon_core.event_handler.log_command:Invoking command in '/repo/ws/build/offboard_demo': PYTHONPATH=/repo/ws/build/offboard_demo/prefix_override:/usr/lib/python3/dist-packages/colcon_core/task/python/colcon_distutils_commands:/repo/ws/install/lib/python3.12/site-packages:${PYTHONPATH} /usr/bin/python3 -W ignore:setup.py install is deprecated -W ignore:easy_install command is deprecated setup.py develop --editable --build-directory /repo/ws/build/offboard_demo/build --no-deps symlink_data
[2.429s] Level 1:colcon.colcon_core.shell:create_environment_hook('offboard_demo', 'pythonpath_develop')
[2.430s] INFO:colcon.colcon_core.shell:Creating environment hook '/repo/ws/build/offboard_demo/share/offboard_demo/hook/pythonpath_develop.ps1'
[2.431s] DEBUG:colcon.colcon_core.event_handler.log_command:Invoked command in '/repo/ws/build/offboard_demo' returned '0': PYTHONPATH=/repo/ws/build/offboard_demo/prefix_override:/usr/lib/python3/dist-packages/colcon_core/task/python/colcon_distutils_commands:/repo/ws/install/lib/python3.12/site-packages:${PYTHONPATH} /usr/bin/python3 -W ignore:setup.py install is deprecated -W ignore:easy_install command is deprecated setup.py develop --editable --build-directory /repo/ws/build/offboard_demo/build --no-deps symlink_data
[2.432s] INFO:colcon.colcon_core.shell:Creating environment descriptor '/repo/ws/build/offboard_demo/share/offboard_demo/hook/pythonpath_develop.dsv'
[2.432s] INFO:colcon.colcon_core.shell:Creating environment hook '/repo/ws/build/offboard_demo/share/offboard_demo/hook/pythonpath_develop.sh'
[2.435s] Level 1:colcon.colcon_core.environment:checking '/repo/ws/install' for CMake module files
[2.437s] Level 1:colcon.colcon_core.environment:checking '/repo/ws/install' for CMake config files
[2.438s] Level 1:colcon.colcon_core.environment:checking '/repo/ws/install/lib'
[2.439s] Level 1:colcon.colcon_core.environment:checking '/repo/ws/install/bin'
[2.439s] Level 1:colcon.colcon_core.environment:checking '/repo/ws/install/lib/pkgconfig/offboard_demo.pc'
[2.440s] Level 1:colcon.colcon_core.environment:checking '/repo/ws/install/lib/python3.12/site-packages'
[2.440s] Level 1:colcon.colcon_core.shell:create_environment_hook('offboard_demo', 'pythonpath')
[2.440s] INFO:colcon.colcon_core.shell:Creating environment hook '/repo/ws/install/share/offboard_demo/hook/pythonpath.ps1'
[2.443s] INFO:colcon.colcon_core.shell:Creating environment descriptor '/repo/ws/install/share/offboard_demo/hook/pythonpath.dsv'
[2.443s] INFO:colcon.colcon_core.shell:Creating environment hook '/repo/ws/install/share/offboard_demo/hook/pythonpath.sh'
[2.444s] Level 1:colcon.colcon_core.environment:checking '/repo/ws/install/bin'
[2.445s] Level 1:colcon.colcon_core.environment:create_environment_scripts_only(offboard_demo)
[2.445s] INFO:colcon.colcon_core.shell:Creating package script '/repo/ws/install/share/offboard_demo/package.ps1'
[2.447s] INFO:colcon.colcon_core.shell:Creating package descriptor '/repo/ws/install/share/offboard_demo/package.dsv'
[2.449s] INFO:colcon.colcon_core.shell:Creating package script '/repo/ws/install/share/offboard_demo/package.sh'
[2.449s] INFO:colcon.colcon_core.shell:Creating package script '/repo/ws/install/share/offboard_demo/package.bash'
[2.450s] INFO:colcon.colcon_core.shell:Creating package script '/repo/ws/install/share/offboard_demo/package.zsh'
[2.452s] Level 1:colcon.colcon_core.environment:create_file_with_runtime_dependencies(/repo/ws/install/share/colcon-core/packages/offboard_demo)
[4.189s] DEBUG:colcon.colcon_core.event_handler.log_command:Invoked command in '/repo/ws/build/drone_sim' returned '0': CMAKE_PREFIX_PATH=${CMAKE_PREFIX_PATH}:/opt/ros/jazzy /usr/bin/cmake /repo/ws/src/drone_sim -DAMENT_CMAKE_SYMLINK_INSTALL=1 -DCMAKE_INSTALL_PREFIX=/repo/ws/install
[4.190s] DEBUG:colcon.colcon_core.event_handler.log_command:Invoking command in '/repo/ws/build/drone_sim': CMAKE_PREFIX_PATH=${CMAKE_PREFIX_PATH}:/opt/ros/jazzy /usr/bin/cmake --build /repo/ws/build/drone_sim -- -j4 -l4
[4.264s] DEBUG:colcon.colcon_core.event_handler.log_command:Invoked command in '/repo/ws/build/drone_sim' returned '0': CMAKE_PREFIX_PATH=${CMAKE_PREFIX_PATH}:/opt/ros/jazzy /usr/bin/cmake --build /repo/ws/build/drone_sim -- -j4 -l4
[4.280s] DEBUG:colcon.colcon_core.event_handler.log_command:Invoking command in '/repo/ws/build/drone_sim': CMAKE_PREFIX_PATH=${CMAKE_PREFIX_PATH}:/opt/ros/jazzy /usr/bin/cmake --install /repo/ws/build/drone_sim
[5.288s] Level 1:colcon.colcon_core.environment:create_environment_scripts_only(drone_sim)
[5.288s] Level 1:colcon.colcon_core.environment:checking '/repo/ws/install' for CMake module files
[5.289s] Level 1:colcon.colcon_core.environment:checking '/repo/ws/install' for CMake config files
[5.289s] DEBUG:colcon.colcon_core.event_handler.log_command:Invoked command in '/repo/ws/build/drone_sim' returned '0': CMAKE_PREFIX_PATH=${CMAKE_PREFIX_PATH}:/opt/ros/jazzy /usr/bin/cmake --install /repo/ws/build/drone_sim
[5.290s] Level 1:colcon.colcon_core.shell:create_environment_hook('drone_sim', 'cmake_prefix_path')
[5.290s] INFO:colcon.colcon_core.shell:Creating environment hook '/repo/ws/install/share/drone_sim/hook/cmake_prefix_path.ps1'
[5.290s] INFO:colcon.colcon_core.shell:Creating environment descriptor '/repo/ws/install/share/drone_sim/hook/cmake_prefix_path.dsv'
[5.291s] INFO:colcon.colcon_core.shell:Creating environment hook '/repo/ws/install/share/drone_sim/hook/cmake_prefix_path.sh'
[5.291s] Level 1:colcon.colcon_core.environment:checking '/repo/ws/install/lib'
[5.292s] Level 1:colcon.colcon_core.environment:checking '/repo/ws/install/bin'
[5.292s] Level 1:colcon.colcon_core.environment:checking '/repo/ws/install/lib/pkgconfig/drone_sim.pc'
[5.292s] Level 1:colcon.colcon_core.environment:checking '/repo/ws/install/lib/python3.12/site-packages'
[5.292s] Level 1:colcon.colcon_core.shell:create_environment_hook('drone_sim', 'pythonpath')
[5.292s] INFO:colcon.colcon_core.shell:Creating environment hook '/repo/ws/install/share/drone_sim/hook/pythonpath.ps1'
[5.293s] INFO:colcon.colcon_core.shell:Creating environment descriptor '/repo/ws/install/share/drone_sim/hook/pythonpath.dsv'
[5.293s] INFO:colcon.colcon_core.shell:Creating environment hook '/repo/ws/install/share/drone_sim/hook/pythonpath.sh'
[5.294s] Level 1:colcon.colcon_core.environment:checking '/repo/ws/install/bin'
[5.294s] INFO:colcon.colcon_core.shell:Creating package script '/repo/ws/install/share/drone_sim/package.ps1'
[5.295s] INFO:colcon.colcon_core.shell:Creating package descriptor '/repo/ws/install/share/drone_sim/package.dsv'
[5.296s] INFO:colcon.colcon_core.shell:Creating package script '/repo/ws/install/share/drone_sim/package.sh'
[5.297s] INFO:colcon.colcon_core.shell:Creating package script '/repo/ws/install/share/drone_sim/package.bash'
[5.299s] INFO:colcon.colcon_core.shell:Creating package script '/repo/ws/install/share/drone_sim/package.zsh'
[5.299s] Level 1:colcon.colcon_core.environment:create_file_with_runtime_dependencies(/repo/ws/install/share/colcon-core/packages/drone_sim)
[5.300s] Level 1:colcon.colcon_core.environment:create_environment_scripts_only(drone_sim)
[5.300s] Level 1:colcon.colcon_core.environment:checking '/repo/ws/install' for CMake module files
[5.301s] Level 1:colcon.colcon_core.environment:checking '/repo/ws/install' for CMake config files
[5.301s] Level 1:colcon.colcon_core.shell:create_environment_hook('drone_sim', 'cmake_prefix_path')
[5.301s] INFO:colcon.colcon_core.shell:Creating environment hook '/repo/ws/install/share/drone_sim/hook/cmake_prefix_path.ps1'
[5.302s] INFO:colcon.colcon_core.shell:Creating environment descriptor '/repo/ws/install/share/drone_sim/hook/cmake_prefix_path.dsv'
[5.303s] INFO:colcon.colcon_core.shell:Creating environment hook '/repo/ws/install/share/drone_sim/hook/cmake_prefix_path.sh'
[5.304s] Level 1:colcon.colcon_core.environment:checking '/repo/ws/install/lib'
[5.304s] Level 1:colcon.colcon_core.environment:checking '/repo/ws/install/bin'
[5.304s] Level 1:colcon.colcon_core.environment:checking '/repo/ws/install/lib/pkgconfig/drone_sim.pc'
[5.304s] Level 1:colcon.colcon_core.environment:checking '/repo/ws/install/lib/python3.12/site-packages'
[5.304s] Level 1:colcon.colcon_core.shell:create_environment_hook('drone_sim', 'pythonpath')
[5.305s] INFO:colcon.colcon_core.shell:Creating environment hook '/repo/ws/install/share/drone_sim/hook/pythonpath.ps1'
[5.305s] INFO:colcon.colcon_core.shell:Creating environment descriptor '/repo/ws/install/share/drone_sim/hook/pythonpath.dsv'
[5.306s] INFO:colcon.colcon_core.shell:Creating environment hook '/repo/ws/install/share/drone_sim/hook/pythonpath.sh'
[5.307s] Level 1:colcon.colcon_core.environment:checking '/repo/ws/install/bin'
[5.307s] INFO:colcon.colcon_core.shell:Creating package script '/repo/ws/install/share/drone_sim/package.ps1'
[5.308s] INFO:colcon.colcon_core.shell:Creating package descriptor '/repo/ws/install/share/drone_sim/package.dsv'
[5.309s] INFO:colcon.colcon_core.shell:Creating package script '/repo/ws/install/share/drone_sim/package.sh'
[5.310s] INFO:colcon.colcon_core.shell:Creating package script '/repo/ws/install/share/drone_sim/package.bash'
[5.311s] INFO:colcon.colcon_core.shell:Creating package script '/repo/ws/install/share/drone_sim/package.zsh'
[5.312s] Level 1:colcon.colcon_core.environment:create_file_with_runtime_dependencies(/repo/ws/install/share/colcon-core/packages/drone_sim)
[9.476s] DEBUG:colcon.colcon_core.event_handler.log_command:Invoked command in '/repo/ws/build/px4_msgs' returned '0': CMAKE_PREFIX_PATH=${CMAKE_PREFIX_PATH}:/opt/ros/jazzy /usr/bin/cmake /repo/ws/src/px4_msgs -DAMENT_CMAKE_SYMLINK_INSTALL=1 -DCMAKE_INSTALL_PREFIX=/repo/ws/install
[9.476s] DEBUG:colcon.colcon_core.event_handler.log_command:Invoking command in '/repo/ws/build/px4_msgs': CMAKE_PREFIX_PATH=${CMAKE_PREFIX_PATH}:/opt/ros/jazzy /usr/bin/cmake --build /repo/ws/build/px4_msgs -- -j4 -l4
[13.436s] DEBUG:colcon.colcon_core.event_handler.log_command:Invoked command in '/repo/ws/build/px4' returned '0': CMAKE_PREFIX_PATH=${CMAKE_PREFIX_PATH}:/opt/ros/jazzy /usr/bin/cmake /repo/ws/src/px4 -DAMENT_CMAKE_SYMLINK_INSTALL=1 -DCMAKE_INSTALL_PREFIX=/repo/ws/install
[13.437s] DEBUG:colcon.colcon_core.event_handler.log_command:Invoking command in '/repo/ws/build/px4': CMAKE_PREFIX_PATH=${CMAKE_PREFIX_PATH}:/opt/ros/jazzy /usr/bin/cmake --build /repo/ws/build/px4 -- -j4 -l4
[1466.135s] DEBUG:colcon.colcon_core.event_handler.log_command:Invoked command in '/repo/ws/build/px4_msgs' returned '0': CMAKE_PREFIX_PATH=${CMAKE_PREFIX_PATH}:/opt/ros/jazzy /usr/bin/cmake --build /repo/ws/build/px4_msgs -- -j4 -l4
[1466.137s] DEBUG:colcon.colcon_core.event_handler.log_command:Invoking command in '/repo/ws/build/px4_msgs': CMAKE_PREFIX_PATH=${CMAKE_PREFIX_PATH}:/opt/ros/jazzy /usr/bin/cmake --install /repo/ws/build/px4_msgs
[1511.129s] DEBUG:colcon.colcon_core.event_handler.log_command:Invoked command in '/repo/ws/build/px4' returned '0': CMAKE_PREFIX_PATH=${CMAKE_PREFIX_PATH}:/opt/ros/jazzy /usr/bin/cmake --build /repo/ws/build/px4 -- -j4 -l4
[1511.131s] DEBUG:colcon.colcon_core.event_handler.log_command:Invoking command in '/repo/ws/build/px4': CMAKE_PREFIX_PATH=${CMAKE_PREFIX_PATH}:/opt/ros/jazzy /usr/bin/cmake --install /repo/ws/build/px4
[1529.841s] Level 1:colcon.colcon_core.environment:create_environment_scripts_only(px4_msgs)
[1529.841s] Level 1:colcon.colcon_core.environment:checking '/repo/ws/install' for CMake module files
[1529.842s] DEBUG:colcon.colcon_core.event_handler.log_command:Invoked command in '/repo/ws/build/px4_msgs' returned '0': CMAKE_PREFIX_PATH=${CMAKE_PREFIX_PATH}:/opt/ros/jazzy /usr/bin/cmake --install /repo/ws/build/px4_msgs
[1529.843s] Level 1:colcon.colcon_core.environment:checking '/repo/ws/install' for CMake config files
[1529.847s] Level 1:colcon.colcon_core.shell:create_environment_hook('px4_msgs', 'cmake_prefix_path')
[1529.847s] INFO:colcon.colcon_core.shell:Creating environment hook '/repo/ws/install/share/px4_msgs/hook/cmake_prefix_path.ps1'
[1529.848s] INFO:colcon.colcon_core.shell:Creating environment descriptor '/repo/ws/install/share/px4_msgs/hook/cmake_prefix_path.dsv'
[1529.848s] INFO:colcon.colcon_core.shell:Creating environment hook '/repo/ws/install/share/px4_msgs/hook/cmake_prefix_path.sh'
[1529.849s] Level 1:colcon.colcon_core.environment:checking '/repo/ws/install/lib'
[1529.849s] Level 1:colcon.colcon_core.shell:create_environment_hook('px4_msgs', 'ld_library_path_lib')
[1529.849s] INFO:colcon.colcon_core.shell:Creating environment hook '/repo/ws/install/share/px4_msgs/hook/ld_library_path_lib.ps1'
[1529.850s] INFO:colcon.colcon_core.shell:Creating environment descriptor '/repo/ws/install/share/px4_msgs/hook/ld_library_path_lib.dsv'
[1529.850s] INFO:colcon.colcon_core.shell:Creating environment hook '/repo/ws/install/share/px4_msgs/hook/ld_library_path_lib.sh'
[1529.851s] Level 1:colcon.colcon_core.environment:checking '/repo/ws/install/bin'
[1529.851s] Level 1:colcon.colcon_core.environment:checking '/repo/ws/install/lib/pkgconfig/px4_msgs.pc'
[1529.851s] Level 1:colcon.colcon_core.environment:checking '/repo/ws/install/lib/python3.12/site-packages'
[1529.851s] Level 1:colcon.colcon_core.shell:create_environment_hook('px4_msgs', 'pythonpath')
[1529.851s] INFO:colcon.colcon_core.shell:Creating environment hook '/repo/ws/install/share/px4_msgs/hook/pythonpath.ps1'
[1529.852s] INFO:colcon.colcon_core.shell:Creating environment descriptor '/repo/ws/install/share/px4_msgs/hook/pythonpath.dsv'
[1529.852s] INFO:colcon.colcon_core.shell:Creating environment hook '/repo/ws/install/share/px4_msgs/hook/pythonpath.sh'
[1529.853s] Level 1:colcon.colcon_core.environment:checking '/repo/ws/install/bin'
[1529.853s] INFO:colcon.colcon_core.shell:Creating package script '/repo/ws/install/share/px4_msgs/package.ps1'
[1529.854s] INFO:colcon.colcon_core.shell:Creating package descriptor '/repo/ws/install/share/px4_msgs/package.dsv'
[1529.854s] INFO:colcon.colcon_core.shell:Creating package script '/repo/ws/install/share/px4_msgs/package.sh'
[1529.855s] INFO:colcon.colcon_core.shell:Creating package script '/repo/ws/install/share/px4_msgs/package.bash'
[1529.855s] INFO:colcon.colcon_core.shell:Creating package script '/repo/ws/install/share/px4_msgs/package.zsh'
[1529.856s] Level 1:colcon.colcon_core.environment:create_file_with_runtime_dependencies(/repo/ws/install/share/colcon-core/packages/px4_msgs)
[1529.856s] Level 1:colcon.colcon_core.environment:create_environment_scripts_only(px4_msgs)
[1529.856s] Level 1:colcon.colcon_core.environment:checking '/repo/ws/install' for CMake module files
[1529.857s] Level 1:colcon.colcon_core.environment:checking '/repo/ws/install' for CMake config files
[1529.862s] Level 1:colcon.colcon_core.shell:create_environment_hook('px4_msgs', 'cmake_prefix_path')
[1529.862s] INFO:colcon.colcon_core.shell:Creating environment hook '/repo/ws/install/share/px4_msgs/hook/cmake_prefix_path.ps1'
[1529.862s] INFO:colcon.colcon_core.shell:Creating environment descriptor '/repo/ws/install/share/px4_msgs/hook/cmake_prefix_path.dsv'
[1529.863s] INFO:colcon.colcon_core.shell:Creating environment hook '/repo/ws/install/share/px4_msgs/hook/cmake_prefix_path.sh'
[1529.864s] Level 1:colcon.colcon_core.environment:checking '/repo/ws/install/lib'
[1529.864s] Level 1:colcon.colcon_core.shell:create_environment_hook('px4_msgs', 'ld_library_path_lib')
[1529.864s] INFO:colcon.colcon_core.shell:Creating environment hook '/repo/ws/install/share/px4_msgs/hook/ld_library_path_lib.ps1'
[1529.865s] INFO:colcon.colcon_core.shell:Creating environment descriptor '/repo/ws/install/share/px4_msgs/hook/ld_library_path_lib.dsv'
[1529.865s] INFO:colcon.colcon_core.shell:Creating environment hook '/repo/ws/install/share/px4_msgs/hook/ld_library_path_lib.sh'
[1529.866s] Level 1:colcon.colcon_core.environment:checking '/repo/ws/install/bin'
[1529.866s] Level 1:colcon.colcon_core.environment:checking '/repo/ws/install/lib/pkgconfig/px4_msgs.pc'
[1529.866s] Level 1:colcon.colcon_core.environment:checking '/repo/ws/install/lib/python3.12/site-packages'
[1529.866s] Level 1:colcon.colcon_core.shell:create_environment_hook('px4_msgs', 'pythonpath')
[1529.866s] INFO:colcon.colcon_core.shell:Creating environment hook '/repo/ws/install/share/px4_msgs/hook/pythonpath.ps1'
[1529.867s] INFO:colcon.colcon_core.shell:Creating environment descriptor '/repo/ws/install/share/px4_msgs/hook/pythonpath.dsv'
[1529.867s] INFO:colcon.colcon_core.shell:Creating environment hook '/repo/ws/install/share/px4_msgs/hook/pythonpath.sh'
[1529.868s] Level 1:colcon.colcon_core.environment:checking '/repo/ws/install/bin'
[1529.868s] INFO:colcon.colcon_core.shell:Creating package script '/repo/ws/install/share/px4_msgs/package.ps1'
[1529.869s] INFO:colcon.colcon_core.shell:Creating package descriptor '/repo/ws/install/share/px4_msgs/package.dsv'
[1529.870s] INFO:colcon.colcon_core.shell:Creating package script '/repo/ws/install/share/px4_msgs/package.sh'
[1529.870s] INFO:colcon.colcon_core.shell:Creating package script '/repo/ws/install/share/px4_msgs/package.bash'
[1529.871s] INFO:colcon.colcon_core.shell:Creating package script '/repo/ws/install/share/px4_msgs/package.zsh'
[1529.871s] Level 1:colcon.colcon_core.environment:create_file_with_runtime_dependencies(/repo/ws/install/share/colcon-core/packages/px4_msgs)
[1566.168s] Level 1:colcon.colcon_core.environment:create_environment_scripts_only(px4)
[1566.168s] Level 1:colcon.colcon_core.environment:checking '/repo/ws/install' for CMake module files
[1566.169s] DEBUG:colcon.colcon_core.event_handler.log_command:Invoked command in '/repo/ws/build/px4' returned '0': CMAKE_PREFIX_PATH=${CMAKE_PREFIX_PATH}:/opt/ros/jazzy /usr/bin/cmake --install /repo/ws/build/px4
[1566.170s] Level 1:colcon.colcon_core.environment:checking '/repo/ws/install' for CMake config files
[1566.180s] Level 1:colcon.colcon_core.shell:create_environment_hook('px4', 'cmake_prefix_path')
[1566.180s] INFO:colcon.colcon_core.shell:Creating environment hook '/repo/ws/install/share/px4/hook/cmake_prefix_path.ps1'
[1566.181s] INFO:colcon.colcon_core.shell:Creating environment descriptor '/repo/ws/install/share/px4/hook/cmake_prefix_path.dsv'
[1566.181s] INFO:colcon.colcon_core.shell:Creating environment hook '/repo/ws/install/share/px4/hook/cmake_prefix_path.sh'
[1566.182s] Level 1:colcon.colcon_core.environment:checking '/repo/ws/install/lib'
[1566.182s] Level 1:colcon.colcon_core.shell:create_environment_hook('px4', 'ld_library_path_lib')
[1566.182s] INFO:colcon.colcon_core.shell:Creating environment hook '/repo/ws/install/share/px4/hook/ld_library_path_lib.ps1'
[1566.183s] INFO:colcon.colcon_core.shell:Creating environment descriptor '/repo/ws/install/share/px4/hook/ld_library_path_lib.dsv'
[1566.183s] INFO:colcon.colcon_core.shell:Creating environment hook '/repo/ws/install/share/px4/hook/ld_library_path_lib.sh'
[1566.184s] Level 1:colcon.colcon_core.environment:checking '/repo/ws/install/bin'
[1566.184s] Level 1:colcon.colcon_core.environment:checking '/repo/ws/install/lib/pkgconfig/px4.pc'
[1566.185s] Level 1:colcon.colcon_core.environment:checking '/repo/ws/install/lib/python3.12/site-packages'
[1566.185s] Level 1:colcon.colcon_core.shell:create_environment_hook('px4', 'pythonpath')
[1566.185s] INFO:colcon.colcon_core.shell:Creating environment hook '/repo/ws/install/share/px4/hook/pythonpath.ps1'
[1566.185s] INFO:colcon.colcon_core.shell:Creating environment descriptor '/repo/ws/install/share/px4/hook/pythonpath.dsv'
[1566.186s] INFO:colcon.colcon_core.shell:Creating environment hook '/repo/ws/install/share/px4/hook/pythonpath.sh'
[1566.187s] Level 1:colcon.colcon_core.environment:checking '/repo/ws/install/bin'
[1566.187s] INFO:colcon.colcon_core.shell:Creating package script '/repo/ws/install/share/px4/package.ps1'
[1566.188s] INFO:colcon.colcon_core.shell:Creating package descriptor '/repo/ws/install/share/px4/package.dsv'
[1566.189s] INFO:colcon.colcon_core.shell:Creating package script '/repo/ws/install/share/px4/package.sh'
[1566.190s] INFO:colcon.colcon_core.shell:Creating package script '/repo/ws/install/share/px4/package.bash'
[1566.190s] INFO:colcon.colcon_core.shell:Creating package script '/repo/ws/install/share/px4/package.zsh'
[1566.191s] Level 1:colcon.colcon_core.environment:create_file_with_runtime_dependencies(/repo/ws/install/share/colcon-core/packages/px4)
[1566.192s] Level 1:colcon.colcon_core.environment:create_environment_scripts_only(px4)
[1566.192s] Level 1:colcon.colcon_core.environment:checking '/repo/ws/install' for CMake module files
[1566.193s] Level 1:colcon.colcon_core.environment:checking '/repo/ws/install' for CMake config files
[1566.203s] Level 1:colcon.colcon_core.shell:create_environment_hook('px4', 'cmake_prefix_path')
[1566.203s] INFO:colcon.colcon_core.shell:Creating environment hook '/repo/ws/install/share/px4/hook/cmake_prefix_path.ps1'
[1566.204s] INFO:colcon.colcon_core.shell:Creating environment descriptor '/repo/ws/install/share/px4/hook/cmake_prefix_path.dsv'
[1566.204s] INFO:colcon.colcon_core.shell:Creating environment hook '/repo/ws/install/share/px4/hook/cmake_prefix_path.sh'
[1566.205s] Level 1:colcon.colcon_core.environment:checking '/repo/ws/install/lib'
[1566.205s] Level 1:colcon.colcon_core.shell:create_environment_hook('px4', 'ld_library_path_lib')
[1566.205s] INFO:colcon.colcon_core.shell:Creating environment hook '/repo/ws/install/share/px4/hook/ld_library_path_lib.ps1'
[1566.206s] INFO:colcon.colcon_core.shell:Creating environment descriptor '/repo/ws/install/share/px4/hook/ld_library_path_lib.dsv'
[1566.206s] INFO:colcon.colcon_core.shell:Creating environment hook '/repo/ws/install/share/px4/hook/ld_library_path_lib.sh'
[1566.207s] Level 1:colcon.colcon_core.environment:checking '/repo/ws/install/bin'
[1566.207s] Level 1:colcon.colcon_core.environment:checking '/repo/ws/install/lib/pkgconfig/px4.pc'
[1566.207s] Level 1:colcon.colcon_core.environment:checking '/repo/ws/install/lib/python3.12/site-packages'
[1566.207s] Level 1:colcon.colcon_core.shell:create_environment_hook('px4', 'pythonpath')
[1566.207s] INFO:colcon.colcon_core.shell:Creating environment hook '/repo/ws/install/share/px4/hook/pythonpath.ps1'
[1566.208s] INFO:colcon.colcon_core.shell:Creating environment descriptor '/repo/ws/install/share/px4/hook/pythonpath.dsv'
[1566.208s] INFO:colcon.colcon_core.shell:Creating environment hook '/repo/ws/install/share/px4/hook/pythonpath.sh'
[1566.209s] Level 1:colcon.colcon_core.environment:checking '/repo/ws/install/bin'
[1566.210s] INFO:colcon.colcon_core.shell:Creating package script '/repo/ws/install/share/px4/package.ps1'
[1566.210s] INFO:colcon.colcon_core.shell:Creating package descriptor '/repo/ws/install/share/px4/package.dsv'
[1566.211s] INFO:colcon.colcon_core.shell:Creating package script '/repo/ws/install/share/px4/package.sh'
[1566.211s] INFO:colcon.colcon_core.shell:Creating package script '/repo/ws/install/share/px4/package.bash'
[1566.212s] INFO:colcon.colcon_core.shell:Creating package script '/repo/ws/install/share/px4/package.zsh'
[1566.212s] Level 1:colcon.colcon_core.environment:create_file_with_runtime_dependencies(/repo/ws/install/share/colcon-core/packages/px4)
[1566.213s] DEBUG:colcon.colcon_parallel_executor.executor.parallel:closing loop
[1566.213s] DEBUG:colcon.colcon_parallel_executor.executor.parallel:loop closed
[1566.213s] DEBUG:colcon.colcon_parallel_executor.executor.parallel:run_until_complete finished with '0'
[1566.214s] DEBUG:colcon.colcon_core.event_reactor:joining thread
[1566.238s] INFO:colcon.colcon_core.plugin_system:Skipping extension 'colcon_notification.desktop_notification.notify_send': Could not find 'notify-send'
[1566.239s] INFO:colcon.colcon_core.plugin_system:Skipping extension 'colcon_notification.desktop_notification.terminal_notifier': Not used on non-Darwin systems
[1566.239s] INFO:colcon.colcon_core.plugin_system:Skipping extension 'colcon_notification.desktop_notification.win32': Not used on non-Windows systems
[1566.239s] INFO:colcon.colcon_notification.desktop_notification:Sending desktop notification using 'notify2'
[1566.239s] DEBUG:colcon.colcon_notification.desktop_notification.notify2:Failed to initialize notify2: org.freedesktop.DBus.Error.NotSupported: Unable to autolaunch a dbus-daemon without a $DISPLAY for X11
[1566.239s] DEBUG:colcon.colcon_core.event_reactor:joined thread
[1566.240s] INFO:colcon.colcon_core.shell:Creating prefix script '/repo/ws/install/local_setup.ps1'
[1566.241s] INFO:colcon.colcon_core.shell:Creating prefix util module '/repo/ws/install/_local_setup_util_ps1.py'
[1566.242s] INFO:colcon.colcon_core.shell:Creating prefix chain script '/repo/ws/install/setup.ps1'
[1566.243s] INFO:colcon.colcon_core.shell:Creating prefix script '/repo/ws/install/local_setup.sh'
[1566.244s] INFO:colcon.colcon_core.shell:Creating prefix util module '/repo/ws/install/_local_setup_util_sh.py'
[1566.244s] INFO:colcon.colcon_core.shell:Creating prefix chain script '/repo/ws/install/setup.sh'
[1566.245s] INFO:colcon.colcon_core.shell:Creating prefix script '/repo/ws/install/local_setup.bash'
[1566.246s] INFO:colcon.colcon_core.shell:Creating prefix chain script '/repo/ws/install/setup.bash'
[1566.247s] INFO:colcon.colcon_core.shell:Creating prefix script '/repo/ws/install/local_setup.zsh'
[1566.248s] INFO:colcon.colcon_core.shell:Creating prefix chain script '/repo/ws/install/setup.zsh'
