[0.014s] Invoking command in '/repo/ws/build/drone_sim': CMAKE_PREFIX_PATH=${CMAKE_PREFIX_PATH}:/opt/ros/jazzy /usr/bin/cmake /repo/ws/src/drone_sim -DAMENT_CMAKE_SYMLINK_INSTALL=1 -DCMAKE_INSTALL_PREFIX=/repo/ws/install
[0.088s] -- The C compiler identification is GNU 13.3.0
[0.163s] -- The CXX compiler identification is GNU 13.3.0
[0.183s] -- Detecting C compiler ABI info
[0.312s] -- Detecting C compiler ABI info - done
[0.331s] -- Check for working C compiler: /usr/bin/cc - skipped
[0.331s] -- Detecting C compile features
[0.331s] -- Detecting C compile features - done
[0.356s] -- Detecting CXX compiler ABI info
[0.508s] -- Detecting CXX compiler ABI info - done
[0.522s] -- Check for working CXX compiler: /usr/bin/c++ - skipped
[0.523s] -- Detecting CXX compile features
[0.523s] -- Detecting CXX compile features - done
[0.533s] -- Found ament_cmake: 2.5.4 (/opt/ros/jazzy/share/ament_cmake/cmake)
[0.737s] -- Found Python3: /opt/venv/bin/python3 (found version "3.12.3") found components: Interpreter 
[0.877s] -- Override CMake install command with custom implementation using symlinks instead of copying resources
[0.989s] -- Found ros_gz_sim: 1.0.18 (/opt/ros/jazzy/share/ros_gz_sim/cmake)
[1.095s] -- Found rosidl_generator_c: 4.6.6 (/opt/ros/jazzy/share/rosidl_generator_c/cmake)
[1.126s] -- Found rosidl_generator_cpp: 4.6.6 (/opt/ros/jazzy/share/rosidl_generator_cpp/cmake)
[1.163s] -- Using all available rosidl_typesupport_c: rosidl_typesupport_fastrtps_c;rosidl_typesupport_introspection_c
[1.203s] -- Using all available rosidl_typesupport_cpp: rosidl_typesupport_fastrtps_cpp;rosidl_typesupport_introspection_cpp
[1.361s] -- Found rmw_implementation_cmake: 7.3.2 (/opt/ros/jazzy/share/rmw_implementation_cmake/cmake)
[1.369s] -- Found rmw_fastrtps_cpp: 8.4.3 (/opt/ros/jazzy/share/rmw_fastrtps_cpp/cmake)
[1.520s] -- Found OpenSSL: /usr/lib/x86_64-linux-gnu/libcrypto.so (found version "3.0.13")  
[1.549s] -- Found FastRTPS: /opt/ros/jazzy/include (Required is at least version "2.13") 
[1.581s] -- Using RMW implementation 'rmw_fastrtps_cpp' as default
[2.182s] -- Configuring done (2.2s)
[2.199s] -- Generating done (0.0s)
[2.203s] -- Build files have been written to: /repo/ws/build/drone_sim
[2.221s] Invoked command in '/repo/ws/build/drone_sim' returned '0': CMAKE_PREFIX_PATH=${CMAKE_PREFIX_PATH}:/opt/ros/jazzy /usr/bin/cmake /repo/ws/src/drone_sim -DAMENT_CMAKE_SYMLINK_INSTALL=1 -DCMAKE_INSTALL_PREFIX=/repo/ws/install
[2.222s] Invoking command in '/repo/ws/build/drone_sim': CMAKE_PREFIX_PATH=${CMAKE_PREFIX_PATH}:/opt/ros/jazzy /usr/bin/cmake --build /repo/ws/build/drone_sim -- -j4 -l4
[2.304s] Invoked command in '/repo/ws/build/drone_sim' returned '0': CMAKE_PREFIX_PATH=${CMAKE_PREFIX_PATH}:/opt/ros/jazzy /usr/bin/cmake --build /repo/ws/build/drone_sim -- -j4 -l4
[2.322s] Invoking command in '/repo/ws/build/drone_sim': CMAKE_PREFIX_PATH=${CMAKE_PREFIX_PATH}:/opt/ros/jazzy /usr/bin/cmake --install /repo/ws/build/drone_sim
[2.334s] -- Install configuration: ""
[2.335s] -- Execute custom install script
[2.336s] -- Symlinking: /repo/ws/install/share/drone_sim/models/ground_plane/model-1_2.sdf
[2.352s] -- Symlinking: /repo/ws/install/share/drone_sim/models/ground_plane/model-1_3.sdf
[2.366s] -- Symlinking: /repo/ws/install/share/drone_sim/models/ground_plane/model-1_4.sdf
[2.381s] -- Symlinking: /repo/ws/install/share/drone_sim/models/ground_plane/model.config
[2.395s] -- Symlinking: /repo/ws/install/share/drone_sim/models/ground_plane/model.sdf
[2.409s] -- Symlinking: /repo/ws/install/share/drone_sim/models/ground_plane/thumbnails/1.png
[2.423s] -- Symlinking: /repo/ws/install/share/drone_sim/models/ground_plane/thumbnails/2.png
[2.438s] -- Symlinking: /repo/ws/install/share/drone_sim/models/ground_plane/thumbnails/3.png
[2.453s] -- Symlinking: /repo/ws/install/share/drone_sim/models/ground_plane/thumbnails/4.png
[2.467s] -- Symlinking: /repo/ws/install/share/drone_sim/models/ground_plane/thumbnails/5.png
[2.482s] -- Symlinking: /repo/ws/install/share/drone_sim/models/simple_drone/model.sdf
[2.498s] -- Symlinking: /repo/ws/install/share/drone_sim/models/sun/model-1_2.sdf
[2.512s] -- Symlinking: /repo/ws/install/share/drone_sim/models/sun/model-1_3.sdf
[2.525s] -- Symlinking: /repo/ws/install/share/drone_sim/models/sun/model-1_4.sdf
[2.540s] -- Symlinking: /repo/ws/install/share/drone_sim/models/sun/model.config
[2.554s] -- Symlinking: /repo/ws/install/share/drone_sim/models/sun/model.sdf
[2.568s] -- Symlinking: /repo/ws/install/share/drone_sim/models/x500_custom/materials/textures/CF.png
[2.583s] -- Symlinking: /repo/ws/install/share/drone_sim/models/x500_custom/materials/textures/nxp.png
[2.598s] -- Symlinking: /repo/ws/install/share/drone_sim/models/x500_custom/materials/textures/rd.png
[2.614s] -- Symlinking: /repo/ws/install/share/drone_sim/models/x500_custom/meshes/1345_prop_ccw.stl
[2.628s] -- Symlinking: /repo/ws/install/share/drone_sim/models/x500_custom/meshes/1345_prop_cw.stl
[2.642s] -- Symlinking: /repo/ws/install/share/drone_sim/models/x500_custom/meshes/5010Base.dae
[2.662s] -- Symlinking: /repo/ws/install/share/drone_sim/models/x500_custom/meshes/5010Bell.dae
[2.676s] -- Symlinking: /repo/ws/install/share/drone_sim/models/x500_custom/meshes/CF.png
[2.690s] -- Symlinking: /repo/ws/install/share/drone_sim/models/x500_custom/meshes/NXP-HGD-CF.dae
[2.704s] -- Symlinking: /repo/ws/install/share/drone_sim/models/x500_custom/model.config
[2.720s] -- Symlinking: /repo/ws/install/share/drone_sim/models/x500_custom/model.sdf
[2.737s] -- Symlinking: /repo/ws/install/share/drone_sim/models/x500_custom/thumbnails/1.png
[2.754s] -- Symlinking: /repo/ws/install/share/drone_sim/models/x500_custom/thumbnails/2.png
[2.769s] -- Symlinking: /repo/ws/install/share/drone_sim/models/x500_custom/thumbnails/3.png
[2.784s] -- Symlinking: /repo/ws/install/share/drone_sim/models/x500_custom/thumbnails/4.png
[2.798s] -- Symlinking: /repo/ws/install/share/drone_sim/models/x500_custom/thumbnails/5.png
[2.813s] -- Symlinking: /repo/ws/install/share/drone_sim/worlds/empty.world
[2.829s] -- Symlinking: /repo/ws/install/share/drone_sim/launch/px4_gz_bringup.launch.py
[2.847s] -- Symlinking: /repo/ws/install/share/drone_sim/launch/spawn_drone.launch.py
[2.862s] -- Symlinking: /repo/ws/install/share/ament_index/resource_index/package_run_dependencies/drone_sim
[2.884s] -- Symlinking: /repo/ws/install/share/ament_index/resource_index/parent_prefix_path/drone_sim
[2.908s] -- Symlinking: /repo/ws/install/share/drone_sim/environment/ament_prefix_path.sh
[2.926s] -- Symlinking: /repo/ws/install/share/drone_sim/environment/ament_prefix_path.dsv
[2.943s] -- Symlinking: /repo/ws/install/share/drone_sim/environment/path.sh
[2.962s] -- Symlinking: /repo/ws/install/share/drone_sim/environment/path.dsv
[2.980s] -- Symlinking: /repo/ws/install/share/drone_sim/local_setup.bash
[2.996s] -- Symlinking: /repo/ws/install/share/drone_sim/local_setup.sh
[3.013s] -- Symlinking: /repo/ws/install/share/drone_sim/local_setup.zsh
[3.029s] -- Symlinking: /repo/ws/install/share/drone_sim/local_setup.dsv
[3.048s] -- Symlinking: /repo/ws/install/share/drone_sim/package.dsv
[3.066s] -- Symlinking: /repo/ws/install/share/ament_index/resource_index/packages/drone_sim
[3.082s] -- Symlinking: /repo/ws/install/share/drone_sim/cmake/drone_simConfig.cmake
[3.096s] -- Symlinking: /repo/ws/install/share/drone_sim/cmake/drone_simConfig-version.cmake
[3.111s] -- Symlinking: /repo/ws/install/share/drone_sim/package.xml
[3.132s] Invoked command in '/repo/ws/build/drone_sim' returned '0': CMAKE_PREFIX_PATH=${CMAKE_PREFIX_PATH}:/opt/ros/jazzy /usr/bin/cmake --install /repo/ws/build/drone_sim
