[0.160s] DEBUG:colcon:Command line arguments: ['/usr/bin/colcon', 'build', '--symlink-install', '--merge-install']
[0.160s] DEBUG:colcon:Parsed command line arguments: Namespace(log_base=None, log_level=None, verb_name='build', build_base='build', install_base='install', merge_install=True, symlink_install=True, test_result_base=None, continue_on_error=False, executor='parallel', parallel_workers=4, event_handlers=None, ignore_user_meta=False, metas=['./colcon.meta'], base_paths=['.'], packages_ignore=None, packages_ignore_regex=None, paths=None, packages_up_to=None, packages_up_to_regex=None, packages_above=None, packages_above_and_dependencies=None, packages_above_depth=None, packages_select_by_dep=None, packages_skip_by_dep=None, packages_skip_up_to=None, packages_select_build_failed=False, packages_skip_build_finished=False, packages_select_test_failures=False, packages_skip_test_passed=False, packages_select=None, packages_skip=None, packages_select_regex=None, packages_skip_regex=None, packages_start=None, packages_end=None, cmake_args=None, cmake_target=None, cmake_target_skip_unavailable=False, cmake_clean_cache=False, cmake_clean_first=False, cmake_force_configure=False, ament_cmake_args=None, catkin_cmake_args=None, catkin_skip_building_tests=False, mixin_files=None, mixin=None, verb_parser=<colcon_mixin.mixin.mixin_argument.MixinArgumentDecorator object at 0x70e2f7257b00>, verb_extension=<colcon_core.verb.build.BuildVerb object at 0x70e2f7257860>, main=<bound method BuildVerb.main of <colcon_core.verb.build.BuildVerb object at 0x70e2f7257860>>, mixin_verb=('build',))
[0.212s] Level 1:colcon.colcon_core.package_discovery:discover_packages(colcon_meta) check parameters
[0.212s] Level 1:colcon.colcon_core.package_discovery:discover_packages(recursive) check parameters
[0.212s] Level 1:colcon.colcon_core.package_discovery:discover_packages(ignore) check parameters
[0.212s] Level 1:colcon.colcon_core.package_discovery:discover_packages(path) check parameters
[0.212s] Level 1:colcon.colcon_core.package_discovery:discover_packages(colcon_meta) discover
[0.212s] Level 1:colcon.colcon_core.package_discovery:discover_packages(recursive) discover
[0.212s] INFO:colcon.colcon_core.package_discovery:Crawling recursively for packages in '/repo/ws'
[0.212s] Level 1:colcon.colcon_core.package_identification:_identify(.) by extensions ['ignore', 'ignore_ament_install']
[0.212s] Level 1:colcon.colcon_core.package_identification:_identify(.) by extension 'ignore'
[0.212s] Level 1:colcon.colcon_core.package_identification:_identify(.) by extension 'ignore_ament_install'
[0.213s] Level 1:colcon.colcon_core.package_identification:_identify(.) by extensions ['colcon_pkg']
[0.213s] Level 1:colcon.colcon_core.package_identification:_identify(.) by extension 'colcon_pkg'
[0.213s] Level 1:colcon.colcon_core.package_identification:_identify(.) by extensions ['colcon_meta']
[0.213s] Level 1:colcon.colcon_core.package_identification:_identify(.) by extension 'colcon_meta'
[0.213s] Level 1:colcon.colcon_core.package_identification:_identify(.) by extensions ['ros']
[0.213s] Level 1:colcon.colcon_core.package_identification:_identify(.) by extension 'ros'
[0.250s] Level 1:colcon.colcon_core.package_identification:_identify(.) by extensions ['cmake', 'python']
[0.250s] Level 1:colcon.colcon_core.package_identification:_identify(.) by extension 'cmake'
[0.250s] Level 1:colcon.colcon_core.package_identification:_identify(.) by extension 'python'
[0.250s] Level 1:colcon.colcon_core.package_identification:_identify(.) by extensions ['python_setup_py']
[0.251s] Level 1:colcon.colcon_core.package_identification:_identify(.) by extension 'python_setup_py'
[0.251s] Level 1:colcon.colcon_core.package_identification:_identify(build) by extensions ['ignore', 'ignore_ament_install']
[0.251s] Level 1:colcon.colcon_core.package_identification:_identify(build) by extension 'ignore'
[0.251s] Level 1:colcon.colcon_core.package_identification:_identify(build) ignored
[0.251s] Level 1:colcon.colcon_core.package_identification:_identify(install) by extensions ['ignore', 'ignore_ament_install']
[0.251s] Level 1:colcon.colcon_core.package_identification:_identify(install) by extension 'ignore'
[0.251s] Level 1:colcon.colcon_core.package_identification:_identify(install) ignored
[0.251s] Level 1:colcon.colcon_core.package_identification:_identify(log) by extensions ['ignore', 'ignore_ament_install']
[0.251s] Level 1:colcon.colcon_core.package_identification:_identify(log) by extension 'ignore'
[0.252s] Level 1:colcon.colcon_core.package_identification:_identify(log) ignored
[0.252s] Level 1:colcon.colcon_core.package_identification:_identify(src) by extensions ['ignore', 'ignore_ament_install']
[0.252s] Level 1:colcon.colcon_core.package_identification:_identify(src) by extension 'ignore'
[0.252s] Level 1:colcon.colcon_core.package_identification:_identify(src) by extension 'ignore_ament_install'
[0.252s] Level 1:colcon.colcon_core.package_identification:_identify(src) by extensions ['colcon_pkg']
[0.252s] Level 1:colcon.colcon_core.package_identification:_identify(src) by extension 'colcon_pkg'
[0.252s] Level 1:colcon.colcon_core.package_identification:_identify(src) by extensions ['colcon_meta']
[0.252s] Level 1:colcon.colcon_core.package_identification:_identify(src) by extension 'colcon_meta'
[0.252s] Level 1:colcon.colcon_core.package_identification:_identify(src) by extensions ['ros']
[0.252s] Level 1:colcon.colcon_core.package_identification:_identify(src) by extension 'ros'
[0.252s] Level 1:colcon.colcon_core.package_identification:_identify(src) by extensions ['cmake', 'python']
[0.252s] Level 1:colcon.colcon_core.package_identification:_identify(src) by extension 'cmake'
[0.252s] Level 1:colcon.colcon_core.package_identification:_identify(src) by extension 'python'
[0.252s] Level 1:colcon.colcon_core.package_identification:_identify(src) by extensions ['python_setup_py']
[0.252s] Level 1:colcon.colcon_core.package_identification:_identify(src) by extension 'python_setup_py'
[0.253s] Level 1:colcon.colcon_core.package_identification:_identify(src/drone_sim) by extensions ['ignore', 'ignore_ament_install']
[0.253s] Level 1:colcon.colcon_core.package_identification:_identify(src/drone_sim) by extension 'ignore'
[0.253s] Level 1:colcon.colcon_core.package_identification:_identify(src/drone_sim) by extension 'ignore_ament_install'
[0.253s] Level 1:colcon.colcon_core.package_identification:_identify(src/drone_sim) by extensions ['colcon_pkg']
[0.253s] Level 1:colcon.colcon_core.package_identification:_identify(src/drone_sim) by extension 'colcon_pkg'
[0.253s] Level 1:colcon.colcon_core.package_identification:_identify(src/drone_sim) by extensions ['colcon_meta']
[0.253s] Level 1:colcon.colcon_core.package_identification:_identify(src/drone_sim) by extension 'colcon_meta'
[0.253s] Level 1:colcon.colcon_core.package_identification:_identify(src/drone_sim) by extensions ['ros']
[0.253s] Level 1:colcon.colcon_core.package_identification:_identify(src/drone_sim) by extension 'ros'
[0.256s] DEBUG:colcon.colcon_core.package_identification:Package 'src/drone_sim' with type 'ros.ament_cmake' and name 'drone_sim'
[0.256s] Level 1:colcon.colcon_core.package_identification:_identify(src/offboard_demo) by extensions ['ignore', 'ignore_ament_install']
[0.256s] Level 1:colcon.colcon_core.package_identification:_identify(src/offboard_demo) by extension 'ignore'
[0.256s] Level 1:colcon.colcon_core.package_identification:_identify(src/offboard_demo) by extension 'ignore_ament_install'
[0.257s] Level 1:colcon.colcon_core.package_identification:_identify(src/offboard_demo) by extensions ['colcon_pkg']
[0.257s] Level 1:colcon.colcon_core.package_identification:_identify(src/offboard_demo) by extension 'colcon_pkg'
[0.257s] Level 1:colcon.colcon_core.package_identification:_identify(src/offboard_demo) by extensions ['colcon_meta']
[0.257s] Level 1:colcon.colcon_core.package_identification:_identify(src/offboard_demo) by extension 'colcon_meta'
[0.257s] Level 1:colcon.colcon_core.package_identification:_identify(src/offboard_demo) by extensions ['ros']
[0.257s] Level 1:colcon.colcon_core.package_identification:_identify(src/offboard_demo) by extension 'ros'
[0.257s] DEBUG:colcon.colcon_core.package_identification:Package 'src/offboard_demo' with type 'ros.ament_python' and name 'offboard_demo'
[0.258s] Level 1:colcon.colcon_core.package_identification:_identify(src/px4) by extensions ['ignore', 'ignore_ament_install']
[0.258s] Level 1:colcon.colcon_core.package_identification:_identify(src/px4) by extension 'ignore'
[0.258s] Level 1:colcon.colcon_core.package_identification:_identify(src/px4) by extension 'ignore_ament_install'
[0.258s] Level 1:colcon.colcon_core.package_identification:_identify(src/px4) by extensions ['colcon_pkg']
[0.258s] Level 1:colcon.colcon_core.package_identification:_identify(src/px4) by extension 'colcon_pkg'
[0.258s] Level 1:colcon.colcon_core.package_identification:_identify(src/px4) by extensions ['colcon_meta']
[0.258s] Level 1:colcon.colcon_core.package_identification:_identify(src/px4) by extension 'colcon_meta'
[0.258s] Level 1:colcon.colcon_core.package_identification:_identify(src/px4) by extensions ['ros']
[0.258s] Level 1:colcon.colcon_core.package_identification:_identify(src/px4) by extension 'ros'
[0.259s] DEBUG:colcon.colcon_core.package_identification:Package 'src/px4' with type 'ros.ament_cmake' and name 'px4'
[0.259s] Level 1:colcon.colcon_core.package_identification:_identify(src/px4_msgs) by extensions ['ignore', 'ignore_ament_install']
[0.259s] Level 1:colcon.colcon_core.package_identification:_identify(src/px4_msgs) by extension 'ignore'
[0.259s] Level 1:colcon.colcon_core.package_identification:_identify(src/px4_msgs) by extension 'ignore_ament_install'
[0.259s] Level 1:colcon.colcon_core.package_identification:_identify(src/px4_msgs) by extensions ['colcon_pkg']
[0.259s] Level 1:colcon.colcon_core.package_identification:_identify(src/px4_msgs) by extension 'colcon_pkg'
[0.259s] Level 1:colcon.colcon_core.package_identification:_identify(src/px4_msgs) by extensions ['colcon_meta']
[0.259s] Level 1:colcon.colcon_core.package_identification:_identify(src/px4_msgs) by extension 'colcon_meta'
[0.259s] Level 1:colcon.colcon_core.package_identification:_identify(src/px4_msgs) by extensions ['ros']
[0.259s] Level 1:colcon.colcon_core.package_identification:_identify(src/px4_msgs) by extension 'ros'
[0.260s] DEBUG:colcon.colcon_core.package_identification:Package 'src/px4_msgs' with type 'ros.ament_cmake' and name 'px4_msgs'
[0.260s] Level 1:colcon.colcon_core.package_discovery:discover_packages(recursive) using defaults
[0.260s] Level 1:colcon.colcon_core.package_discovery:discover_packages(ignore) discover
[0.260s] Level 1:colcon.colcon_core.package_discovery:discover_packages(ignore) using defaults
[0.260s] Level 1:colcon.colcon_core.package_discovery:discover_packages(path) discover
[0.260s] Level 1:colcon.colcon_core.package_discovery:discover_packages(path) using defaults
[0.285s] Level 5:colcon.colcon_core.verb:set package 'drone_sim' build argument 'cmake_args' from command line to 'None'
[0.285s] Level 5:colcon.colcon_core.verb:set package 'drone_sim' build argument 'cmake_target' from command line to 'None'
[0.285s] Level 5:colcon.colcon_core.verb:set package 'drone_sim' build argument 'cmake_target_skip_unavailable' from command line to 'False'
[0.285s] Level 5:colcon.colcon_core.verb:set package 'drone_sim' build argument 'cmake_clean_cache' from command line to 'False'
[0.285s] Level 5:colcon.colcon_core.verb:set package 'drone_sim' build argument 'cmake_clean_first' from command line to 'False'
[0.285s] Level 5:colcon.colcon_core.verb:set package 'drone_sim' build argument 'cmake_force_configure' from command line to 'False'
[0.285s] Level 5:colcon.colcon_core.verb:set package 'drone_sim' build argument 'ament_cmake_args' from command line to 'None'
[0.285s] Level 5:colcon.colcon_core.verb:set package 'drone_sim' build argument 'catkin_cmake_args' from command line to 'None'
[0.285s] Level 5:colcon.colcon_core.verb:set package 'drone_sim' build argument 'catkin_skip_building_tests' from command line to 'False'
[0.285s] DEBUG:colcon.colcon_core.verb:Building package 'drone_sim' with the following arguments: {'ament_cmake_args': None, 'build_base': '/repo/ws/build/drone_sim', 'catkin_cmake_args': None, 'catkin_skip_building_tests': False, 'cmake_args': None, 'cmake_clean_cache': False, 'cmake_clean_first': False, 'cmake_force_configure': False, 'cmake_target': None, 'cmake_target_skip_unavailable': False, 'install_base': '/repo/ws/install', 'merge_install': True, 'path': '/repo/ws/src/drone_sim', 'symlink_install': True, 'test_result_base': None}
[0.285s] Level 5:colcon.colcon_core.verb:set package 'offboard_demo' build argument 'cmake_args' from command line to 'None'
[0.285s] Level 5:colcon.colcon_core.verb:set package 'offboard_demo' build argument 'cmake_target' from command line to 'None'
[0.285s] Level 5:colcon.colcon_core.verb:set package 'offboard_demo' build argument 'cmake_target_skip_unavailable' from command line to 'False'
[0.285s] Level 5:colcon.colcon_core.verb:set package 'offboard_demo' build argument 'cmake_clean_cache' from command line to 'False'
[0.285s] Level 5:colcon.colcon_core.verb:set package 'offboard_demo' build argument 'cmake_clean_first' from command line to 'False'
[0.285s] Level 5:colcon.colcon_core.verb:set package 'offboard_demo' build argument 'cmake_force_configure' from command line to 'False'
[0.285s] Level 5:colcon.colcon_core.verb:set package 'offboard_demo' build argument 'ament_cmake_args' from command line to 'None'
[0.285s] Level 5:colcon.colcon_core.verb:set package 'offboard_demo' build argument 'catkin_cmake_args' from command line to 'None'
[0.285s] Level 5:colcon.colcon_core.verb:set package 'offboard_demo' build argument 'catkin_skip_building_tests' from command line to 'False'
[0.286s] DEBUG:colcon.colcon_core.verb:Building package 'offboard_demo' with the following arguments: {'ament_cmake_args': None, 'build_base': '/repo/ws/build/offboard_demo', 'catkin_cmake_args': None, 'catkin_skip_building_tests': False, 'cmake_args': None, 'cmake_clean_cache': False, 'cmake_clean_first': False, 'cmake_force_configure': False, 'cmake_target': None, 'cmake_target_skip_unavailable': False, 'install_base': '/repo/ws/install', 'merge_install': True, 'path': '/repo/ws/src/offboard_demo', 'symlink_install': True, 'test_result_base': None}
[0.286s] Level 5:colcon.colcon_core.verb:set package 'px4' build argument 'cmake_args' from command line to 'None'
[0.286s] Level 5:colcon.colcon_core.verb:set package 'px4' build argument 'cmake_target' from command line to 'None'
[0.286s] Level 5:colcon.colcon_core.verb:set package 'px4' build argument 'cmake_target_skip_unavailable' from command line to 'False'
[0.286s] Level 5:colcon.colcon_core.verb:set package 'px4' build argument 'cmake_clean_cache' from command line to 'False'
[0.286s] Level 5:colcon.colcon_core.verb:set package 'px4' build argument 'cmake_clean_first' from command line to 'False'
[0.286s] Level 5:colcon.colcon_core.verb:set package 'px4' build argument 'cmake_force_configure' from command line to 'False'
[0.286s] Level 5:colcon.colcon_core.verb:set package 'px4' build argument 'ament_cmake_args' from command line to 'None'
[0.286s] Level 5:colcon.colcon_core.verb:set package 'px4' build argument 'catkin_cmake_args' from command line to 'None'
[0.286s] Level 5:colcon.colcon_core.verb:set package 'px4' build argument 'catkin_skip_building_tests' from command line to 'False'
[0.286s] DEBUG:colcon.colcon_core.verb:Building package 'px4' with the following arguments: {'ament_cmake_args': None, 'build_base': '/repo/ws/build/px4', 'catkin_cmake_args': None, 'catkin_skip_building_tests': False, 'cmake_args': None, 'cmake_clean_cache': False, 'cmake_clean_first': False, 'cmake_force_configure': False, 'cmake_target': None, 'cmake_target_skip_unavailable': False, 'install_base': '/repo/ws/install', 'merge_install': True, 'path': '/repo/ws/src/px4', 'symlink_install': True, 'test_result_base': None}
[0.286s] Level 5:colcon.colcon_core.verb:set package 'px4_msgs' build argument 'cmake_args' from command line to 'None'
[0.286s] Level 5:colcon.colcon_core.verb:set package 'px4_msgs' build argument 'cmake_target' from command line to 'None'
[0.287s] Level 5:colcon.colcon_core.verb:set package 'px4_msgs' build argument 'cmake_target_skip_unavailable' from command line to 'False'
[0.287s] Level 5:colcon.colcon_core.verb:set package 'px4_msgs' build argument 'cmake_clean_cache' from command line to 'False'
[0.287s] Level 5:colcon.colcon_core.verb:set package 'px4_msgs' build argument 'cmake_clean_first' from command line to 'False'
[0.287s] Level 5:colcon.colcon_core.verb:set package 'px4_msgs' build argument 'cmake_force_configure' from command line to 'False'
[0.287s] Level 5:colcon.colcon_core.verb:set package 'px4_msgs' build argument 'ament_cmake_args' from command line to 'None'
[0.287s] Level 5:colcon.colcon_core.verb:set package 'px4_msgs' build argument 'catkin_cmake_args' from command line to 'None'
[0.287s] Level 5:colcon.colcon_core.verb:set package 'px4_msgs' build argument 'catkin_skip_building_tests' from command line to 'False'
[0.287s] DEBUG:colcon.colcon_core.verb:Building package 'px4_msgs' with the following arguments: {'ament_cmake_args': None, 'build_base': '/repo/ws/build/px4_msgs', 'catkin_cmake_args': None, 'catkin_skip_building_tests': False, 'cmake_args': None, 'cmake_clean_cache': False, 'cmake_clean_first': False, 'cmake_force_configure': False, 'cmake_target': None, 'cmake_target_skip_unavailable': False, 'install_base': '/repo/ws/install', 'merge_install': True, 'path': '/repo/ws/src/px4_msgs', 'symlink_install': True, 'test_result_base': None}
[0.287s] INFO:colcon.colcon_core.executor:Executing jobs using 'parallel' executor
[0.288s] DEBUG:colcon.colcon_parallel_executor.executor.parallel:run_until_complete
[0.288s] INFO:colcon.colcon_ros.task.ament_cmake.build:Building ROS package in '/repo/ws/src/drone_sim' with build type 'ament_cmake'
[0.289s] INFO:colcon.colcon_cmake.task.cmake.build:Building CMake package in '/repo/ws/src/drone_sim'
[0.293s] INFO:colcon.colcon_core.plugin_system:Skipping extension 'colcon_core.shell.bat': Not used on non-Windows systems
[0.293s] INFO:colcon.colcon_core.shell:Skip shell extension 'powershell' for command environment: Not usable outside of PowerShell
[0.293s] DEBUG:colcon.colcon_core.shell:Skip shell extension 'dsv' for command environment
[0.299s] INFO:colcon.colcon_ros.task.ament_python.build:Building ROS package in '/repo/ws/src/offboard_demo' with build type 'ament_python'
[0.300s] Level 1:colcon.colcon_core.shell:create_environment_hook('offboard_demo', 'ament_prefix_path')
[0.300s] INFO:colcon.colcon_core.shell:Creating environment hook '/repo/ws/install/share/offboard_demo/hook/ament_prefix_path.ps1'
[0.300s] INFO:colcon.colcon_core.shell:Creating environment descriptor '/repo/ws/install/share/offboard_demo/hook/ament_prefix_path.dsv'
[0.301s] INFO:colcon.colcon_core.shell:Creating environment hook '/repo/ws/install/share/offboard_demo/hook/ament_prefix_path.sh'
[0.302s] INFO:colcon.colcon_core.shell:Skip shell extension 'powershell' for command environment: Not usable outside of PowerShell
[0.302s] DEBUG:colcon.colcon_core.shell:Skip shell extension 'dsv' for command environment
[0.306s] INFO:colcon.colcon_ros.task.ament_cmake.build:Building ROS package in '/repo/ws/src/px4' with build type 'ament_cmake'
[0.306s] INFO:colcon.colcon_cmake.task.cmake.build:Building CMake package in '/repo/ws/src/px4'
[0.307s] INFO:colcon.colcon_core.shell:Skip shell extension 'powershell' for command environment: Not usable outside of PowerShell
[0.307s] DEBUG:colcon.colcon_core.shell:Skip shell extension 'dsv' for command environment
[0.311s] INFO:colcon.colcon_ros.task.ament_cmake.build:Building ROS package in '/repo/ws/src/px4_msgs' with build type 'ament_cmake'
[0.311s] INFO:colcon.colcon_cmake.task.cmake.build:Building CMake package in '/repo/ws/src/px4_msgs'
[0.311s] INFO:colcon.colcon_core.shell:Skip shell extension 'powershell' for command environment: Not usable outside of PowerShell
[0.311s] DEBUG:colcon.colcon_core.shell:Skip shell extension 'dsv' for command environment
[0.320s] DEBUG:colcon.colcon_core.event_handler.log_command:Invoking command in '/repo/ws/build/drone_sim': CMAKE_PREFIX_PATH=${CMAKE_PREFIX_PATH}:/opt/ros/jazzy /usr/bin/cmake --build /repo/ws/build/drone_sim -- -j4 -l4
[0.572s] INFO:colcon.colcon_core.task.python.build:Building Python package in '/repo/ws/src/offboard_demo'
[0.572s] INFO:colcon.colcon_core.shell:Skip shell extension 'powershell' for command environment: Not usable outside of PowerShell
[0.572s] DEBUG:colcon.colcon_core.shell:Skip shell extension 'dsv' for command environment
[0.579s] DEBUG:colcon.colcon_core.event_handler.log_command:Invoking command in '/repo/ws/build/px4': CMAKE_PREFIX_PATH=${CMAKE_PREFIX_PATH}:/opt/ros/jazzy /usr/bin/cmake --build /repo/ws/build/px4 -- -j4 -l4
[0.582s] DEBUG:colcon.colcon_core.event_handler.log_command:Invoked command in '/repo/ws/build/drone_sim' returned '0': CMAKE_PREFIX_PATH=${CMAKE_PREFIX_PATH}:/opt/ros/jazzy /usr/bin/cmake --build /repo/ws/build/drone_sim -- -j4 -l4
[0.596s] DEBUG:colcon.colcon_core.event_handler.log_command:Invoking command in '/repo/ws/build/drone_sim': CMAKE_PREFIX_PATH=${CMAKE_PREFIX_PATH}:/opt/ros/jazzy /usr/bin/cmake --install /repo/ws/build/drone_sim
[0.601s] DEBUG:colcon.colcon_core.event_handler.log_command:Invoking command in '/repo/ws/build/px4_msgs': CMAKE_PREFIX_PATH=${CMAKE_PREFIX_PATH}:/opt/ros/jazzy /usr/bin/cmake --build /repo/ws/build/px4_msgs -- -j4 -l4
[0.651s] Level 1:colcon.colcon_core.environment:create_environment_scripts_only(drone_sim)
[0.652s] DEBUG:colcon.colcon_core.event_handler.log_command:Invoked command in '/repo/ws/build/drone_sim' returned '0': CMAKE_PREFIX_PATH=${CMAKE_PREFIX_PATH}:/opt/ros/jazzy /usr/bin/cmake --install /repo/ws/build/drone_sim
[0.665s] Level 1:colcon.colcon_core.environment:checking '/repo/ws/install' for CMake module files
[0.666s] Level 1:colcon.colcon_core.environment:checking '/repo/ws/install' for CMake config files
[0.689s] Level 1:colcon.colcon_core.shell:create_environment_hook('drone_sim', 'cmake_prefix_path')
[0.691s] INFO:colcon.colcon_core.shell:Creating environment hook '/repo/ws/install/share/drone_sim/hook/cmake_prefix_path.ps1'
[0.693s] INFO:colcon.colcon_core.shell:Creating environment descriptor '/repo/ws/install/share/drone_sim/hook/cmake_prefix_path.dsv'
[0.694s] INFO:colcon.colcon_core.shell:Creating environment hook '/repo/ws/install/share/drone_sim/hook/cmake_prefix_path.sh'
[0.696s] Level 1:colcon.colcon_core.environment:checking '/repo/ws/install/lib'
[0.696s] Level 1:colcon.colcon_core.shell:create_environment_hook('drone_sim', 'ld_library_path_lib')
[0.697s] INFO:colcon.colcon_core.shell:Creating environment hook '/repo/ws/install/share/drone_sim/hook/ld_library_path_lib.ps1'
[0.697s] INFO:colcon.colcon_core.shell:Creating environment descriptor '/repo/ws/install/share/drone_sim/hook/ld_library_path_lib.dsv'
[0.697s] INFO:colcon.colcon_core.shell:Creating environment hook '/repo/ws/install/share/drone_sim/hook/ld_library_path_lib.sh'
[0.698s] Level 1:colcon.colcon_core.environment:checking '/repo/ws/install/bin'
[0.698s] Level 1:colcon.colcon_core.environment:checking '/repo/ws/install/lib/pkgconfig/drone_sim.pc'
[0.698s] Level 1:colcon.colcon_core.environment:checking '/repo/ws/install/lib/python3.12/site-packages'
[0.699s] Level 1:colcon.colcon_core.shell:create_environment_hook('drone_sim', 'pythonpath')
[0.699s] INFO:colcon.colcon_core.shell:Creating environment hook '/repo/ws/install/share/drone_sim/hook/pythonpath.ps1'
[0.699s] INFO:colcon.colcon_core.shell:Creating environment descriptor '/repo/ws/install/share/drone_sim/hook/pythonpath.dsv'
[0.700s] INFO:colcon.colcon_core.shell:Creating environment hook '/repo/ws/install/share/drone_sim/hook/pythonpath.sh'
[0.701s] Level 1:colcon.colcon_core.environment:checking '/repo/ws/install/bin'
[0.701s] INFO:colcon.colcon_core.shell:Creating package script '/repo/ws/install/share/drone_sim/package.ps1'
[0.702s] INFO:colcon.colcon_core.shell:Creating package descriptor '/repo/ws/install/share/drone_sim/package.dsv'
[0.702s] INFO:colcon.colcon_core.shell:Creating package script '/repo/ws/install/share/drone_sim/package.sh'
[0.703s] INFO:colcon.colcon_core.shell:Creating package script '/repo/ws/install/share/drone_sim/package.bash'
[0.704s] INFO:colcon.colcon_core.shell:Creating package script '/repo/ws/install/share/drone_sim/package.zsh'
[0.705s] Level 1:colcon.colcon_core.environment:create_file_with_runtime_dependencies(/repo/ws/install/share/colcon-core/packages/drone_sim)
[0.707s] Level 1:colcon.colcon_core.environment:create_environment_scripts_only(drone_sim)
[0.707s] Level 1:colcon.colcon_core.environment:checking '/repo/ws/install' for CMake module files
[0.708s] Level 1:colcon.colcon_core.environment:checking '/repo/ws/install' for CMake config files
[0.716s] Level 1:colcon.colcon_core.shell:create_environment_hook('drone_sim', 'cmake_prefix_path')
[0.717s] INFO:colcon.colcon_core.shell:Creating environment hook '/repo/ws/install/share/drone_sim/hook/cmake_prefix_path.ps1'
[0.718s] INFO:colcon.colcon_core.shell:Creating environment descriptor '/repo/ws/install/share/drone_sim/hook/cmake_prefix_path.dsv'
[0.718s] INFO:colcon.colcon_core.shell:Creating environment hook '/repo/ws/install/share/drone_sim/hook/cmake_prefix_path.sh'
[0.719s] Level 1:colcon.colcon_core.environment:checking '/repo/ws/install/lib'
[0.719s] Level 1:colcon.colcon_core.shell:create_environment_hook('drone_sim', 'ld_library_path_lib')
[0.720s] INFO:colcon.colcon_core.shell:Creating environment hook '/repo/ws/install/share/drone_sim/hook/ld_library_path_lib.ps1'
[0.720s] INFO:colcon.colcon_core.shell:Creating environment descriptor '/repo/ws/install/share/drone_sim/hook/ld_library_path_lib.dsv'
[0.721s] INFO:colcon.colcon_core.shell:Creating environment hook '/repo/ws/install/share/drone_sim/hook/ld_library_path_lib.sh'
[0.723s] Level 1:colcon.colcon_core.environment:checking '/repo/ws/install/bin'
[0.723s] Level 1:colcon.colcon_core.environment:checking '/repo/ws/install/lib/pkgconfig/drone_sim.pc'
[0.723s] Level 1:colcon.colcon_core.environment:checking '/repo/ws/install/lib/python3.12/site-packages'
[0.724s] Level 1:colcon.colcon_core.shell:create_environment_hook('drone_sim', 'pythonpath')
[0.724s] INFO:colcon.colcon_core.shell:Creating environment hook '/repo/ws/install/share/drone_sim/hook/pythonpath.ps1'
[0.725s] INFO:colcon.colcon_core.shell:Creating environment descriptor '/repo/ws/install/share/drone_sim/hook/pythonpath.dsv'
[0.725s] INFO:colcon.colcon_core.shell:Creating environment hook '/repo/ws/install/share/drone_sim/hook/pythonpath.sh'
[0.727s] Level 1:colcon.colcon_core.environment:checking '/repo/ws/install/bin'
[0.728s] INFO:colcon.colcon_core.shell:Creating package script '/repo/ws/install/share/drone_sim/package.ps1'
[0.729s] INFO:colcon.colcon_core.shell:Creating package descriptor '/repo/ws/install/share/drone_sim/package.dsv'
[0.729s] INFO:colcon.colcon_core.shell:Creating package script '/repo/ws/install/share/drone_sim/package.sh'
[0.730s] INFO:colcon.colcon_core.shell:Creating package script '/repo/ws/install/share/drone_sim/package.bash'
[0.732s] INFO:colcon.colcon_core.shell:Creating package script '/repo/ws/install/share/drone_sim/package.zsh'
[0.733s] Level 1:colcon.colcon_core.environment:create_file_with_runtime_dependencies(/repo/ws/install/share/colcon-core/packages/drone_sim)
[1.585s] DEBUG:colcon.colcon_core.event_handler.log_command:Invoking command in '/repo/ws/build/offboard_demo': PYTHONPATH=/repo/ws/build/offboard_demo/prefix_override:/usr/lib/python3/dist-packages/colcon_core/task/python/colcon_distutils_commands:/repo/ws/install/lib/python3.12/site-packages:${PYTHONPATH} /usr/bin/python3 -W ignore:setup.py install is deprecated -W ignore:easy_install command is deprecated setup.py develop --editable --build-directory /repo/ws/build/offboard_demo/build --no-deps symlink_data
[2.524s] Level 1:colcon.colcon_core.shell:create_environment_hook('offboard_demo', 'pythonpath_develop')
[2.524s] INFO:colcon.colcon_core.shell:Creating environment hook '/repo/ws/build/offboard_demo/share/offboard_demo/hook/pythonpath_develop.ps1'
[2.525s] INFO:colcon.colcon_core.shell:Creating environment descriptor '/repo/ws/build/offboard_demo/share/offboard_demo/hook/pythonpath_develop.dsv'
[2.525s] INFO:colcon.colcon_core.shell:Creating environment hook '/repo/ws/build/offboard_demo/share/offboard_demo/hook/pythonpath_develop.sh'
[2.526s] Level 1:colcon.colcon_core.environment:checking '/repo/ws/install' for CMake module files
[2.527s] DEBUG:colcon.colcon_core.event_handler.log_command:Invoked command in '/repo/ws/build/offboard_demo' returned '0': PYTHONPATH=/repo/ws/build/offboard_demo/prefix_override:/usr/lib/python3/dist-packages/colcon_core/task/python/colcon_distutils_commands:/repo/ws/install/lib/python3.12/site-packages:${PYTHONPATH} /usr/bin/python3 -W ignore:setup.py install is deprecated -W ignore:easy_install command is deprecated setup.py develop --editable --build-directory /repo/ws/build/offboard_demo/build --no-deps symlink_data
[2.527s] Level 1:colcon.colcon_core.environment:checking '/repo/ws/install' for CMake config files
[2.546s] Level 1:colcon.colcon_core.shell:create_environment_hook('offboard_demo', 'cmake_prefix_path')
[2.547s] INFO:colcon.colcon_core.shell:Creating environment hook '/repo/ws/install/share/offboard_demo/hook/cmake_prefix_path.ps1'
[2.549s] INFO:colcon.colcon_core.shell:Creating environment descriptor '/repo/ws/install/share/offboard_demo/hook/cmake_prefix_path.dsv'
[2.550s] INFO:colcon.colcon_core.shell:Creating environment hook '/repo/ws/install/share/offboard_demo/hook/cmake_prefix_path.sh'
[2.551s] Level 1:colcon.colcon_core.environment:checking '/repo/ws/install/lib'
[2.551s] Level 1:colcon.colcon_core.shell:create_environment_hook('offboard_demo', 'ld_library_path_lib')
[2.552s] INFO:colcon.colcon_core.shell:Creating environment hook '/repo/ws/install/share/offboard_demo/hook/ld_library_path_lib.ps1'
[2.552s] INFO:colcon.colcon_core.shell:Creating environment descriptor '/repo/ws/install/share/offboard_demo/hook/ld_library_path_lib.dsv'
[2.553s] INFO:colcon.colcon_core.shell:Creating environment hook '/repo/ws/install/share/offboard_demo/hook/ld_library_path_lib.sh'
[2.553s] Level 1:colcon.colcon_core.environment:checking '/repo/ws/install/bin'
[2.553s] Level 1:colcon.colcon_core.environment:checking '/repo/ws/install/lib/pkgconfig/offboard_demo.pc'
[2.554s] Level 1:colcon.colcon_core.environment:checking '/repo/ws/install/lib/python3.12/site-packages'
[2.554s] Level 1:colcon.colcon_core.shell:create_environment_hook('offboard_demo', 'pythonpath')
[2.554s] INFO:colcon.colcon_core.shell:Creating environment hook '/repo/ws/install/share/offboard_demo/hook/pythonpath.ps1'
[2.555s] INFO:colcon.colcon_core.shell:Creating environment descriptor '/repo/ws/install/share/offboard_demo/hook/pythonpath.dsv'
[2.555s] INFO:colcon.colcon_core.shell:Creating environment hook '/repo/ws/install/share/offboard_demo/hook/pythonpath.sh'
[2.556s] Level 1:colcon.colcon_core.environment:checking '/repo/ws/install/bin'
[2.556s] Level 1:colcon.colcon_core.environment:create_environment_scripts_only(offboard_demo)
[2.557s] INFO:colcon.colcon_core.shell:Creating package script '/repo/ws/install/share/offboard_demo/package.ps1'
[2.559s] INFO:colcon.colcon_core.shell:Creating package descriptor '/repo/ws/install/share/offboard_demo/package.dsv'
[2.560s] INFO:colcon.colcon_core.shell:Creating package script '/repo/ws/install/share/offboard_demo/package.sh'
[2.560s] INFO:colcon.colcon_core.shell:Creating package script '/repo/ws/install/share/offboard_demo/package.bash'
[2.561s] INFO:colcon.colcon_core.shell:Creating package script '/repo/ws/install/share/offboard_demo/package.zsh'
[2.561s] Level 1:colcon.colcon_core.environment:create_file_with_runtime_dependencies(/repo/ws/install/share/colcon-core/packages/offboard_demo)
[2.586s] DEBUG:colcon.colcon_core.event_handler.log_command:Invoked command in '/repo/ws/build/px4' returned '0': CMAKE_PREFIX_PATH=${CMAKE_PREFIX_PATH}:/opt/ros/jazzy /usr/bin/cmake --build /repo/ws/build/px4 -- -j4 -l4
[2.588s] DEBUG:colcon.colcon_core.event_handler.log_command:Invoking command in '/repo/ws/build/px4': CMAKE_PREFIX_PATH=${CMAKE_PREFIX_PATH}:/opt/ros/jazzy /usr/bin/cmake --install /repo/ws/build/px4
[4.139s] Level 1:colcon.colcon_core.environment:create_environment_scripts_only(px4)
[4.139s] Level 1:colcon.colcon_core.environment:checking '/repo/ws/install' for CMake module files
[4.142s] Level 1:colcon.colcon_core.environment:checking '/repo/ws/install' for CMake config files
[4.181s] Level 1:colcon.colcon_core.shell:create_environment_hook('px4', 'cmake_prefix_path')
[4.181s] INFO:colcon.colcon_core.shell:Creating environment hook '/repo/ws/install/share/px4/hook/cmake_prefix_path.ps1'
[4.182s] INFO:colcon.colcon_core.shell:Creating environment descriptor '/repo/ws/install/share/px4/hook/cmake_prefix_path.dsv'
[4.183s] INFO:colcon.colcon_core.shell:Creating environment hook '/repo/ws/install/share/px4/hook/cmake_prefix_path.sh'
[4.184s] Level 1:colcon.colcon_core.environment:checking '/repo/ws/install/lib'
[4.191s] Level 1:colcon.colcon_core.shell:create_environment_hook('px4', 'ld_library_path_lib')
[4.191s] INFO:colcon.colcon_core.shell:Creating environment hook '/repo/ws/install/share/px4/hook/ld_library_path_lib.ps1'
[4.191s] INFO:colcon.colcon_core.shell:Creating environment descriptor '/repo/ws/install/share/px4/hook/ld_library_path_lib.dsv'
[4.193s] INFO:colcon.colcon_core.shell:Creating environment hook '/repo/ws/install/share/px4/hook/ld_library_path_lib.sh'
[4.193s] Level 1:colcon.colcon_core.environment:checking '/repo/ws/install/bin'
[4.197s] Level 1:colcon.colcon_core.environment:checking '/repo/ws/install/lib/pkgconfig/px4.pc'
[4.198s] Level 1:colcon.colcon_core.environment:checking '/repo/ws/install/lib/python3.12/site-packages'
[4.198s] Level 1:colcon.colcon_core.shell:create_environment_hook('px4', 'pythonpath')
[4.198s] INFO:colcon.colcon_core.shell:Creating environment hook '/repo/ws/install/share/px4/hook/pythonpath.ps1'
[4.199s] INFO:colcon.colcon_core.shell:Creating environment descriptor '/repo/ws/install/share/px4/hook/pythonpath.dsv'
[4.199s] INFO:colcon.colcon_core.shell:Creating environment hook '/repo/ws/install/share/px4/hook/pythonpath.sh'
[4.200s] Level 1:colcon.colcon_core.environment:checking '/repo/ws/install/bin'
[4.200s] INFO:colcon.colcon_core.shell:Creating package script '/repo/ws/install/share/px4/package.ps1'
[4.201s] INFO:colcon.colcon_core.shell:Creating package descriptor '/repo/ws/install/share/px4/package.dsv'
[4.208s] INFO:colcon.colcon_core.shell:Creating package script '/repo/ws/install/share/px4/package.sh'
[4.209s] INFO:colcon.colcon_core.shell:Creating package script '/repo/ws/install/share/px4/package.bash'
[4.209s] INFO:colcon.colcon_core.shell:Creating package script '/repo/ws/install/share/px4/package.zsh'
[4.210s] Level 1:colcon.colcon_core.environment:create_file_with_runtime_dependencies(/repo/ws/install/share/colcon-core/packages/px4)
[4.218s] Level 1:colcon.colcon_core.environment:create_environment_scripts_only(px4)
[4.218s] Level 1:colcon.colcon_core.environment:checking '/repo/ws/install' for CMake module files
[4.221s] Level 1:colcon.colcon_core.environment:checking '/repo/ws/install' for CMake config files
[4.251s] DEBUG:colcon.colcon_core.event_handler.log_command:Invoked command in '/repo/ws/build/px4' returned '0': CMAKE_PREFIX_PATH=${CMAKE_PREFIX_PATH}:/opt/ros/jazzy /usr/bin/cmake --install /repo/ws/build/px4
[4.259s] Level 1:colcon.colcon_core.shell:create_environment_hook('px4', 'cmake_prefix_path')
[4.259s] INFO:colcon.colcon_core.shell:Creating environment hook '/repo/ws/install/share/px4/hook/cmake_prefix_path.ps1'
[4.260s] INFO:colcon.colcon_core.shell:Creating environment descriptor '/repo/ws/install/share/px4/hook/cmake_prefix_path.dsv'
[4.260s] INFO:colcon.colcon_core.shell:Creating environment hook '/repo/ws/install/share/px4/hook/cmake_prefix_path.sh'
[4.261s] Level 1:colcon.colcon_core.environment:checking '/repo/ws/install/lib'
[4.261s] Level 1:colcon.colcon_core.shell:create_environment_hook('px4', 'ld_library_path_lib')
[4.262s] INFO:colcon.colcon_core.shell:Creating environment hook '/repo/ws/install/share/px4/hook/ld_library_path_lib.ps1'
[4.262s] INFO:colcon.colcon_core.shell:Creating environment descriptor '/repo/ws/install/share/px4/hook/ld_library_path_lib.dsv'
[4.270s] INFO:colcon.colcon_core.shell:Creating environment hook '/repo/ws/install/share/px4/hook/ld_library_path_lib.sh'
[4.271s] Level 1:colcon.colcon_core.environment:checking '/repo/ws/install/bin'
[4.271s] Level 1:colcon.colcon_core.environment:checking '/repo/ws/install/lib/pkgconfig/px4.pc'
[4.271s] Level 1:colcon.colcon_core.environment:checking '/repo/ws/install/lib/python3.12/site-packages'
[4.271s] Level 1:colcon.colcon_core.shell:create_environment_hook('px4', 'pythonpath')
[4.271s] INFO:colcon.colcon_core.shell:Creating environment hook '/repo/ws/install/share/px4/hook/pythonpath.ps1'
[4.272s] INFO:colcon.colcon_core.shell:Creating environment descriptor '/repo/ws/install/share/px4/hook/pythonpath.dsv'
[4.273s] INFO:colcon.colcon_core.shell:Creating environment hook '/repo/ws/install/share/px4/hook/pythonpath.sh'
[4.276s] Level 1:colcon.colcon_core.environment:checking '/repo/ws/install/bin'
[4.277s] INFO:colcon.colcon_core.shell:Creating package script '/repo/ws/install/share/px4/package.ps1'
[4.277s] INFO:colcon.colcon_core.shell:Creating package descriptor '/repo/ws/install/share/px4/package.dsv'
[4.278s] INFO:colcon.colcon_core.shell:Creating package script '/repo/ws/install/share/px4/package.sh'
[4.282s] INFO:colcon.colcon_core.shell:Creating package script '/repo/ws/install/share/px4/package.bash'
[4.282s] INFO:colcon.colcon_core.shell:Creating package script '/repo/ws/install/share/px4/package.zsh'
[4.283s] Level 1:colcon.colcon_core.environment:create_file_with_runtime_dependencies(/repo/ws/install/share/colcon-core/packages/px4)
[5.104s] DEBUG:colcon.colcon_core.event_handler.log_command:Invoked command in '/repo/ws/build/px4_msgs' returned '0': CMAKE_PREFIX_PATH=${CMAKE_PREFIX_PATH}:/opt/ros/jazzy /usr/bin/cmake --build /repo/ws/build/px4_msgs -- -j4 -l4
[5.106s] DEBUG:colcon.colcon_core.event_handler.log_command:Invoking command in '/repo/ws/build/px4_msgs': CMAKE_PREFIX_PATH=${CMAKE_PREFIX_PATH}:/opt/ros/jazzy /usr/bin/cmake --install /repo/ws/build/px4_msgs
[6.066s] Level 1:colcon.colcon_core.environment:create_environment_scripts_only(px4_msgs)
[6.066s] Level 1:colcon.colcon_core.environment:checking '/repo/ws/install' for CMake module files
[6.067s] DEBUG:colcon.colcon_core.event_handler.log_command:Invoked command in '/repo/ws/build/px4_msgs' returned '0': CMAKE_PREFIX_PATH=${CMAKE_PREFIX_PATH}:/opt/ros/jazzy /usr/bin/cmake --install /repo/ws/build/px4_msgs
[6.067s] Level 1:colcon.colcon_core.environment:checking '/repo/ws/install' for CMake config files
[6.080s] Level 1:colcon.colcon_core.shell:create_environment_hook('px4_msgs', 'cmake_prefix_path')
[6.080s] INFO:colcon.colcon_core.shell:Creating environment hook '/repo/ws/install/share/px4_msgs/hook/cmake_prefix_path.ps1'
[6.081s] INFO:colcon.colcon_core.shell:Creating environment descriptor '/repo/ws/install/share/px4_msgs/hook/cmake_prefix_path.dsv'
[6.081s] INFO:colcon.colcon_core.shell:Creating environment hook '/repo/ws/install/share/px4_msgs/hook/cmake_prefix_path.sh'
[6.082s] Level 1:colcon.colcon_core.environment:checking '/repo/ws/install/lib'
[6.082s] Level 1:colcon.colcon_core.shell:create_environment_hook('px4_msgs', 'ld_library_path_lib')
[6.082s] INFO:colcon.colcon_core.shell:Creating environment hook '/repo/ws/install/share/px4_msgs/hook/ld_library_path_lib.ps1'
[6.083s] INFO:colcon.colcon_core.shell:Creating environment descriptor '/repo/ws/install/share/px4_msgs/hook/ld_library_path_lib.dsv'
[6.083s] INFO:colcon.colcon_core.shell:Creating environment hook '/repo/ws/install/share/px4_msgs/hook/ld_library_path_lib.sh'
[6.084s] Level 1:colcon.colcon_core.environment:checking '/repo/ws/install/bin'
[6.084s] Level 1:colcon.colcon_core.environment:checking '/repo/ws/install/lib/pkgconfig/px4_msgs.pc'
[6.084s] Level 1:colcon.colcon_core.environment:checking '/repo/ws/install/lib/python3.12/site-packages'
[6.084s] Level 1:colcon.colcon_core.shell:create_environment_hook('px4_msgs', 'pythonpath')
[6.085s] INFO:colcon.colcon_core.shell:Creating environment hook '/repo/ws/install/share/px4_msgs/hook/pythonpath.ps1'
[6.085s] INFO:colcon.colcon_core.shell:Creating environment descriptor '/repo/ws/install/share/px4_msgs/hook/pythonpath.dsv'
[6.086s] INFO:colcon.colcon_core.shell:Creating environment hook '/repo/ws/install/share/px4_msgs/hook/pythonpath.sh'
[6.087s] Level 1:colcon.colcon_core.environment:checking '/repo/ws/install/bin'
[6.087s] INFO:colcon.colcon_core.shell:Creating package script '/repo/ws/install/share/px4_msgs/package.ps1'
[6.088s] INFO:colcon.colcon_core.shell:Creating package descriptor '/repo/ws/install/share/px4_msgs/package.dsv'
[6.089s] INFO:colcon.colcon_core.shell:Creating package script '/repo/ws/install/share/px4_msgs/package.sh'
[6.090s] INFO:colcon.colcon_core.shell:Creating package script '/repo/ws/install/share/px4_msgs/package.bash'
[6.090s] INFO:colcon.colcon_core.shell:Creating package script '/repo/ws/install/share/px4_msgs/package.zsh'
[6.091s] Level 1:colcon.colcon_core.environment:create_file_with_runtime_dependencies(/repo/ws/install/share/colcon-core/packages/px4_msgs)
[6.091s] Level 1:colcon.colcon_core.environment:create_environment_scripts_only(px4_msgs)
[6.092s] Level 1:colcon.colcon_core.environment:checking '/repo/ws/install' for CMake module files
[6.092s] Level 1:colcon.colcon_core.environment:checking '/repo/ws/install' for CMake config files
[6.103s] Level 1:colcon.colcon_core.shell:create_environment_hook('px4_msgs', 'cmake_prefix_path')
[6.103s] INFO:colcon.colcon_core.shell:Creating environment hook '/repo/ws/install/share/px4_msgs/hook/cmake_prefix_path.ps1'
[6.104s] INFO:colcon.colcon_core.shell:Creating environment descriptor '/repo/ws/install/share/px4_msgs/hook/cmake_prefix_path.dsv'
[6.104s] INFO:colcon.colcon_core.shell:Creating environment hook '/repo/ws/install/share/px4_msgs/hook/cmake_prefix_path.sh'
[6.105s] Level 1:colcon.colcon_core.environment:checking '/repo/ws/install/lib'
[6.105s] Level 1:colcon.colcon_core.shell:create_environment_hook('px4_msgs', 'ld_library_path_lib')
[6.106s] INFO:colcon.colcon_core.shell:Creating environment hook '/repo/ws/install/share/px4_msgs/hook/ld_library_path_lib.ps1'
[6.107s] INFO:colcon.colcon_core.shell:Creating environment descriptor '/repo/ws/install/share/px4_msgs/hook/ld_library_path_lib.dsv'
[6.107s] INFO:colcon.colcon_core.shell:Creating environment hook '/repo/ws/install/share/px4_msgs/hook/ld_library_path_lib.sh'
[6.108s] Level 1:colcon.colcon_core.environment:checking '/repo/ws/install/bin'
[6.108s] Level 1:colcon.colcon_core.environment:checking '/repo/ws/install/lib/pkgconfig/px4_msgs.pc'
[6.108s] Level 1:colcon.colcon_core.environment:checking '/repo/ws/install/lib/python3.12/site-packages'
[6.108s] Level 1:colcon.colcon_core.shell:create_environment_hook('px4_msgs', 'pythonpath')
[6.109s] INFO:colcon.colcon_core.shell:Creating environment hook '/repo/ws/install/share/px4_msgs/hook/pythonpath.ps1'
[6.109s] INFO:colcon.colcon_core.shell:Creating environment descriptor '/repo/ws/install/share/px4_msgs/hook/pythonpath.dsv'
[6.109s] INFO:colcon.colcon_core.shell:Creating environment hook '/repo/ws/install/share/px4_msgs/hook/pythonpath.sh'
[6.110s] Level 1:colcon.colcon_core.environment:checking '/repo/ws/install/bin'
[6.111s] INFO:colcon.colcon_core.shell:Creating package script '/repo/ws/install/share/px4_msgs/package.ps1'
[6.111s] INFO:colcon.colcon_core.shell:Creating package descriptor '/repo/ws/install/share/px4_msgs/package.dsv'
[6.112s] INFO:colcon.colcon_core.shell:Creating package script '/repo/ws/install/share/px4_msgs/package.sh'
[6.113s] INFO:colcon.colcon_core.shell:Creating package script '/repo/ws/install/share/px4_msgs/package.bash'
[6.113s] INFO:colcon.colcon_core.shell:Creating package script '/repo/ws/install/share/px4_msgs/package.zsh'
[6.114s] Level 1:colcon.colcon_core.environment:create_file_with_runtime_dependencies(/repo/ws/install/share/colcon-core/packages/px4_msgs)
[6.114s] DEBUG:colcon.colcon_parallel_executor.executor.parallel:closing loop
[6.115s] DEBUG:colcon.colcon_parallel_executor.executor.parallel:loop closed
[6.115s] DEBUG:colcon.colcon_parallel_executor.executor.parallel:run_until_complete finished with '0'
[6.115s] DEBUG:colcon.colcon_core.event_reactor:joining thread
[6.127s] INFO:colcon.colcon_core.plugin_system:Skipping extension 'colcon_notification.desktop_notification.notify_send': Could not find 'notify-send'
[6.127s] INFO:colcon.colcon_core.plugin_system:Skipping extension 'colcon_notification.desktop_notification.terminal_notifier': Not used on non-Darwin systems
[6.127s] INFO:colcon.colcon_core.plugin_system:Skipping extension 'colcon_notification.desktop_notification.win32': Not used on non-Windows systems
[6.128s] INFO:colcon.colcon_notification.desktop_notification:Sending desktop notification using 'notify2'
[6.128s] DEBUG:colcon.colcon_notification.desktop_notification.notify2:Failed to initialize notify2: org.freedesktop.DBus.Error.NotSupported: Unable to autolaunch a dbus-daemon without a $DISPLAY for X11
[6.128s] DEBUG:colcon.colcon_core.event_reactor:joined thread
[6.128s] INFO:colcon.colcon_core.shell:Creating prefix script '/repo/ws/install/local_setup.ps1'
[6.129s] INFO:colcon.colcon_core.shell:Creating prefix util module '/repo/ws/install/_local_setup_util_ps1.py'
[6.130s] INFO:colcon.colcon_core.shell:Creating prefix chain script '/repo/ws/install/setup.ps1'
[6.132s] INFO:colcon.colcon_core.shell:Creating prefix script '/repo/ws/install/local_setup.sh'
[6.134s] INFO:colcon.colcon_core.shell:Creating prefix util module '/repo/ws/install/_local_setup_util_sh.py'
[6.134s] INFO:colcon.colcon_core.shell:Creating prefix chain script '/repo/ws/install/setup.sh'
[6.136s] INFO:colcon.colcon_core.shell:Creating prefix script '/repo/ws/install/local_setup.bash'
[6.137s] INFO:colcon.colcon_core.shell:Creating prefix chain script '/repo/ws/install/setup.bash'
[6.139s] INFO:colcon.colcon_core.shell:Creating prefix script '/repo/ws/install/local_setup.zsh'
[6.140s] INFO:colcon.colcon_core.shell:Creating prefix chain script '/repo/ws/install/setup.zsh'
