[1.193s] Invoking command in '/repo/ws/build/offboard_demo': PYTHONPATH=/repo/ws/build/offboard_demo/prefix_override:/usr/lib/python3/dist-packages/colcon_core/task/python/colcon_distutils_commands:/repo/ws/install/lib/python3.12/site-packages:${PYTHONPATH} /usr/bin/python3 -W ignore:setup.py install is deprecated -W ignore:easy_install command is deprecated setup.py develop --editable --build-directory /repo/ws/build/offboard_demo/build --no-deps symlink_data
[1.733s] running develop
[1.993s] running egg_info
[1.993s] creating offboard_demo.egg-info
[2.019s] writing offboard_demo.egg-info/PKG-INFO
[2.019s] writing dependency_links to offboard_demo.egg-info/dependency_links.txt
[2.021s] writing entry points to offboard_demo.egg-info/entry_points.txt
[2.021s] writing requirements to offboard_demo.egg-info/requires.txt
[2.021s] writing top-level names to offboard_demo.egg-info/top_level.txt
[2.021s] writing manifest file 'offboard_demo.egg-info/SOURCES.txt'
[2.070s] reading manifest file 'offboard_demo.egg-info/SOURCES.txt'
[2.073s] writing manifest file 'offboard_demo.egg-info/SOURCES.txt'
[2.100s] running build_ext
[2.100s] Creating /repo/ws/install/lib/python3.12/site-packages/offboard-demo.egg-link (link to .)
[2.100s] Installing offboard_takeoff script to /repo/ws/install/lib/offboard_demo
[2.100s] 
[2.101s] Installed /repo/ws/build/offboard_demo
[2.101s] running symlink_data
[2.101s] creating /repo/ws/install/share/ament_index
[2.101s] creating /repo/ws/install/share/ament_index/resource_index
[2.101s] creating /repo/ws/install/share/ament_index/resource_index/packages
[2.101s] symbolically linking /repo/ws/build/offboard_demo/resource/offboard_demo -> /repo/ws/install/share/ament_index/resource_index/packages
[2.101s] symbolically linking /repo/ws/build/offboard_demo/package.xml -> /repo/ws/install/share/offboard_demo
[2.171s] Invoked command in '/repo/ws/build/offboard_demo' returned '0': PYTHONPATH=/repo/ws/build/offboard_demo/prefix_override:/usr/lib/python3/dist-packages/colcon_core/task/python/colcon_distutils_commands:/repo/ws/install/lib/python3.12/site-packages:${PYTHONPATH} /usr/bin/python3 -W ignore:setup.py install is deprecated -W ignore:easy_install command is deprecated setup.py develop --editable --build-directory /repo/ws/build/offboard_demo/build --no-deps symlink_data
