[0.146s] DEBUG:colcon:Command line arguments: ['/usr/bin/colcon', 'build', '--symlink-install', '--merge-install']
[0.146s] DEBUG:colcon:Parsed command line arguments: Namespace(log_base=None, log_level=None, verb_name='build', build_base='build', install_base='install', merge_install=True, symlink_install=True, test_result_base=None, continue_on_error=False, executor='parallel', parallel_workers=4, event_handlers=None, ignore_user_meta=False, metas=['./colcon.meta'], base_paths=['.'], packages_ignore=None, packages_ignore_regex=None, paths=None, packages_up_to=None, packages_up_to_regex=None, packages_above=None, packages_above_and_dependencies=None, packages_above_depth=None, packages_select_by_dep=None, packages_skip_by_dep=None, packages_skip_up_to=None, packages_select_build_failed=False, packages_skip_build_finished=False, packages_select_test_failures=False, packages_skip_test_passed=False, packages_select=None, packages_skip=None, packages_select_regex=None, packages_skip_regex=None, packages_start=None, packages_end=None, cmake_args=None, cmake_target=None, cmake_target_skip_unavailable=False, cmake_clean_cache=False, cmake_clean_first=False, cmake_force_configure=False, ament_cmake_args=None, catkin_cmake_args=None, catkin_skip_building_tests=False, mixin_files=None, mixin=None, verb_parser=<colcon_mixin.mixin.mixin_argument.MixinArgumentDecorator object at 0x718c9bbcbb60>, verb_extension=<colcon_core.verb.build.BuildVerb object at 0x718c9bbcb800>, main=<bound method BuildVerb.main of <colcon_core.verb.build.BuildVerb object at 0x718c9bbcb800>>, mixin_verb=('build',))
[0.204s] Level 1:colcon.colcon_core.package_discovery:discover_packages(colcon_meta) check parameters
[0.204s] Level 1:colcon.colcon_core.package_discovery:discover_packages(recursive) check parameters
[0.204s] Level 1:colcon.colcon_core.package_discovery:discover_packages(ignore) check parameters
[0.204s] Level 1:colcon.colcon_core.package_discovery:discover_packages(path) check parameters
[0.204s] Level 1:colcon.colcon_core.package_discovery:discover_packages(colcon_meta) discover
[0.204s] Level 1:colcon.colcon_core.package_discovery:discover_packages(recursive) discover
[0.205s] INFO:colcon.colcon_core.package_discovery:Crawling recursively for packages in '/repo/ws'
[0.205s] Level 1:colcon.colcon_core.package_identification:_identify(.) by extensions ['ignore', 'ignore_ament_install']
[0.205s] Level 1:colcon.colcon_core.package_identification:_identify(.) by extension 'ignore'
[0.205s] Level 1:colcon.colcon_core.package_identification:_identify(.) by extension 'ignore_ament_install'
[0.205s] Level 1:colcon.colcon_core.package_identification:_identify(.) by extensions ['colcon_pkg']
[0.205s] Level 1:colcon.colcon_core.package_identification:_identify(.) by extension 'colcon_pkg'
[0.205s] Level 1:colcon.colcon_core.package_identification:_identify(.) by extensions ['colcon_meta']
[0.205s] Level 1:colcon.colcon_core.package_identification:_identify(.) by extension 'colcon_meta'
[0.205s] Level 1:colcon.colcon_core.package_identification:_identify(.) by extensions ['ros']
[0.205s] Level 1:colcon.colcon_core.package_identification:_identify(.) by extension 'ros'
[0.242s] Level 1:colcon.colcon_core.package_identification:_identify(.) by extensions ['cmake', 'python']
[0.242s] Level 1:colcon.colcon_core.package_identification:_identify(.) by extension 'cmake'
[0.242s] Level 1:colcon.colcon_core.package_identification:_identify(.) by extension 'python'
[0.242s] Level 1:colcon.colcon_core.package_identification:_identify(.) by extensions ['python_setup_py']
[0.242s] Level 1:colcon.colcon_core.package_identification:_identify(.) by extension 'python_setup_py'
[0.242s] Level 1:colcon.colcon_core.package_identification:_identify(build) by extensions ['ignore', 'ignore_ament_install']
[0.243s] Level 1:colcon.colcon_core.package_identification:_identify(build) by extension 'ignore'
[0.243s] Level 1:colcon.colcon_core.package_identification:_identify(build) ignored
[0.243s] Level 1:colcon.colcon_core.package_identification:_identify(install) by extensions ['ignore', 'ignore_ament_install']
[0.243s] Level 1:colcon.colcon_core.package_identification:_identify(install) by extension 'ignore'
[0.243s] Level 1:colcon.colcon_core.package_identification:_identify(install) ignored
[0.243s] Level 1:colcon.colcon_core.package_identification:_identify(log) by extensions ['ignore', 'ignore_ament_install']
[0.243s] Level 1:colcon.colcon_core.package_identification:_identify(log) by extension 'ignore'
[0.243s] Level 1:colcon.colcon_core.package_identification:_identify(log) ignored
[0.243s] Level 1:colcon.colcon_core.package_identification:_identify(src) by extensions ['ignore', 'ignore_ament_install']
[0.243s] Level 1:colcon.colcon_core.package_identification:_identify(src) by extension 'ignore'
[0.244s] Level 1:colcon.colcon_core.package_identification:_identify(src) by extension 'ignore_ament_install'
[0.244s] Level 1:colcon.colcon_core.package_identification:_identify(src) by extensions ['colcon_pkg']
[0.244s] Level 1:colcon.colcon_core.package_identification:_identify(src) by extension 'colcon_pkg'
[0.244s] Level 1:colcon.colcon_core.package_identification:_identify(src) by extensions ['colcon_meta']
[0.244s] Level 1:colcon.colcon_core.package_identification:_identify(src) by extension 'colcon_meta'
[0.244s] Level 1:colcon.colcon_core.package_identification:_identify(src) by extensions ['ros']
[0.244s] Level 1:colcon.colcon_core.package_identification:_identify(src) by extension 'ros'
[0.244s] Level 1:colcon.colcon_core.package_identification:_identify(src) by extensions ['cmake', 'python']
[0.244s] Level 1:colcon.colcon_core.package_identification:_identify(src) by extension 'cmake'
[0.244s] Level 1:colcon.colcon_core.package_identification:_identify(src) by extension 'python'
[0.244s] Level 1:colcon.colcon_core.package_identification:_identify(src) by extensions ['python_setup_py']
[0.244s] Level 1:colcon.colcon_core.package_identification:_identify(src) by extension 'python_setup_py'
[0.244s] Level 1:colcon.colcon_core.package_identification:_identify(src/drone_sim) by extensions ['ignore', 'ignore_ament_install']
[0.244s] Level 1:colcon.colcon_core.package_identification:_identify(src/drone_sim) by extension 'ignore'
[0.244s] Level 1:colcon.colcon_core.package_identification:_identify(src/drone_sim) by extension 'ignore_ament_install'
[0.244s] Level 1:colcon.colcon_core.package_identification:_identify(src/drone_sim) by extensions ['colcon_pkg']
[0.245s] Level 1:colcon.colcon_core.package_identification:_identify(src/drone_sim) by extension 'colcon_pkg'
[0.245s] Level 1:colcon.colcon_core.package_identification:_identify(src/drone_sim) by extensions ['colcon_meta']
[0.245s] Level 1:colcon.colcon_core.package_identification:_identify(src/drone_sim) by extension 'colcon_meta'
[0.245s] Level 1:colcon.colcon_core.package_identification:_identify(src/drone_sim) by extensions ['ros']
[0.245s] Level 1:colcon.colcon_core.package_identification:_identify(src/drone_sim) by extension 'ros'
[0.248s] DEBUG:colcon.colcon_core.package_identification:Package 'src/drone_sim' with type 'ros.ament_cmake' and name 'drone_sim'
[0.248s] Level 1:colcon.colcon_core.package_identification:_identify(src/offboard_demo) by extensions ['ignore', 'ignore_ament_install']
[0.248s] Level 1:colcon.colcon_core.package_identification:_identify(src/offboard_demo) by extension 'ignore'
[0.248s] Level 1:colcon.colcon_core.package_identification:_identify(src/offboard_demo) by extension 'ignore_ament_install'
[0.248s] Level 1:colcon.colcon_core.package_identification:_identify(src/offboard_demo) by extensions ['colcon_pkg']
[0.248s] Level 1:colcon.colcon_core.package_identification:_identify(src/offboard_demo) by extension 'colcon_pkg'
[0.248s] Level 1:colcon.colcon_core.package_identification:_identify(src/offboard_demo) by extensions ['colcon_meta']
[0.248s] Level 1:colcon.colcon_core.package_identification:_identify(src/offboard_demo) by extension 'colcon_meta'
[0.248s] Level 1:colcon.colcon_core.package_identification:_identify(src/offboard_demo) by extensions ['ros']
[0.249s] Level 1:colcon.colcon_core.package_identification:_identify(src/offboard_demo) by extension 'ros'
[0.249s] DEBUG:colcon.colcon_core.package_identification:Package 'src/offboard_demo' with type 'ros.ament_python' and name 'offboard_demo'
[0.249s] Level 1:colcon.colcon_core.package_identification:_identify(src/px4) by extensions ['ignore', 'ignore_ament_install']
[0.249s] Level 1:colcon.colcon_core.package_identification:_identify(src/px4) by extension 'ignore'
[0.249s] Level 1:colcon.colcon_core.package_identification:_identify(src/px4) by extension 'ignore_ament_install'
[0.250s] Level 1:colcon.colcon_core.package_identification:_identify(src/px4) by extensions ['colcon_pkg']
[0.250s] Level 1:colcon.colcon_core.package_identification:_identify(src/px4) by extension 'colcon_pkg'
[0.250s] Level 1:colcon.colcon_core.package_identification:_identify(src/px4) by extensions ['colcon_meta']
[0.250s] Level 1:colcon.colcon_core.package_identification:_identify(src/px4) by extension 'colcon_meta'
[0.250s] Level 1:colcon.colcon_core.package_identification:_identify(src/px4) by extensions ['ros']
[0.250s] Level 1:colcon.colcon_core.package_identification:_identify(src/px4) by extension 'ros'
[0.251s] DEBUG:colcon.colcon_core.package_identification:Package 'src/px4' with type 'ros.ament_cmake' and name 'px4'
[0.251s] Level 1:colcon.colcon_core.package_identification:_identify(src/px4_msgs) by extensions ['ignore', 'ignore_ament_install']
[0.251s] Level 1:colcon.colcon_core.package_identification:_identify(src/px4_msgs) by extension 'ignore'
[0.251s] Level 1:colcon.colcon_core.package_identification:_identify(src/px4_msgs) by extension 'ignore_ament_install'
[0.251s] Level 1:colcon.colcon_core.package_identification:_identify(src/px4_msgs) by extensions ['colcon_pkg']
[0.251s] Level 1:colcon.colcon_core.package_identification:_identify(src/px4_msgs) by extension 'colcon_pkg'
[0.251s] Level 1:colcon.colcon_core.package_identification:_identify(src/px4_msgs) by extensions ['colcon_meta']
[0.251s] Level 1:colcon.colcon_core.package_identification:_identify(src/px4_msgs) by extension 'colcon_meta'
[0.251s] Level 1:colcon.colcon_core.package_identification:_identify(src/px4_msgs) by extensions ['ros']
[0.251s] Level 1:colcon.colcon_core.package_identification:_identify(src/px4_msgs) by extension 'ros'
[0.252s] DEBUG:colcon.colcon_core.package_identification:Package 'src/px4_msgs' with type 'ros.ament_cmake' and name 'px4_msgs'
[0.252s] Level 1:colcon.colcon_core.package_discovery:discover_packages(recursive) using defaults
[0.252s] Level 1:colcon.colcon_core.package_discovery:discover_packages(ignore) discover
[0.252s] Level 1:colcon.colcon_core.package_discovery:discover_packages(ignore) using defaults
[0.252s] Level 1:colcon.colcon_core.package_discovery:discover_packages(path) discover
[0.252s] Level 1:colcon.colcon_core.package_discovery:discover_packages(path) using defaults
[0.276s] Level 5:colcon.colcon_core.verb:set package 'drone_sim' build argument 'cmake_args' from command line to 'None'
[0.276s] Level 5:colcon.colcon_core.verb:set package 'drone_sim' build argument 'cmake_target' from command line to 'None'
[0.277s] Level 5:colcon.colcon_core.verb:set package 'drone_sim' build argument 'cmake_target_skip_unavailable' from command line to 'False'
[0.277s] Level 5:colcon.colcon_core.verb:set package 'drone_sim' build argument 'cmake_clean_cache' from command line to 'False'
[0.277s] Level 5:colcon.colcon_core.verb:set package 'drone_sim' build argument 'cmake_clean_first' from command line to 'False'
[0.277s] Level 5:colcon.colcon_core.verb:set package 'drone_sim' build argument 'cmake_force_configure' from command line to 'False'
[0.277s] Level 5:colcon.colcon_core.verb:set package 'drone_sim' build argument 'ament_cmake_args' from command line to 'None'
[0.277s] Level 5:colcon.colcon_core.verb:set package 'drone_sim' build argument 'catkin_cmake_args' from command line to 'None'
[0.277s] Level 5:colcon.colcon_core.verb:set package 'drone_sim' build argument 'catkin_skip_building_tests' from command line to 'False'
[0.277s] DEBUG:colcon.colcon_core.verb:Building package 'drone_sim' with the following arguments: {'ament_cmake_args': None, 'build_base': '/repo/ws/build/drone_sim', 'catkin_cmake_args': None, 'catkin_skip_building_tests': False, 'cmake_args': None, 'cmake_clean_cache': False, 'cmake_clean_first': False, 'cmake_force_configure': False, 'cmake_target': None, 'cmake_target_skip_unavailable': False, 'install_base': '/repo/ws/install', 'merge_install': True, 'path': '/repo/ws/src/drone_sim', 'symlink_install': True, 'test_result_base': None}
[0.278s] Level 5:colcon.colcon_core.verb:set package 'offboard_demo' build argument 'cmake_args' from command line to 'None'
[0.278s] Level 5:colcon.colcon_core.verb:set package 'offboard_demo' build argument 'cmake_target' from command line to 'None'
[0.278s] Level 5:colcon.colcon_core.verb:set package 'offboard_demo' build argument 'cmake_target_skip_unavailable' from command line to 'False'
[0.278s] Level 5:colcon.colcon_core.verb:set package 'offboard_demo' build argument 'cmake_clean_cache' from command line to 'False'
[0.278s] Level 5:colcon.colcon_core.verb:set package 'offboard_demo' build argument 'cmake_clean_first' from command line to 'False'
[0.278s] Level 5:colcon.colcon_core.verb:set package 'offboard_demo' build argument 'cmake_force_configure' from command line to 'False'
[0.278s] Level 5:colcon.colcon_core.verb:set package 'offboard_demo' build argument 'ament_cmake_args' from command line to 'None'
[0.278s] Level 5:colcon.colcon_core.verb:set package 'offboard_demo' build argument 'catkin_cmake_args' from command line to 'None'
[0.278s] Level 5:colcon.colcon_core.verb:set package 'offboard_demo' build argument 'catkin_skip_building_tests' from command line to 'False'
[0.278s] DEBUG:colcon.colcon_core.verb:Building package 'offboard_demo' with the following arguments: {'ament_cmake_args': None, 'build_base': '/repo/ws/build/offboard_demo', 'catkin_cmake_args': None, 'catkin_skip_building_tests': False, 'cmake_args': None, 'cmake_clean_cache': False, 'cmake_clean_first': False, 'cmake_force_configure': False, 'cmake_target': None, 'cmake_target_skip_unavailable': False, 'install_base': '/repo/ws/install', 'merge_install': True, 'path': '/repo/ws/src/offboard_demo', 'symlink_install': True, 'test_result_base': None}
[0.279s] Level 5:colcon.colcon_core.verb:set package 'px4' build argument 'cmake_args' from command line to 'None'
[0.279s] Level 5:colcon.colcon_core.verb:set package 'px4' build argument 'cmake_target' from command line to 'None'
[0.279s] Level 5:colcon.colcon_core.verb:set package 'px4' build argument 'cmake_target_skip_unavailable' from command line to 'False'
[0.279s] Level 5:colcon.colcon_core.verb:set package 'px4' build argument 'cmake_clean_cache' from command line to 'False'
[0.279s] Level 5:colcon.colcon_core.verb:set package 'px4' build argument 'cmake_clean_first' from command line to 'False'
[0.279s] Level 5:colcon.colcon_core.verb:set package 'px4' build argument 'cmake_force_configure' from command line to 'False'
[0.279s] Level 5:colcon.colcon_core.verb:set package 'px4' build argument 'ament_cmake_args' from command line to 'None'
[0.279s] Level 5:colcon.colcon_core.verb:set package 'px4' build argument 'catkin_cmake_args' from command line to 'None'
[0.279s] Level 5:colcon.colcon_core.verb:set package 'px4' build argument 'catkin_skip_building_tests' from command line to 'False'
[0.279s] DEBUG:colcon.colcon_core.verb:Building package 'px4' with the following arguments: {'ament_cmake_args': None, 'build_base': '/repo/ws/build/px4', 'catkin_cmake_args': None, 'catkin_skip_building_tests': False, 'cmake_args': None, 'cmake_clean_cache': False, 'cmake_clean_first': False, 'cmake_force_configure': False, 'cmake_target': None, 'cmake_target_skip_unavailable': False, 'install_base': '/repo/ws/install', 'merge_install': True, 'path': '/repo/ws/src/px4', 'symlink_install': True, 'test_result_base': None}
[0.279s] Level 5:colcon.colcon_core.verb:set package 'px4_msgs' build argument 'cmake_args' from command line to 'None'
[0.279s] Level 5:colcon.colcon_core.verb:set package 'px4_msgs' build argument 'cmake_target' from command line to 'None'
[0.279s] Level 5:colcon.colcon_core.verb:set package 'px4_msgs' build argument 'cmake_target_skip_unavailable' from command line to 'False'
[0.279s] Level 5:colcon.colcon_core.verb:set package 'px4_msgs' build argument 'cmake_clean_cache' from command line to 'False'
[0.279s] Level 5:colcon.colcon_core.verb:set package 'px4_msgs' build argument 'cmake_clean_first' from command line to 'False'
[0.279s] Level 5:colcon.colcon_core.verb:set package 'px4_msgs' build argument 'cmake_force_configure' from command line to 'False'
[0.279s] Level 5:colcon.colcon_core.verb:set package 'px4_msgs' build argument 'ament_cmake_args' from command line to 'None'
[0.280s] Level 5:colcon.colcon_core.verb:set package 'px4_msgs' build argument 'catkin_cmake_args' from command line to 'None'
[0.280s] Level 5:colcon.colcon_core.verb:set package 'px4_msgs' build argument 'catkin_skip_building_tests' from command line to 'False'
[0.280s] DEBUG:colcon.colcon_core.verb:Building package 'px4_msgs' with the following arguments: {'ament_cmake_args': None, 'build_base': '/repo/ws/build/px4_msgs', 'catkin_cmake_args': None, 'catkin_skip_building_tests': False, 'cmake_args': None, 'cmake_clean_cache': False, 'cmake_clean_first': False, 'cmake_force_configure': False, 'cmake_target': None, 'cmake_target_skip_unavailable': False, 'install_base': '/repo/ws/install', 'merge_install': True, 'path': '/repo/ws/src/px4_msgs', 'symlink_install': True, 'test_result_base': None}
[0.280s] INFO:colcon.colcon_core.executor:Executing jobs using 'parallel' executor
[0.282s] DEBUG:colcon.colcon_parallel_executor.executor.parallel:run_until_complete
[0.283s] INFO:colcon.colcon_ros.task.ament_cmake.build:Building ROS package in '/repo/ws/src/drone_sim' with build type 'ament_cmake'
[0.283s] INFO:colcon.colcon_cmake.task.cmake.build:Building CMake package in '/repo/ws/src/drone_sim'
[0.286s] INFO:colcon.colcon_core.plugin_system:Skipping extension 'colcon_core.shell.bat': Not used on non-Windows systems
[0.286s] INFO:colcon.colcon_core.shell:Skip shell extension 'powershell' for command environment: Not usable outside of PowerShell
[0.286s] DEBUG:colcon.colcon_core.shell:Skip shell extension 'dsv' for command environment
[0.292s] INFO:colcon.colcon_ros.task.ament_python.build:Building ROS package in '/repo/ws/src/offboard_demo' with build type 'ament_python'
[0.292s] Level 1:colcon.colcon_core.shell:create_environment_hook('offboard_demo', 'ament_prefix_path')
[0.293s] INFO:colcon.colcon_core.shell:Creating environment hook '/repo/ws/install/share/offboard_demo/hook/ament_prefix_path.ps1'
[0.294s] INFO:colcon.colcon_core.shell:Creating environment descriptor '/repo/ws/install/share/offboard_demo/hook/ament_prefix_path.dsv'
[0.295s] INFO:colcon.colcon_core.shell:Creating environment hook '/repo/ws/install/share/offboard_demo/hook/ament_prefix_path.sh'
[0.296s] INFO:colcon.colcon_core.shell:Skip shell extension 'powershell' for command environment: Not usable outside of PowerShell
[0.296s] DEBUG:colcon.colcon_core.shell:Skip shell extension 'dsv' for command environment
[0.302s] INFO:colcon.colcon_ros.task.ament_cmake.build:Building ROS package in '/repo/ws/src/px4' with build type 'ament_cmake'
[0.303s] INFO:colcon.colcon_cmake.task.cmake.build:Building CMake package in '/repo/ws/src/px4'
[0.303s] INFO:colcon.colcon_core.shell:Skip shell extension 'powershell' for command environment: Not usable outside of PowerShell
[0.303s] DEBUG:colcon.colcon_core.shell:Skip shell extension 'dsv' for command environment
[0.308s] INFO:colcon.colcon_ros.task.ament_cmake.build:Building ROS package in '/repo/ws/src/px4_msgs' with build type 'ament_cmake'
[0.308s] INFO:colcon.colcon_cmake.task.cmake.build:Building CMake package in '/repo/ws/src/px4_msgs'
[0.310s] INFO:colcon.colcon_core.shell:Skip shell extension 'powershell' for command environment: Not usable outside of PowerShell
[0.310s] DEBUG:colcon.colcon_core.shell:Skip shell extension 'dsv' for command environment
[0.319s] DEBUG:colcon.colcon_core.event_handler.log_command:Invoking command in '/repo/ws/build/drone_sim': CMAKE_PREFIX_PATH=${CMAKE_PREFIX_PATH}:/opt/ros/jazzy /usr/bin/cmake --build /repo/ws/build/drone_sim -- -j4 -l4
[0.684s] INFO:colcon.colcon_core.task.python.build:Building Python package in '/repo/ws/src/offboard_demo'
[0.685s] INFO:colcon.colcon_core.shell:Skip shell extension 'powershell' for command environment: Not usable outside of PowerShell
[0.685s] DEBUG:colcon.colcon_core.shell:Skip shell extension 'dsv' for command environment
[0.699s] DEBUG:colcon.colcon_core.event_handler.log_command:Invoking command in '/repo/ws/build/px4': CMAKE_PREFIX_PATH=${CMAKE_PREFIX_PATH}:/opt/ros/jazzy /usr/bin/cmake --build /repo/ws/build/px4 -- -j4 -l4
[0.709s] DEBUG:colcon.colcon_core.event_handler.log_command:Invoked command in '/repo/ws/build/drone_sim' returned '0': CMAKE_PREFIX_PATH=${CMAKE_PREFIX_PATH}:/opt/ros/jazzy /usr/bin/cmake --build /repo/ws/build/drone_sim -- -j4 -l4
[0.744s] DEBUG:colcon.colcon_core.event_handler.log_command:Invoking command in '/repo/ws/build/drone_sim': CMAKE_PREFIX_PATH=${CMAKE_PREFIX_PATH}:/opt/ros/jazzy /usr/bin/cmake --install /repo/ws/build/drone_sim
[0.761s] DEBUG:colcon.colcon_core.event_handler.log_command:Invoking command in '/repo/ws/build/px4_msgs': CMAKE_PREFIX_PATH=${CMAKE_PREFIX_PATH}:/opt/ros/jazzy /usr/bin/cmake --build /repo/ws/build/px4_msgs -- -j4 -l4
[0.961s] Level 1:colcon.colcon_core.environment:create_environment_scripts_only(drone_sim)
[0.962s] DEBUG:colcon.colcon_core.event_handler.log_command:Invoked command in '/repo/ws/build/drone_sim' returned '0': CMAKE_PREFIX_PATH=${CMAKE_PREFIX_PATH}:/opt/ros/jazzy /usr/bin/cmake --install /repo/ws/build/drone_sim
[0.967s] Level 1:colcon.colcon_core.environment:checking '/repo/ws/install' for CMake module files
[0.970s] Level 1:colcon.colcon_core.environment:checking '/repo/ws/install' for CMake config files
[1.013s] Level 1:colcon.colcon_core.shell:create_environment_hook('drone_sim', 'cmake_prefix_path')
[1.013s] INFO:colcon.colcon_core.shell:Creating environment hook '/repo/ws/install/share/drone_sim/hook/cmake_prefix_path.ps1'
[1.014s] INFO:colcon.colcon_core.shell:Creating environment descriptor '/repo/ws/install/share/drone_sim/hook/cmake_prefix_path.dsv'
[1.015s] INFO:colcon.colcon_core.shell:Creating environment hook '/repo/ws/install/share/drone_sim/hook/cmake_prefix_path.sh'
[1.016s] Level 1:colcon.colcon_core.environment:checking '/repo/ws/install/lib'
[1.016s] Level 1:colcon.colcon_core.shell:create_environment_hook('drone_sim', 'ld_library_path_lib')
[1.017s] INFO:colcon.colcon_core.shell:Creating environment hook '/repo/ws/install/share/drone_sim/hook/ld_library_path_lib.ps1'
[1.017s] INFO:colcon.colcon_core.shell:Creating environment descriptor '/repo/ws/install/share/drone_sim/hook/ld_library_path_lib.dsv'
[1.019s] INFO:colcon.colcon_core.shell:Creating environment hook '/repo/ws/install/share/drone_sim/hook/ld_library_path_lib.sh'
[1.020s] Level 1:colcon.colcon_core.environment:checking '/repo/ws/install/bin'
[1.020s] Level 1:colcon.colcon_core.environment:checking '/repo/ws/install/lib/pkgconfig/drone_sim.pc'
[1.020s] Level 1:colcon.colcon_core.environment:checking '/repo/ws/install/lib/python3.12/site-packages'
[1.021s] Level 1:colcon.colcon_core.shell:create_environment_hook('drone_sim', 'pythonpath')
[1.021s] INFO:colcon.colcon_core.shell:Creating environment hook '/repo/ws/install/share/drone_sim/hook/pythonpath.ps1'
[1.022s] INFO:colcon.colcon_core.shell:Creating environment descriptor '/repo/ws/install/share/drone_sim/hook/pythonpath.dsv'
[1.022s] INFO:colcon.colcon_core.shell:Creating environment hook '/repo/ws/install/share/drone_sim/hook/pythonpath.sh'
[1.024s] Level 1:colcon.colcon_core.environment:checking '/repo/ws/install/bin'
[1.024s] INFO:colcon.colcon_core.shell:Creating package script '/repo/ws/install/share/drone_sim/package.ps1'
[1.025s] INFO:colcon.colcon_core.shell:Creating package descriptor '/repo/ws/install/share/drone_sim/package.dsv'
[1.028s] INFO:colcon.colcon_core.shell:Creating package script '/repo/ws/install/share/drone_sim/package.sh'
[1.032s] INFO:colcon.colcon_core.shell:Creating package script '/repo/ws/install/share/drone_sim/package.bash'
[1.033s] INFO:colcon.colcon_core.shell:Creating package script '/repo/ws/install/share/drone_sim/package.zsh'
[1.035s] Level 1:colcon.colcon_core.environment:create_file_with_runtime_dependencies(/repo/ws/install/share/colcon-core/packages/drone_sim)
[1.036s] Level 1:colcon.colcon_core.environment:create_environment_scripts_only(drone_sim)
[1.040s] Level 1:colcon.colcon_core.environment:checking '/repo/ws/install' for CMake module files
[1.041s] Level 1:colcon.colcon_core.environment:checking '/repo/ws/install' for CMake config files
[1.070s] Level 1:colcon.colcon_core.shell:create_environment_hook('drone_sim', 'cmake_prefix_path')
[1.070s] INFO:colcon.colcon_core.shell:Creating environment hook '/repo/ws/install/share/drone_sim/hook/cmake_prefix_path.ps1'
[1.071s] INFO:colcon.colcon_core.shell:Creating environment descriptor '/repo/ws/install/share/drone_sim/hook/cmake_prefix_path.dsv'
[1.072s] INFO:colcon.colcon_core.shell:Creating environment hook '/repo/ws/install/share/drone_sim/hook/cmake_prefix_path.sh'
[1.074s] Level 1:colcon.colcon_core.environment:checking '/repo/ws/install/lib'
[1.075s] Level 1:colcon.colcon_core.shell:create_environment_hook('drone_sim', 'ld_library_path_lib')
[1.076s] INFO:colcon.colcon_core.shell:Creating environment hook '/repo/ws/install/share/drone_sim/hook/ld_library_path_lib.ps1'
[1.077s] INFO:colcon.colcon_core.shell:Creating environment descriptor '/repo/ws/install/share/drone_sim/hook/ld_library_path_lib.dsv'
[1.081s] INFO:colcon.colcon_core.shell:Creating environment hook '/repo/ws/install/share/drone_sim/hook/ld_library_path_lib.sh'
[1.084s] Level 1:colcon.colcon_core.environment:checking '/repo/ws/install/bin'
[1.085s] Level 1:colcon.colcon_core.environment:checking '/repo/ws/install/lib/pkgconfig/drone_sim.pc'
[1.086s] Level 1:colcon.colcon_core.environment:checking '/repo/ws/install/lib/python3.12/site-packages'
[1.087s] Level 1:colcon.colcon_core.shell:create_environment_hook('drone_sim', 'pythonpath')
[1.087s] INFO:colcon.colcon_core.shell:Creating environment hook '/repo/ws/install/share/drone_sim/hook/pythonpath.ps1'
[1.088s] INFO:colcon.colcon_core.shell:Creating environment descriptor '/repo/ws/install/share/drone_sim/hook/pythonpath.dsv'
[1.092s] INFO:colcon.colcon_core.shell:Creating environment hook '/repo/ws/install/share/drone_sim/hook/pythonpath.sh'
[1.095s] Level 1:colcon.colcon_core.environment:checking '/repo/ws/install/bin'
[1.097s] INFO:colcon.colcon_core.shell:Creating package script '/repo/ws/install/share/drone_sim/package.ps1'
[1.099s] INFO:colcon.colcon_core.shell:Creating package descriptor '/repo/ws/install/share/drone_sim/package.dsv'
[1.100s] INFO:colcon.colcon_core.shell:Creating package script '/repo/ws/install/share/drone_sim/package.sh'
[1.102s] INFO:colcon.colcon_core.shell:Creating package script '/repo/ws/install/share/drone_sim/package.bash'
[1.102s] INFO:colcon.colcon_core.shell:Creating package script '/repo/ws/install/share/drone_sim/package.zsh'
[1.104s] Level 1:colcon.colcon_core.environment:create_file_with_runtime_dependencies(/repo/ws/install/share/colcon-core/packages/drone_sim)
[1.658s] DEBUG:colcon.colcon_core.event_handler.log_command:Invoking command in '/repo/ws/build/offboard_demo': PYTHONPATH=/repo/ws/build/offboard_demo/prefix_override:/usr/lib/python3/dist-packages/colcon_core/task/python/colcon_distutils_commands:/repo/ws/install/lib/python3.12/site-packages:${PYTHONPATH} /usr/bin/python3 -W ignore:setup.py install is deprecated -W ignore:easy_install command is deprecated setup.py develop --editable --build-directory /repo/ws/build/offboard_demo/build --no-deps symlink_data
[2.525s] Level 1:colcon.colcon_core.shell:create_environment_hook('offboard_demo', 'pythonpath_develop')
[2.526s] DEBUG:colcon.colcon_core.event_handler.log_command:Invoked command in '/repo/ws/build/offboard_demo' returned '0': PYTHONPATH=/repo/ws/build/offboard_demo/prefix_override:/usr/lib/python3/dist-packages/colcon_core/task/python/colcon_distutils_commands:/repo/ws/install/lib/python3.12/site-packages:${PYTHONPATH} /usr/bin/python3 -W ignore:setup.py install is deprecated -W ignore:easy_install command is deprecated setup.py develop --editable --build-directory /repo/ws/build/offboard_demo/build --no-deps symlink_data
[2.526s] INFO:colcon.colcon_core.shell:Creating environment hook '/repo/ws/build/offboard_demo/share/offboard_demo/hook/pythonpath_develop.ps1'
[2.527s] INFO:colcon.colcon_core.shell:Creating environment descriptor '/repo/ws/build/offboard_demo/share/offboard_demo/hook/pythonpath_develop.dsv'
[2.527s] INFO:colcon.colcon_core.shell:Creating environment hook '/repo/ws/build/offboard_demo/share/offboard_demo/hook/pythonpath_develop.sh'
[2.528s] Level 1:colcon.colcon_core.environment:checking '/repo/ws/install' for CMake module files
[2.529s] Level 1:colcon.colcon_core.environment:checking '/repo/ws/install' for CMake config files
[2.538s] Level 1:colcon.colcon_core.shell:create_environment_hook('offboard_demo', 'cmake_prefix_path')
[2.539s] INFO:colcon.colcon_core.shell:Creating environment hook '/repo/ws/install/share/offboard_demo/hook/cmake_prefix_path.ps1'
[2.539s] INFO:colcon.colcon_core.shell:Creating environment descriptor '/repo/ws/install/share/offboard_demo/hook/cmake_prefix_path.dsv'
[2.540s] INFO:colcon.colcon_core.shell:Creating environment hook '/repo/ws/install/share/offboard_demo/hook/cmake_prefix_path.sh'
[2.541s] Level 1:colcon.colcon_core.environment:checking '/repo/ws/install/lib'
[2.541s] Level 1:colcon.colcon_core.shell:create_environment_hook('offboard_demo', 'ld_library_path_lib')
[2.541s] INFO:colcon.colcon_core.shell:Creating environment hook '/repo/ws/install/share/offboard_demo/hook/ld_library_path_lib.ps1'
[2.542s] INFO:colcon.colcon_core.shell:Creating environment descriptor '/repo/ws/install/share/offboard_demo/hook/ld_library_path_lib.dsv'
[2.543s] INFO:colcon.colcon_core.shell:Creating environment hook '/repo/ws/install/share/offboard_demo/hook/ld_library_path_lib.sh'
[2.543s] Level 1:colcon.colcon_core.environment:checking '/repo/ws/install/bin'
[2.543s] Level 1:colcon.colcon_core.environment:checking '/repo/ws/install/lib/pkgconfig/offboard_demo.pc'
[2.544s] Level 1:colcon.colcon_core.environment:checking '/repo/ws/install/lib/python3.12/site-packages'
[2.544s] Level 1:colcon.colcon_core.shell:create_environment_hook('offboard_demo', 'pythonpath')
[2.544s] INFO:colcon.colcon_core.shell:Creating environment hook '/repo/ws/install/share/offboard_demo/hook/pythonpath.ps1'
[2.545s] INFO:colcon.colcon_core.shell:Creating environment descriptor '/repo/ws/install/share/offboard_demo/hook/pythonpath.dsv'
[2.546s] INFO:colcon.colcon_core.shell:Creating environment hook '/repo/ws/install/share/offboard_demo/hook/pythonpath.sh'
[2.547s] Level 1:colcon.colcon_core.environment:checking '/repo/ws/install/bin'
[2.547s] Level 1:colcon.colcon_core.environment:create_environment_scripts_only(offboard_demo)
[2.548s] INFO:colcon.colcon_core.shell:Creating package script '/repo/ws/install/share/offboard_demo/package.ps1'
[2.549s] INFO:colcon.colcon_core.shell:Creating package descriptor '/repo/ws/install/share/offboard_demo/package.dsv'
[2.549s] INFO:colcon.colcon_core.shell:Creating package script '/repo/ws/install/share/offboard_demo/package.sh'
[2.550s] INFO:colcon.colcon_core.shell:Creating package script '/repo/ws/install/share/offboard_demo/package.bash'
[2.551s] INFO:colcon.colcon_core.shell:Creating package script '/repo/ws/install/share/offboard_demo/package.zsh'
[2.551s] Level 1:colcon.colcon_core.environment:create_file_with_runtime_dependencies(/repo/ws/install/share/colcon-core/packages/offboard_demo)
[3.603s] DEBUG:colcon.colcon_core.event_handler.log_command:Invoked command in '/repo/ws/build/px4' returned '0': CMAKE_PREFIX_PATH=${CMAKE_PREFIX_PATH}:/opt/ros/jazzy /usr/bin/cmake --build /repo/ws/build/px4 -- -j4 -l4
[3.605s] DEBUG:colcon.colcon_core.event_handler.log_command:Invoking command in '/repo/ws/build/px4': CMAKE_PREFIX_PATH=${CMAKE_PREFIX_PATH}:/opt/ros/jazzy /usr/bin/cmake --install /repo/ws/build/px4
[4.649s] Level 1:colcon.colcon_core.environment:create_environment_scripts_only(px4)
[4.649s] Level 1:colcon.colcon_core.environment:checking '/repo/ws/install' for CMake module files
[4.649s] DEBUG:colcon.colcon_core.event_handler.log_command:Invoked command in '/repo/ws/build/px4' returned '0': CMAKE_PREFIX_PATH=${CMAKE_PREFIX_PATH}:/opt/ros/jazzy /usr/bin/cmake --install /repo/ws/build/px4
[4.650s] Level 1:colcon.colcon_core.environment:checking '/repo/ws/install' for CMake config files
[4.658s] Level 1:colcon.colcon_core.shell:create_environment_hook('px4', 'cmake_prefix_path')
[4.659s] INFO:colcon.colcon_core.shell:Creating environment hook '/repo/ws/install/share/px4/hook/cmake_prefix_path.ps1'
[4.659s] INFO:colcon.colcon_core.shell:Creating environment descriptor '/repo/ws/install/share/px4/hook/cmake_prefix_path.dsv'
[4.660s] INFO:colcon.colcon_core.shell:Creating environment hook '/repo/ws/install/share/px4/hook/cmake_prefix_path.sh'
[4.660s] Level 1:colcon.colcon_core.environment:checking '/repo/ws/install/lib'
[4.660s] Level 1:colcon.colcon_core.shell:create_environment_hook('px4', 'ld_library_path_lib')
[4.661s] INFO:colcon.colcon_core.shell:Creating environment hook '/repo/ws/install/share/px4/hook/ld_library_path_lib.ps1'
[4.661s] INFO:colcon.colcon_core.shell:Creating environment descriptor '/repo/ws/install/share/px4/hook/ld_library_path_lib.dsv'
[4.661s] INFO:colcon.colcon_core.shell:Creating environment hook '/repo/ws/install/share/px4/hook/ld_library_path_lib.sh'
[4.662s] Level 1:colcon.colcon_core.environment:checking '/repo/ws/install/bin'
[4.662s] Level 1:colcon.colcon_core.environment:checking '/repo/ws/install/lib/pkgconfig/px4.pc'
[4.662s] Level 1:colcon.colcon_core.environment:checking '/repo/ws/install/lib/python3.12/site-packages'
[4.662s] Level 1:colcon.colcon_core.shell:create_environment_hook('px4', 'pythonpath')
[4.663s] INFO:colcon.colcon_core.shell:Creating environment hook '/repo/ws/install/share/px4/hook/pythonpath.ps1'
[4.663s] INFO:colcon.colcon_core.shell:Creating environment descriptor '/repo/ws/install/share/px4/hook/pythonpath.dsv'
[4.663s] INFO:colcon.colcon_core.shell:Creating environment hook '/repo/ws/install/share/px4/hook/pythonpath.sh'
[4.664s] Level 1:colcon.colcon_core.environment:checking '/repo/ws/install/bin'
[4.664s] INFO:colcon.colcon_core.shell:Creating package script '/repo/ws/install/share/px4/package.ps1'
[4.665s] INFO:colcon.colcon_core.shell:Creating package descriptor '/repo/ws/install/share/px4/package.dsv'
[4.666s] INFO:colcon.colcon_core.shell:Creating package script '/repo/ws/install/share/px4/package.sh'
[4.666s] INFO:colcon.colcon_core.shell:Creating package script '/repo/ws/install/share/px4/package.bash'
[4.667s] INFO:colcon.colcon_core.shell:Creating package script '/repo/ws/install/share/px4/package.zsh'
[4.667s] Level 1:colcon.colcon_core.environment:create_file_with_runtime_dependencies(/repo/ws/install/share/colcon-core/packages/px4)
[4.668s] Level 1:colcon.colcon_core.environment:create_environment_scripts_only(px4)
[4.669s] Level 1:colcon.colcon_core.environment:checking '/repo/ws/install' for CMake module files
[4.669s] Level 1:colcon.colcon_core.environment:checking '/repo/ws/install' for CMake config files
[4.678s] Level 1:colcon.colcon_core.shell:create_environment_hook('px4', 'cmake_prefix_path')
[4.678s] INFO:colcon.colcon_core.shell:Creating environment hook '/repo/ws/install/share/px4/hook/cmake_prefix_path.ps1'
[4.679s] INFO:colcon.colcon_core.shell:Creating environment descriptor '/repo/ws/install/share/px4/hook/cmake_prefix_path.dsv'
[4.679s] INFO:colcon.colcon_core.shell:Creating environment hook '/repo/ws/install/share/px4/hook/cmake_prefix_path.sh'
[4.680s] Level 1:colcon.colcon_core.environment:checking '/repo/ws/install/lib'
[4.680s] Level 1:colcon.colcon_core.shell:create_environment_hook('px4', 'ld_library_path_lib')
[4.680s] INFO:colcon.colcon_core.shell:Creating environment hook '/repo/ws/install/share/px4/hook/ld_library_path_lib.ps1'
[4.680s] INFO:colcon.colcon_core.shell:Creating environment descriptor '/repo/ws/install/share/px4/hook/ld_library_path_lib.dsv'
[4.681s] INFO:colcon.colcon_core.shell:Creating environment hook '/repo/ws/install/share/px4/hook/ld_library_path_lib.sh'
[4.681s] Level 1:colcon.colcon_core.environment:checking '/repo/ws/install/bin'
[4.681s] Level 1:colcon.colcon_core.environment:checking '/repo/ws/install/lib/pkgconfig/px4.pc'
[4.682s] Level 1:colcon.colcon_core.environment:checking '/repo/ws/install/lib/python3.12/site-packages'
[4.682s] Level 1:colcon.colcon_core.shell:create_environment_hook('px4', 'pythonpath')
[4.682s] INFO:colcon.colcon_core.shell:Creating environment hook '/repo/ws/install/share/px4/hook/pythonpath.ps1'
[4.682s] INFO:colcon.colcon_core.shell:Creating environment descriptor '/repo/ws/install/share/px4/hook/pythonpath.dsv'
[4.683s] INFO:colcon.colcon_core.shell:Creating environment hook '/repo/ws/install/share/px4/hook/pythonpath.sh'
[4.684s] Level 1:colcon.colcon_core.environment:checking '/repo/ws/install/bin'
[4.684s] INFO:colcon.colcon_core.shell:Creating package script '/repo/ws/install/share/px4/package.ps1'
[4.685s] INFO:colcon.colcon_core.shell:Creating package descriptor '/repo/ws/install/share/px4/package.dsv'
[4.685s] INFO:colcon.colcon_core.shell:Creating package script '/repo/ws/install/share/px4/package.sh'
[4.686s] INFO:colcon.colcon_core.shell:Creating package script '/repo/ws/install/share/px4/package.bash'
[4.686s] INFO:colcon.colcon_core.shell:Creating package script '/repo/ws/install/share/px4/package.zsh'
[4.687s] Level 1:colcon.colcon_core.environment:create_file_with_runtime_dependencies(/repo/ws/install/share/colcon-core/packages/px4)
[5.157s] DEBUG:colcon.colcon_core.event_handler.log_command:Invoked command in '/repo/ws/build/px4_msgs' returned '0': CMAKE_PREFIX_PATH=${CMAKE_PREFIX_PATH}:/opt/ros/jazzy /usr/bin/cmake --build /repo/ws/build/px4_msgs -- -j4 -l4
[5.159s] DEBUG:colcon.colcon_core.event_handler.log_command:Invoking command in '/repo/ws/build/px4_msgs': CMAKE_PREFIX_PATH=${CMAKE_PREFIX_PATH}:/opt/ros/jazzy /usr/bin/cmake --install /repo/ws/build/px4_msgs
[6.353s] Level 1:colcon.colcon_core.environment:create_environment_scripts_only(px4_msgs)
[6.354s] Level 1:colcon.colcon_core.environment:checking '/repo/ws/install' for CMake module files
[6.354s] DEBUG:colcon.colcon_core.event_handler.log_command:Invoked command in '/repo/ws/build/px4_msgs' returned '0': CMAKE_PREFIX_PATH=${CMAKE_PREFIX_PATH}:/opt/ros/jazzy /usr/bin/cmake --install /repo/ws/build/px4_msgs
[6.355s] Level 1:colcon.colcon_core.environment:checking '/repo/ws/install' for CMake config files
[6.369s] Level 1:colcon.colcon_core.shell:create_environment_hook('px4_msgs', 'cmake_prefix_path')
[6.369s] INFO:colcon.colcon_core.shell:Creating environment hook '/repo/ws/install/share/px4_msgs/hook/cmake_prefix_path.ps1'
[6.373s] INFO:colcon.colcon_core.shell:Creating environment descriptor '/repo/ws/install/share/px4_msgs/hook/cmake_prefix_path.dsv'
[6.374s] INFO:colcon.colcon_core.shell:Creating environment hook '/repo/ws/install/share/px4_msgs/hook/cmake_prefix_path.sh'
[6.374s] Level 1:colcon.colcon_core.environment:checking '/repo/ws/install/lib'
[6.375s] Level 1:colcon.colcon_core.shell:create_environment_hook('px4_msgs', 'ld_library_path_lib')
[6.375s] INFO:colcon.colcon_core.shell:Creating environment hook '/repo/ws/install/share/px4_msgs/hook/ld_library_path_lib.ps1'
[6.375s] INFO:colcon.colcon_core.shell:Creating environment descriptor '/repo/ws/install/share/px4_msgs/hook/ld_library_path_lib.dsv'
[6.376s] INFO:colcon.colcon_core.shell:Creating environment hook '/repo/ws/install/share/px4_msgs/hook/ld_library_path_lib.sh'
[6.376s] Level 1:colcon.colcon_core.environment:checking '/repo/ws/install/bin'
[6.376s] Level 1:colcon.colcon_core.environment:checking '/repo/ws/install/lib/pkgconfig/px4_msgs.pc'
[6.376s] Level 1:colcon.colcon_core.environment:checking '/repo/ws/install/lib/python3.12/site-packages'
[6.377s] Level 1:colcon.colcon_core.shell:create_environment_hook('px4_msgs', 'pythonpath')
[6.377s] INFO:colcon.colcon_core.shell:Creating environment hook '/repo/ws/install/share/px4_msgs/hook/pythonpath.ps1'
[6.377s] INFO:colcon.colcon_core.shell:Creating environment descriptor '/repo/ws/install/share/px4_msgs/hook/pythonpath.dsv'
[6.378s] INFO:colcon.colcon_core.shell:Creating environment hook '/repo/ws/install/share/px4_msgs/hook/pythonpath.sh'
[6.379s] Level 1:colcon.colcon_core.environment:checking '/repo/ws/install/bin'
[6.379s] INFO:colcon.colcon_core.shell:Creating package script '/repo/ws/install/share/px4_msgs/package.ps1'
[6.380s] INFO:colcon.colcon_core.shell:Creating package descriptor '/repo/ws/install/share/px4_msgs/package.dsv'
[6.381s] INFO:colcon.colcon_core.shell:Creating package script '/repo/ws/install/share/px4_msgs/package.sh'
[6.383s] INFO:colcon.colcon_core.shell:Creating package script '/repo/ws/install/share/px4_msgs/package.bash'
[6.383s] INFO:colcon.colcon_core.shell:Creating package script '/repo/ws/install/share/px4_msgs/package.zsh'
[6.384s] Level 1:colcon.colcon_core.environment:create_file_with_runtime_dependencies(/repo/ws/install/share/colcon-core/packages/px4_msgs)
[6.384s] Level 1:colcon.colcon_core.environment:create_environment_scripts_only(px4_msgs)
[6.385s] Level 1:colcon.colcon_core.environment:checking '/repo/ws/install' for CMake module files
[6.385s] Level 1:colcon.colcon_core.environment:checking '/repo/ws/install' for CMake config files
[6.397s] Level 1:colcon.colcon_core.shell:create_environment_hook('px4_msgs', 'cmake_prefix_path')
[6.397s] INFO:colcon.colcon_core.shell:Creating environment hook '/repo/ws/install/share/px4_msgs/hook/cmake_prefix_path.ps1'
[6.398s] INFO:colcon.colcon_core.shell:Creating environment descriptor '/repo/ws/install/share/px4_msgs/hook/cmake_prefix_path.dsv'
[6.398s] INFO:colcon.colcon_core.shell:Creating environment hook '/repo/ws/install/share/px4_msgs/hook/cmake_prefix_path.sh'
[6.399s] Level 1:colcon.colcon_core.environment:checking '/repo/ws/install/lib'
[6.399s] Level 1:colcon.colcon_core.shell:create_environment_hook('px4_msgs', 'ld_library_path_lib')
[6.399s] INFO:colcon.colcon_core.shell:Creating environment hook '/repo/ws/install/share/px4_msgs/hook/ld_library_path_lib.ps1'
[6.400s] INFO:colcon.colcon_core.shell:Creating environment descriptor '/repo/ws/install/share/px4_msgs/hook/ld_library_path_lib.dsv'
[6.400s] INFO:colcon.colcon_core.shell:Creating environment hook '/repo/ws/install/share/px4_msgs/hook/ld_library_path_lib.sh'
[6.401s] Level 1:colcon.colcon_core.environment:checking '/repo/ws/install/bin'
[6.401s] Level 1:colcon.colcon_core.environment:checking '/repo/ws/install/lib/pkgconfig/px4_msgs.pc'
[6.401s] Level 1:colcon.colcon_core.environment:checking '/repo/ws/install/lib/python3.12/site-packages'
[6.401s] Level 1:colcon.colcon_core.shell:create_environment_hook('px4_msgs', 'pythonpath')
[6.402s] INFO:colcon.colcon_core.shell:Creating environment hook '/repo/ws/install/share/px4_msgs/hook/pythonpath.ps1'
[6.402s] INFO:colcon.colcon_core.shell:Creating environment descriptor '/repo/ws/install/share/px4_msgs/hook/pythonpath.dsv'
[6.403s] INFO:colcon.colcon_core.shell:Creating environment hook '/repo/ws/install/share/px4_msgs/hook/pythonpath.sh'
[6.403s] Level 1:colcon.colcon_core.environment:checking '/repo/ws/install/bin'
[6.404s] INFO:colcon.colcon_core.shell:Creating package script '/repo/ws/install/share/px4_msgs/package.ps1'
[6.404s] INFO:colcon.colcon_core.shell:Creating package descriptor '/repo/ws/install/share/px4_msgs/package.dsv'
[6.405s] INFO:colcon.colcon_core.shell:Creating package script '/repo/ws/install/share/px4_msgs/package.sh'
[6.406s] INFO:colcon.colcon_core.shell:Creating package script '/repo/ws/install/share/px4_msgs/package.bash'
[6.406s] INFO:colcon.colcon_core.shell:Creating package script '/repo/ws/install/share/px4_msgs/package.zsh'
[6.407s] Level 1:colcon.colcon_core.environment:create_file_with_runtime_dependencies(/repo/ws/install/share/colcon-core/packages/px4_msgs)
[6.407s] DEBUG:colcon.colcon_parallel_executor.executor.parallel:closing loop
[6.408s] DEBUG:colcon.colcon_parallel_executor.executor.parallel:loop closed
[6.409s] DEBUG:colcon.colcon_parallel_executor.executor.parallel:run_until_complete finished with '0'
[6.409s] DEBUG:colcon.colcon_core.event_reactor:joining thread
[6.429s] INFO:colcon.colcon_core.plugin_system:Skipping extension 'colcon_notification.desktop_notification.notify_send': Could not find 'notify-send'
[6.430s] INFO:colcon.colcon_core.plugin_system:Skipping extension 'colcon_notification.desktop_notification.terminal_notifier': Not used on non-Darwin systems
[6.430s] INFO:colcon.colcon_core.plugin_system:Skipping extension 'colcon_notification.desktop_notification.win32': Not used on non-Windows systems
[6.430s] INFO:colcon.colcon_notification.desktop_notification:Sending desktop notification using 'notify2'
[6.430s] DEBUG:colcon.colcon_notification.desktop_notification.notify2:Failed to initialize notify2: org.freedesktop.DBus.Error.NotSupported: Unable to autolaunch a dbus-daemon without a $DISPLAY for X11
[6.430s] DEBUG:colcon.colcon_core.event_reactor:joined thread
[6.431s] INFO:colcon.colcon_core.shell:Creating prefix script '/repo/ws/install/local_setup.ps1'
[6.432s] INFO:colcon.colcon_core.shell:Creating prefix util module '/repo/ws/install/_local_setup_util_ps1.py'
[6.435s] INFO:colcon.colcon_core.shell:Creating prefix chain script '/repo/ws/install/setup.ps1'
[6.436s] INFO:colcon.colcon_core.shell:Creating prefix script '/repo/ws/install/local_setup.sh'
[6.437s] INFO:colcon.colcon_core.shell:Creating prefix util module '/repo/ws/install/_local_setup_util_sh.py'
[6.439s] INFO:colcon.colcon_core.shell:Creating prefix chain script '/repo/ws/install/setup.sh'
[6.444s] INFO:colcon.colcon_core.shell:Creating prefix script '/repo/ws/install/local_setup.bash'
[6.445s] INFO:colcon.colcon_core.shell:Creating prefix chain script '/repo/ws/install/setup.bash'
[6.447s] INFO:colcon.colcon_core.shell:Creating prefix script '/repo/ws/install/local_setup.zsh'
[6.448s] INFO:colcon.colcon_core.shell:Creating prefix chain script '/repo/ws/install/setup.zsh'
